Archive member included to satisfy reference by file (symbol)

C:/devkitPro/nitro-engine/lib\libNE.a(NE2D.o)
                              main.o (NE_SpriteCreate)
C:/devkitPro/nitro-engine/lib\libNE.a(NECamera.o)
                              main.o (NE_CameraCreate)
C:/devkitPro/nitro-engine/lib\libNE.a(NEFormats.o)
                              main.o (NE_MaterialTexLoadBMPtoRGB256)
C:/devkitPro/nitro-engine/lib\libNE.a(NEGeneral.o)
                              gun.o (NE_SetFov)
C:/devkitPro/nitro-engine/lib\libNE.a(NEModel.o)
                              collisions.o (NE_ModelCreate)
C:/devkitPro/nitro-engine/lib\libNE.a(NEPalette.o)
                              main.o (NE_PaletteCreate)
C:/devkitPro/nitro-engine/lib\libNE.a(NEPhysics.o)
                              collisions.o (NE_PhysicsCreate)
C:/devkitPro/nitro-engine/lib\libNE.a(NEPolygon.o)
                              C:/devkitPro/nitro-engine/lib\libNE.a(NEGeneral.o) (NE_LightOff)
C:/devkitPro/nitro-engine/lib\libNE.a(NEText.o)
                              C:/devkitPro/nitro-engine/lib\libNE.a(NEGeneral.o) (NE_TextPriorityReset)
C:/devkitPro/nitro-engine/lib\libNE.a(NETexture.o)
                              main.o (NE_MaterialCreate)
C:/devkitPro/nitro-engine/lib\libNE.a(NEAlloc.o)
                              C:/devkitPro/nitro-engine/lib\libNE.a(NEPalette.o) (NE_AllocInit)
C:/devkitPro/nitro-engine/lib\libNE.a(NEFAT.o)
                              C:/devkitPro/nitro-engine/lib\libNE.a(NEFormats.o) (NE_FATLoadData)
C:/devkitPro/nitro-engine/lib\libNE.a(NEGUI.o)
                              C:/devkitPro/nitro-engine/lib\libNE.a(NEGeneral.o) (NE_GUIUpdate)
C:/devkitPro/libnds/lib\libfat.a(libfat.o)
                              main.o (fatInitDefault)
C:/devkitPro/libnds/lib\libfat.a(disc.o)
                              C:/devkitPro/libnds/lib\libfat.a(libfat.o) (_FAT_disc_interfaces)
C:/devkitPro/libnds/lib\libfat.a(fatfile.o)
                              C:/devkitPro/libnds/lib\libfat.a(libfat.o) (_FAT_open_r)
C:/devkitPro/libnds/lib\libfat.a(cache.o)
                              C:/devkitPro/libnds/lib\libfat.a(fatfile.o) (_FAT_cache_readSectors)
C:/devkitPro/libnds/lib\libfat.a(fatdir.o)
                              C:/devkitPro/libnds/lib\libfat.a(libfat.o) (_FAT_stat_r)
C:/devkitPro/libnds/lib\libfat.a(directory.o)
                              C:/devkitPro/libnds/lib\libfat.a(fatfile.o) (_FAT_directory_entryGetCluster)
C:/devkitPro/libnds/lib\libfat.a(partition.o)
                              C:/devkitPro/libnds/lib\libfat.a(libfat.o) (_FAT_partition_destructor)
C:/devkitPro/libnds/lib\libfat.a(lock.o)
                              C:/devkitPro/libnds/lib\libfat.a(partition.o) (_FAT_lock_init)
C:/devkitPro/libnds/lib\libfat.a(filetime.o)
                              C:/devkitPro/libnds/lib\libfat.a(fatfile.o) (_FAT_filetime_getTimeFromRTC)
C:/devkitPro/libnds/lib\libfat.a(file_allocation_table.o)
                              C:/devkitPro/libnds/lib\libfat.a(fatfile.o) (_FAT_fat_nextCluster)
C:/devkitPro/libnds/lib\libdswifi9.a(sgIP_DNS.o)
                              network.o (inet_ntoa)
C:/devkitPro/libnds/lib\libdswifi9.a(sgIP_Hub.o)
                              C:/devkitPro/libnds/lib\libdswifi9.a(sgIP_DNS.o) (sgIP_Hub_GetDefaultInterface)
C:/devkitPro/libnds/lib\libdswifi9.a(sgIP_memblock.o)
                              C:/devkitPro/libnds/lib\libdswifi9.a(sgIP_Hub.o) (sgIP_memblock_free)
C:/devkitPro/libnds/lib\libdswifi9.a(sgIP_sockets.o)
                              main.o (socket)
C:/devkitPro/libnds/lib\libdswifi9.a(wifi_arm9.o)
                              C:/devkitPro/libnds/lib\libdswifi9.a(sgIP_DNS.o) (sgIP_IntrWaitEvent)
C:/devkitPro/libnds/lib\libdswifi9.a(sgIP_ARP.o)
                              C:/devkitPro/libnds/lib\libdswifi9.a(wifi_arm9.o) (sgIP_ARP_FlushInterface)
C:/devkitPro/libnds/lib\libdswifi9.a(sgIP.o)
                              C:/devkitPro/libnds/lib\libdswifi9.a(wifi_arm9.o) (sgIP_Init)
C:/devkitPro/libnds/lib\libdswifi9.a(sgIP_UDP.o)
                              C:/devkitPro/libnds/lib\libdswifi9.a(sgIP.o) (sgIP_UDP_Init)
C:/devkitPro/libnds/lib\libdswifi9.a(sgIP_DHCP.o)
                              C:/devkitPro/libnds/lib\libdswifi9.a(sgIP.o) (sgIP_DHCP_Init)
C:/devkitPro/libnds/lib\libdswifi9.a(spinlock.o)
                              C:/devkitPro/libnds/lib\libdswifi9.a(wifi_arm9.o) (SLasm_Acquire)
C:/devkitPro/libnds/lib\libdswifi9.a(sgIP_TCP.o)
                              C:/devkitPro/libnds/lib\libdswifi9.a(sgIP.o) (sgIP_TCP_Init)
C:/devkitPro/libnds/lib\libdswifi9.a(sgIP_IP.o)
                              C:/devkitPro/libnds/lib\libdswifi9.a(sgIP.o) (sgIP_IP_ReceivePacket)
C:/devkitPro/libnds/lib\libdswifi9.a(sgIP_ICMP.o)
                              C:/devkitPro/libnds/lib\libdswifi9.a(sgIP_IP.o) (sgIP_ICMP_ReceivePacket)
C:/devkitPro/libnds/lib\libmm9.a(mm_soundbank.o)
                              sounds.o (mmSoundBankInFiles)
[...]
Memory Configuration

Name             Origin             Length             Attributes
ewram            0x0000000002000000 0x0000000000380000
dtcm             0x0000000002ff0000 0x0000000000004000
vectors          0x0000000001000000 0x0000000000000100
itcm             0x0000000001000100 0x0000000000007f00
*default*        0x0000000000000000 0xffffffffffffffff

Linker script and memory map

                0x0000000002380000                __ewram_end = (ORIGIN (ewram) + LENGTH (ewram))
                0x0000000002380000                __eheap_end = (ORIGIN (ewram) + LENGTH (ewram))
                0x0000000002ff4000                __dtcm_top = (ORIGIN (dtcm) + LENGTH (dtcm))
                0x0000000002ff3ff8                __irq_flags = (__dtcm_top - 0x8)
                0x0000000002ff3ffc                __irq_vector = (__dtcm_top - 0x4)
                0x0000000002ff3f00                __sp_svc = (__dtcm_top - 0x100)
                0x0000000002ff3e00                __sp_irq = (__sp_svc - 0x100)
                0x0000000002ff3d00                __sp_usr = (__sp_irq - 0x100)

.secure         0x0000000002000000      0x800
 *(.secure)
 .secure        0x0000000002000000      0x800 C:/devkitPro/libnds/lib\libnds9.a(securearea.o)
                0x0000000002000000                __secure_area__

.crt0           0x0000000002000800      0x300
                0x0000000002000800                __text_start = .
 *(.crt0)
 .crt0          0x0000000002000800      0x300 c:/devkitpro/devkitarm/bin/../lib/gcc/arm-none-eabi/11.1.0/../../../../arm-none-eabi/lib/thumb/ds_arm9_crt0.o
                0x0000000002000800                _start
                0x0000000002000b00                . = ALIGN (0x4)

.plt
 *(.plt)

.init           0x0000000002000b00        0xc
 *(SORT_NONE(.init))
 .init          0x0000000002000b00        0x4 c:/devkitpro/devkitarm/bin/../lib/gcc/arm-none-eabi/11.1.0/thumb/crti.o
                0x0000000002000b00                _init
 .init          0x0000000002000b04        0x8 c:/devkitpro/devkitarm/bin/../lib/gcc/arm-none-eabi/11.1.0/thumb/crtn.o

.text           0x0000000002000b40    0x45310
 *(EXCLUDE_FILE(*.twl* *.vectors* *.itcm*) .text)
 .text          0x0000000002000b40     0x1640 ai.o
                0x0000000002000b40                setBotsNames
                0x0000000002000bec                ResetTakenBotsNames
                0x0000000002000c00                CreateWaypoints
                0x0000000002001784                GetWaypoints
                0x000000000200178c                getNearestWaypoint
                0x0000000002001834                GetDistanceBewteenTwoPlayers
                0x00000000020018a8                CreateWaypoint
                0x00000000020018d8                CheckPathWaypoint
                0x0000000002001a14                StartChecking
                0x0000000002001a44                SetRandomDefuser
                0x0000000002001afc                SetDefuser
                0x0000000002001b8c                checkForPlayer
                0x0000000002001ee0                checkTarget
                0x00000000020020a4                checkShopForBot
 .text          0x0000000002002180     0x4dd4 collisions.o
                0x0000000002002180                CalculateAllTriggerColBoxs
                0x0000000002002884                AddAllStairs
                0x00000000020030cc                CreateStairs
                0x00000000020030f8                CalculatePlayerColBox
                0x00000000020031f0                CalculateWallColBox
                0x0000000002003278                CreateWall
                0x00000000020033b4                AddAllCollisions
                0x00000000020058f4                CalculateTriggerColBox
                0x00000000020059b0                SetBombZone
                0x0000000002005a60                SetBombDefuseZone
                0x0000000002005b08                checkPlayerOcclusionZone
                0x0000000002005bfc                CheckZones
                0x0000000002005cec                CheckStairs
                0x0000000002005f48                checkZoneForOcclusion
                0x0000000002005f70                CheckStairsForGrenades
                0x0000000002006200                prepareAiRaycast
                0x00000000020064f8                CheckWallHit
                0x000000000200690c                Raycast
                0x0000000002006c5c                sign
                0x0000000002006ca4                PointInTriangle
                0x0000000002006dec                signInt
                0x0000000002006e04                PointInTriangleInt
 .text          0x0000000002006f54      0x42c draw3d.o
                0x0000000002006f54                Draw3DScene
 .text          0x0000000002007380       0x38 equipment.o
                0x0000000002007380                AddEquipment
 .text          0x00000000020073b8      0x800 grenade.o
                0x00000000020073b8                AddGrenades
                0x0000000002007490                CreateGrenade
                0x0000000002007600                lanchGrenade
                0x00000000020076d4                DeleteGrenade
                0x0000000002007708                UpdateGrenades
 .text          0x0000000002007bb8     0x12b0 gun.o
                0x0000000002007bb8                AddGuns
                0x0000000002008c34                ReloadGun
                0x0000000002008c8c                SetAim
                0x0000000002008cf4                ResetGunAmmo
                0x0000000002008d34                ResetGunsAmmo
                0x0000000002008d88                findGun
                0x0000000002008e64                shoot
 .text          0x0000000002008e68      0x5c4 keyboard.o
                0x0000000002008e68                cancelKeyboard
                0x0000000002008e6c                makeDelete
                0x0000000002008e88                makeSpace
                0x0000000002008eac                confirmKeyboard
                0x0000000002008eb4                initKeyboard
                0x00000000020091a8                drawKeyBoard
                0x0000000002009338                readKeyboard
 .text          0x000000000200942c     0x2eb4 main.o
                0x000000000200942c                Draw3DScene2
                0x0000000002009434                error_handler
                0x000000000200943c                GetCurrentMenu
                0x0000000002009448                SetCurrentMenu
                0x0000000002009454                GetUpdateBottomScreenOneFrame
                0x0000000002009460                SetUpdateBottomScreenOneFrame
                0x000000000200946c                GetButtonToShow
                0x0000000002009478                SetButtonToShow
                0x0000000002009484                SetWaitForTeamResponse
                0x0000000002009490                GetAllGrenades
                0x0000000002009498                GetCheckBoxs
                0x00000000020094a4                GetSpritesTop
                0x00000000020094b0                GetSpritesBottom
                0x00000000020094bc                GetBottomScreenSpritesMaterials
                0x00000000020094c8                GetPalettes
                0x00000000020094d4                GetGuns
                0x00000000020094dc                GetAlwaysUpdateBottomScreen
                0x00000000020094e8                SetAlwaysUpdateBottomScreen
                0x00000000020094f4                GetNeedChangeScreen
                0x0000000002009500                GetIsDebugBottomScreen
                0x000000000200950c                SetIsDebugBottomScreen
                0x0000000002009518                GetIsDebugTopScreen
                0x0000000002009524                SetIsDebugTopScreen
                0x0000000002009530                SetNeedChangeScreen
                0x000000000200953c                SetSendTeam
                0x0000000002009548                SetTempTeam
                0x0000000002009554                GetTempTeam
                0x0000000002009560                SetPing
                0x000000000200956c                GetPing
                0x0000000002009578                SetCounterScore
                0x0000000002009584                GetCounterScore
                0x0000000002009590                SetTerroristsScore
                0x000000000200959c                GetTerroristsScore
                0x00000000020095a8                SetTextToShowTimer
                0x00000000020095b4                GetTextToShowTimer
                0x00000000020095c0                SetTextToShow
                0x00000000020095c4                GetTextToShow
                0x00000000020095d0                SetNeedJump
                0x00000000020095e0                SetSelectedGunShop
                0x00000000020095ec                GetSelectedGunShop
                0x00000000020095f8                SetCurrentCameraPlayer
                0x0000000002009604                GetCurrentCameraPlayer
                0x0000000002009610                AskUpdateLookRotation
                0x0000000002009620                SetSendBuyWeapon
                0x000000000200962c                SetNeedUpdateViewRotation
                0x0000000002009638                GetNeedUpdateViewRotation
                0x0000000002009644                SetSendPosition
                0x0000000002009650                GetSendPosition
                0x000000000200965c                SetCameraAngleY
                0x0000000002009668                GetCameraAngleY
                0x0000000002009674                GetCurrentScopeLevel
                0x0000000002009680                SetDoubleTapTimer
                0x000000000200968c                GetDoubleTapTimer
                0x0000000002009698                UpdateGunTexture
                0x0000000002009740                ChangeGunInInventory
                0x00000000020097b8                ChangeGunInInventoryForLocalPlayer
                0x0000000002009814                SetGunInInventory
                0x0000000002009880                SetGunInInventoryForNonLocalPlayer
                0x00000000020098ec                UpdatePlayerTexture
                0x0000000002009934                StopReloading
                0x0000000002009950                startReloadGun
                0x00000000020099b8                UpdateEngine
                0x0000000002009a14                buyGun
                0x0000000002009a88                setBombForARandomPlayer
                0x0000000002009bd0                addMoneyToTeam
                0x0000000002009c28                resetPlayer
                0x0000000002009d90                setNewRoundHandWeapon
                0x0000000002009e24                setPlayerHealth
                0x0000000002009ee0                map
                0x0000000002009f2c                mapInt
                0x0000000002009f44                CalculatePlayerPosition
                0x0000000002009fa0                setPlayersPositionAtSpawns
                0x000000000200a110                finishParty
                0x000000000200a13c                CheckAfterRound
                0x000000000200a270                CheckTeamDeathCount
                0x000000000200a308                checkAfterDamage
                0x000000000200a5ec                makeHit
                0x000000000200a868                GameLoop
                0x000000000200bf20                AddNewPlayer
                0x000000000200c184                StartGame
 .text          0x000000000200c2e0      0x114 map.o
                0x000000000200c2e0                AddAllSpawnPoints
                0x000000000200c394                SetAngles
                0x000000000200c3b0                AddSpawnPoint
 .text          0x000000000200c3f4      0xdac movements.o
                0x000000000200c3f4                SetPlayersForMovements
                0x000000000200c3f8                MovePlayer
                0x000000000200c544                AddAnglesToPlayer
                0x000000000200c604                RotatePlayer
                0x000000000200c6cc                UpdateLookRotation
                0x000000000200c984                UpdateLookRotationAI
                0x000000000200ca54                normalize
                0x000000000200cac4                normalize2D
                0x000000000200cb0c                normalize1D
                0x000000000200cb2c                SetOnlinelPlayersPositions
 .text          0x000000000200d1a0     0x1cd0 network.o
                0x000000000200d1a0                ReadServerListData
                0x000000000200d3dc                ReadServerData
                0x000000000200ed10                connectToServer
                0x000000000200ee3c                connectFromServerList
 .text          0x000000000200ee70      0x16c Party.o
                0x000000000200ee70                AddAllPartyModes
                0x000000000200ef80                AddPartyMode
 .text          0x000000000200efdc       0x90 saveManager.o
                0x000000000200efdc                Save
                0x000000000200f024                Load
 .text          0x000000000200f06c      0x570 sounds.o
                0x000000000200f06c                initSoundSystem
                0x000000000200f1cc                DoStepSound
                0x000000000200f260                GetPanning
                0x000000000200f414                GetPanningByPosition
                0x000000000200f59c                Play3DSound
                0x000000000200f5c0                Play2DSound
                0x000000000200f5d4                PlayBasicSound
 .text          0x000000000200f5dc     0x24a4 ui.o
                0x000000000200f5dc                changeServer
                0x000000000200f638                ChangeMenu
                0x000000000200fa5c                ChangeWeapon
                0x000000000200fc28                BuyWeapon
                0x000000000200fc44                SetTeam
                0x000000000200fc78                GetLastTouch
                0x000000000200fc8c                SetSpritesForUI
                0x000000000200fcb0                SetCheckBoxsRefForUI
                0x000000000200fcc0                GetShopCategory
                0x000000000200fccc                GetWeaponCountVar
                0x000000000200fcd8                SetWeaponCountFromCategory
                0x000000000200fd58                OpenShopCategory
                0x000000000200fd80                printLongText
                0x000000000200fe74                ReadTouchScreen
                0x00000000020100e0                showPartyEventText
                0x000000000201015c                showKillText
                0x00000000020101c8                drawTopScreenUI
                0x000000000201111c                drawButtons
                0x0000000002011194                drawBottomScreenUI
 .text          0x0000000002011a80      0xf7c C:/devkitPro/nitro-engine/lib\libNE.a(NE2D.o)
                0x0000000002011a80                NE_SpriteCreate
                0x0000000002011b88                NE_SpriteSetPos
                0x0000000002011be8                NE_SpriteSetSize
                0x0000000002011c48                NE_SpriteSetRot
                0x0000000002011c9c                NE_SpriteSetScaleI
                0x0000000002011cf0                NE_SpriteSetMaterial
                0x0000000002011d80                NE_SpriteSetPriority
                0x0000000002011dd4                NE_SpriteVisible
                0x0000000002011e28                NE_SpriteSetParams
                0x0000000002011efc                NE_SpriteDelete
                0x0000000002011fb0                NE_SpriteDeleteAll
                0x0000000002011fdc                NE_SpriteSystemReset
                0x0000000002012078                NE_SpriteSystemEnd
                0x00000000020120b0                NE_2DViewInit
                0x0000000002012270                NE_2DViewRotateScaleByPositionI
                0x00000000020122d8                NE_2DViewRotateByPosition
                0x0000000002012328                NE_2DViewScaleByPositionI
                0x0000000002012354                NE_2DDrawQuad
                0x00000000020123a8                NE_2DDrawQuadGradient
                0x0000000002012408                NE_2DDrawTexturedQuad
                0x0000000002012548                NE_2DDrawTexturedQuadColor
                0x0000000002012690                NE_SpriteDraw
                0x000000000201279c                NE_SpriteDrawAll
                0x00000000020128a4                NE_2DDrawTexturedQuadGradient
 .text          0x00000000020129fc     0x19c0 C:/devkitPro/nitro-engine/lib\libNE.a(NECamera.o)
                0x0000000002012c70                NE_CameraCreate
                0x0000000002012d40                NE_CameraSetI
                0x0000000002012dc8                NE_CameraUse
                0x000000000201330c                NE_CameraMoveFreeI
                0x00000000020138c0                NE_CameraMoveI
                0x0000000002013954                NE_CameraRotate
                0x0000000002013b98                NE_CameraRotateAxisI
                0x0000000002013c50                NE_CameraRotateFree
                0x0000000002014158                NE_CameraDelete
                0x0000000002014240                NE_CameraSystemReset
                0x00000000020142bc                NE_CameraSystemEnd
                0x00000000020142d0                NE_ViewPush
                0x00000000020142dc                NE_ViewPop
                0x00000000020142e8                NE_ViewMoveI
                0x00000000020142f8                NE_ViewRotate
                0x00000000020143ac                NE_ViewScaleI
 .text          0x00000000020143bc      0xcf0 C:/devkitPro/nitro-engine/lib\libNE.a(NEFormats.o)
                0x00000000020143bc                NE_MaterialTexLoadBMPtoRGBA
                0x00000000020148c4                NE_FATMaterialTexLoadBMPtoRGBA
                0x0000000002014980                NE_MaterialTexLoadBMPtoRGB256
                0x0000000002014fa8                NE_FATMaterialTexLoadBMPtoRGB256
 .text          0x00000000020150ac     0x12e8 C:/devkitPro/nitro-engine/lib\libNE.a(NEGeneral.o)
                0x00000000020150ac                __ne_debugoutputtoconsole
                0x00000000020153c0                NE_End
                0x00000000020153d4                NE_Viewport
                0x0000000002015654                NE_SetFov
                0x0000000002015660                NE_SwapScreens
                0x0000000002015678                NE_UpdateInput
                0x00000000020156a4                NE_Init3D
                0x0000000002015764                NE_InitDual3D
                0x000000000201590c                NE_InitConsole
                0x0000000002015970                NE_SetConsoleColor
                0x000000000201597c                NE_Process
                0x0000000002015a7c                NE_ProcessDual
                0x0000000002015cac                NE_ClippingPlanesSetI
                0x0000000002015d34                NE_AntialiasEnable
                0x0000000002015d50                NE_GetPolygonCount
                0x0000000002015d6c                NE_GetVertexCount
                0x0000000002015d88                NE_VBLFunc
                0x0000000002015db4                NE_SpecialEffectPause
                0x0000000002015e08                NE_HBLFunc
                0x0000000002015e9c                NE_SpecialEffectNoiseConfig
                0x0000000002015ea8                NE_SpecialEffectSineConfig
                0x0000000002015eb4                NE_SpecialEffectSet
                0x0000000002015ed8                NE_WaitForVBL
                0x0000000002015f64                NE_GetCPUPercent
                0x0000000002015f70                NE_GPUIsRendering
                0x0000000002015f8c                __NE_debugprint
                0x0000000002015fa4                NE_DebugSetHandler
                0x0000000002015fb0                NE_DebugSetHandlerConsole
                0x0000000002016020                NE_TouchTestStart
                0x0000000002016178                NE_TouchTestObject
                0x0000000002016224                NE_TouchTestResult
                0x00000000020162e0                NE_TouchTestEnd
 .text          0x0000000002016394     0x1840 C:/devkitPro/nitro-engine/lib\libNE.a(NEModel.o)
                0x000000000201646c                NE_ModelCreate
                0x00000000020165a0                NE_ModelDelete
                0x00000000020165b4                NE_ModelLoadStaticMeshFAT
                0x000000000201675c                NE_ModelLoadStaticMesh
                0x00000000020168ac                NE_ModelSetMaterial
                0x0000000002016944                NE_ModelDraw
                0x0000000002016ea0                NE_ModelClone
                0x0000000002016f98                NE_ModelScaleI
                0x0000000002017004                NE_ModelTranslateI
                0x0000000002017080                NE_ModelSetCoordI
                0x00000000020170ec                NE_ModelRotate
                0x0000000002017174                NE_ModelSetRot
                0x00000000020171e0                NE_ModelAnimStart
                0x00000000020172cc                NE_ModelAnimSetSpeed
                0x0000000002017384                NE_ModelAnimateAll
                0x0000000002017494                NE_ModelAnimSetFrameSpeed
                0x0000000002017540                NE_ModelAnimGetFrame
                0x00000000020175d4                NE_ModelAnimSetFrame
                0x0000000002017674                NE_ModelAnimInterpolate
                0x000000000201770c                NE_ModelLoadNEAFAT
                0x00000000020178f8                NE_ModelLoadNEA
                0x0000000002017aa0                NE_ModelDeleteAll
                0x0000000002017ad4                NE_ModelSystemReset
                0x0000000002017b90                NE_ModelSystemEnd
 .text          0x0000000002017bd4      0x970 C:/devkitPro/nitro-engine/lib\libNE.a(NEPalette.o)
                0x0000000002017e80                NE_PaletteCreate
                0x0000000002017f4c                NE_PaletteLoadFAT
                0x00000000020180b0                NE_PaletteLoad
                0x00000000020180c8                NE_PaletteDelete
                0x00000000020180dc                NE_PaletteUse
                0x0000000002018194                NE_PaletteSystemReset
                0x0000000002018288                NE_PaletteFreeMem
                0x00000000020182a8                NE_PaletteFreeMemPercent
                0x00000000020182c8                NE_PaletteDefragMem
                0x0000000002018318                NE_PaletteSystemEnd
                0x000000000201832c                NE_PaletteModificationStart
                0x0000000002018428                NE_PaletteRGB256SetColor
                0x00000000020184dc                NE_PaletteModificationEnd
 .text          0x0000000002018544     0x1024 C:/devkitPro/nitro-engine/lib\libNE.a(NEPhysics.o)
                0x0000000002018bcc                NE_PhysicsCreate
                0x0000000002018d08                NE_PhysicsDelete
                0x0000000002018d1c                NE_PhysicsDeleteAll
                0x0000000002018d50                NE_PhysicsSystemReset
                0x0000000002018df4                NE_PhysicsSystemEnd
                0x0000000002018e34                NE_PhysicsSetRadiusI
                0x0000000002018efc                NE_PhysicsSetSpeedI
                0x0000000002018f64                NE_PhysicsSetSizeI
                0x0000000002019048                NE_PhysicsSetGravityI
                0x000000000201909c                NE_PhysicsSetFrictionI
                0x000000000201912c                NE_PhysicsSetBounceEnergy
                0x00000000020191bc                NE_PhysicsEnable
                0x0000000002019210                NE_PhysicsSetModel
                0x00000000020192a8                NE_PhysicsSetGroup
                0x000000000201930c                NE_PhysicsOnCollision
                0x0000000002019360                NE_PhysicsIsColliding
                0x00000000020193b4                NE_PhysicsUpdateAll
                0x00000000020193e8                NE_PhysicsUpdate
                0x00000000020193fc                NE_PhysicsCheckCollision
 .text          0x0000000002019568      0x538 C:/devkitPro/nitro-engine/lib\libNE.a(NEPolygon.o)
                0x0000000002019568                NE_PolyColor
                0x0000000002019574                NE_LightOff
                0x00000000020195d0                NE_LightSetColor
                0x0000000002019628                NE_LightSetI
                0x00000000020196ac                NE_PolyBegin
                0x00000000020196b8                NE_PolyEnd
                0x00000000020196c4                NE_PolyNormalI
                0x00000000020196e4                NE_PolyVertexI
                0x00000000020196fc                NE_PolyTexCoord
                0x0000000002019710                NE_PolyFormat
                0x00000000020197bc                NE_OutliningEnable
                0x00000000020197d8                NE_OutliningSetColor
                0x0000000002019838                NE_ShadingEnable
                0x000000000201987c                NE_ToonHighlightEnable
                0x0000000002019898                NE_FogEnable
                0x00000000020198fc                NE_FogEnableBackground
                0x0000000002019924                NE_FogDisable
                0x0000000002019938                NE_ClearColorSet
                0x00000000020199f0                NE_ClearBMPEnable
                0x0000000002019a8c                NE_ClearBMPScroll
 .text          0x0000000002019aa0      0x684 C:/devkitPro/nitro-engine/lib\libNE.a(NEText.o)
                0x0000000002019b5c                NE_TextPrioritySet
                0x0000000002019b68                NE_TextPriorityReset
                0x0000000002019b74                NE_TextInit
                0x0000000002019c1c                NE_TextEnd
                0x0000000002019c7c                NE_TextResetSystem
                0x0000000002019c98                NE_TextPrint
                0x0000000002019d98                NE_TextPrintBox
                0x0000000002019ef8                NE_TextPrintFree
                0x0000000002019fe4                NE_TextPrintBoxFree
 .text          0x000000000201a124     0x19bc C:/devkitPro/nitro-engine/lib\libNE.a(NETexture.o)
                0x000000000201a250                NE_MaterialCreate
                0x000000000201a26c                NE_MaterialColorSet
                0x000000000201a2c0                NE_MaterialColorDelete
                0x000000000201a318                NE_MaterialTexClone
                0x000000000201a408                NE_MaterialTexSetPal
                0x000000000201a4f8                NE_MaterialUse
                0x000000000201a5fc                NE_TextureSystemReset
                0x000000000201a8b8                NE_MaterialDelete
                0x000000000201a9a4                NE_MaterialTexLoad
                0x000000000201b0a0                NE_MaterialTexLoadFAT
                0x000000000201b1f4                NE_TextureFreeMem
                0x000000000201b218                NE_TextureFreeMemPercent
                0x000000000201b23c                NE_TextureDefragMem
                0x000000000201b28c                NE_TextureSystemEnd
                0x000000000201b2a4                __NE_TextureGetRawX
                0x000000000201b354                __NE_TextureGetRawY
                0x000000000201b404                NE_TextureGetRealSizeX
                0x000000000201b4ac                NE_TextureGetRealSizeY
                0x000000000201b554                NE_TextureGetSizeX
                0x000000000201b604                NE_TextureGetSizeY
                0x000000000201b6b4                NE_MaterialSetPropierties
                0x000000000201b744                NE_MaterialSetDefaultPropierties
                0x000000000201b784                NE_TextureDrawingStart
                0x000000000201b8b8                NE_TexturePutPixelRGBA
                0x000000000201b988                NE_TexturePutPixelRGB256
                0x000000000201ba78                NE_TextureDrawingEnd
 .text          0x000000000201bae0      0x8bc C:/devkitPro/nitro-engine/lib\libNE.a(NEAlloc.o)
                0x000000000201bae0                NE_AllocInit
                0x000000000201bbc4                NE_AllocEnd
                0x000000000201bc20                NE_Alloc
                0x000000000201bf70                NE_Free
                0x000000000201c118                NE_Lock
                0x000000000201c17c                NE_Unlock
                0x000000000201c1e8                NE_MemGetInformation
 .text          0x000000000201c39c      0x354 C:/devkitPro/nitro-engine/lib\libNE.a(NEFAT.o)
                0x000000000201c39c                NE_FATLoadData
                0x000000000201c450                NE_FATFileSize
                0x000000000201c4c0                NE_ScreenshotBMP
 .text          0x000000000201c6f0     0x192c C:/devkitPro/nitro-engine/lib\libNE.a(NEGUI.o)
                0x000000000201c758                NE_GUIUpdate
                0x000000000201ccd0                NE_GUIDraw
                0x000000000201d140                NE_GUIButtonCreate
                0x000000000201d298                NE_GUICheckBoxCreate
                0x000000000201d3f8                NE_GUIRadioButtonCreate
                0x000000000201d574                NE_GUISlideBarCreate
                0x000000000201d7e8                NE_GUIButtonConfig
                0x000000000201d8a0                NE_GUICheckBoxConfig
                0x000000000201d954                NE_GUIRadioButtonConfig
                0x000000000201da10                NE_GUISlideBarConfig
                0x000000000201dad4                NE_GUISlideBarSetMinMax
                0x000000000201dc24                NE_GUIObjectGetEvent
                0x000000000201dce0                NE_GUICheckBoxGetValue
                0x000000000201dd74                NE_GUIRadioButtonGetValue
                0x000000000201de0c                NE_GUISlideBarGetValue
                0x000000000201dea0                NE_GUIDeleteObject
                0x000000000201df60                NE_GUIDeleteAll
                0x000000000201df74                NE_GUISystemReset
                0x000000000201dffc                NE_GUISystemEnd
 .text          0x000000000201e01c       0x5c C:/devkitPro/libnds/lib\libdswifi9.a(spinlock.o)
                0x000000000201e01c                SLasm_Acquire
                0x000000000201e050                SLasm_Release
 .text          0x000000000201e078      0x100 C:/devkitPro/libnds/lib\libmm9.a(mm_soundbank.o)
                0x000000000201e078                mmSoundBankInMemory
                0x000000000201e080                mmSoundBankInFiles
                0x000000000201e092                mmSetCustomSoundBankHandler
                0x000000000201e0be                mmsHandleFileOp
 .text          0x000000000201e178      0x24c C:/devkitPro/libnds/lib\libmm9.a(mm_comms.o)
                0x000000000201e178                mmSetupComms
                0x000000000201e1ca                mmSendBank
                0x000000000201e1d4                mmLockChannels
                0x000000000201e1da                mmUnlockChannels
                0x000000000201e1e0                mmStart
                0x000000000201e1ea                mmPause
                0x000000000201e1ee                mmResume
                0x000000000201e1f2                mmStop
                0x000000000201e1f6                mmPosition
                0x000000000201e1fa                mmJingle
                0x000000000201e1fe                mmSetModuleVolume
                0x000000000201e202                mmSetJingleVolume
                0x000000000201e206                mmSetModuleTempo
                0x000000000201e20a                mmSetModulePitch
                0x000000000201e20e                mmSetEffectsVolume
                0x000000000201e212                mmSelectMode
                0x000000000201e216                mmStreamBegin
                0x000000000201e22a                mmStreamEnd
                0x000000000201e280                mmEffect
                0x000000000201e2a4                mmEffectVolume
                0x000000000201e2a8                mmEffectPanning
                0x000000000201e2ac                mmEffectRate
                0x000000000201e2b6                mmEffectScaleRate
                0x000000000201e2c0                mmEffectRelease
                0x000000000201e2c6                mmEffectCancel
                0x000000000201e2cc                mmEffectEx
                0x000000000201e30a                mmEffectCancelAll
                0x000000000201e30e                mmReverbEnable
                0x000000000201e312                mmReverbDisable
                0x000000000201e316                mmReverbConfigure
                0x000000000201e372                mmReverbStart
                0x000000000201e376                mmReverbStop
 .text          0x000000000201e3c4      0x120 C:/devkitPro/libnds/lib\libmm9.a(mm_memory.o)
                0x000000000201e3c4                mmLoad
                0x000000000201e414                mmUnload
                0x000000000201e46c                mmLoadEffect
                0x000000000201e4a4                mmUnloadEffect
 .text          0x000000000201e4e4      0x108 C:/devkitPro/libnds/lib\libmm9.a(mm_main9.o)
                0x000000000201e4e4                mmActive
                0x000000000201e4ea                mmSetEventHandler
                0x000000000201e4f0                mmInit
                0x000000000201e51a                mmInitDefault
                0x000000000201e564                mmInitDefaultMem
                0x000000000201e586                mmSuspendIRQ_t
                0x000000000201e5a4                mmRestoreIRQ_t
 .text          0x000000000201e5ec       0x3c C:/devkitPro/libnds/lib\libmm9.a(mm_flusher.o)
                0x000000000201e5ec                mmFlushBank
 *fill*         0x000000000201e628       0x18 ff
 .text          0x000000000201e640     0x4000 C:/devkitPro/libnds/lib\libnds9.a(dldi_stub.o)
                0x000000000201e640                _io_dldi_stub
 .text          0x0000000002022640       0x14 c:/devkitpro/devkitarm/bin/../lib/gcc/arm-none-eabi/11.1.0/thumb\libgcc.a(_thumb1_case_uqi.o)
                0x0000000002022640                __gnu_thumb1_case_uqi
 .text          0x0000000002022654       0x14 c:/devkitpro/devkitarm/bin/../lib/gcc/arm-none-eabi/11.1.0/thumb\libgcc.a(_thumb1_case_uhi.o)
                0x0000000002022654                __gnu_thumb1_case_uhi
 .text          0x0000000002022668      0x11c c:/devkitpro/devkitarm/bin/../lib/gcc/arm-none-eabi/11.1.0/thumb\libgcc.a(_udivsi3.o)
                0x0000000002022668                __aeabi_uidiv
                0x0000000002022668                __udivsi3
                0x0000000002022764                __aeabi_uidivmod
 .text          0x0000000002022784      0x150 c:/devkitpro/devkitarm/bin/../lib/gcc/arm-none-eabi/11.1.0/thumb\libgcc.a(_divsi3.o)
                0x0000000002022784                __divsi3
                0x0000000002022784                __aeabi_idiv
                0x00000000020228b4                __aeabi_idivmod
 .text          0x00000000020228d4        0x4 c:/devkitpro/devkitarm/bin/../lib/gcc/arm-none-eabi/11.1.0/thumb\libgcc.a(_dvmd_tls.o)
                0x00000000020228d4                __aeabi_idiv0
                0x00000000020228d4                __aeabi_ldiv0
 .text          0x00000000020228d8      0x424 c:/devkitpro/devkitarm/bin/../lib/gcc/arm-none-eabi/11.1.0/thumb\libgcc.a(_arm_addsubdf3.o)
                0x00000000020228d8                __aeabi_drsub
                0x00000000020228e0                __aeabi_dsub
                0x00000000020228e0                __subdf3
                0x00000000020228e4                __aeabi_dadd
                0x00000000020228e4                __adddf3
                0x0000000002022bf4                __floatunsidf
                0x0000000002022bf4                __aeabi_ui2d
                0x0000000002022c18                __floatsidf
                0x0000000002022c18                __aeabi_i2d
                0x0000000002022c40                __aeabi_f2d
                0x0000000002022c40                __extendsfdf2
                0x0000000002022c88                __floatundidf
                0x0000000002022c88                __aeabi_ul2d
                0x0000000002022c9c                __floatdidf
                0x0000000002022c9c                __aeabi_l2d
 .text          0x0000000002022cfc      0x49c c:/devkitpro/devkitarm/bin/../lib/gcc/arm-none-eabi/11.1.0/thumb\libgcc.a(_arm_muldivdf3.o)
                0x0000000002022cfc                __aeabi_dmul
                0x0000000002022cfc                __muldf3
                0x0000000002022f8c                __divdf3
                0x0000000002022f8c                __aeabi_ddiv
 .text          0x0000000002023198      0x144 c:/devkitpro/devkitarm/bin/../lib/gcc/arm-none-eabi/11.1.0/thumb\libgcc.a(_arm_cmpdf2.o)
                0x0000000002023198                __gtdf2
                0x0000000002023198                __gedf2
                0x00000000020231a0                __ltdf2
                0x00000000020231a0                __ledf2
                0x00000000020231a8                __nedf2
                0x00000000020231a8                __eqdf2
                0x00000000020231a8                __cmpdf2
                0x0000000002023230                __aeabi_cdrcmple
                0x000000000202324c                __aeabi_cdcmpeq
                0x000000000202324c                __aeabi_cdcmple
                0x0000000002023264                __aeabi_dcmpeq
                0x000000000202327c                __aeabi_dcmplt
                0x0000000002023294                __aeabi_dcmple
                0x00000000020232ac                __aeabi_dcmpge
                0x00000000020232c4                __aeabi_dcmpgt
 .text          0x00000000020232dc       0x38 c:/devkitpro/devkitarm/bin/../lib/gcc/arm-none-eabi/11.1.0/thumb\libgcc.a(_arm_unorddf2.o)
                0x00000000020232dc                __unorddf2
                0x00000000020232dc                __aeabi_dcmpun
 .text          0x0000000002023314       0x5c c:/devkitpro/devkitarm/bin/../lib/gcc/arm-none-eabi/11.1.0/thumb\libgcc.a(_arm_fixdfsi.o)
                0x0000000002023314                __aeabi_d2iz
                0x0000000002023314                __fixdfsi
 .text          0x0000000002023370       0xa0 c:/devkitpro/devkitarm/bin/../lib/gcc/arm-none-eabi/11.1.0/thumb\libgcc.a(_arm_truncdfsf2.o)
                0x0000000002023370                __truncdfsf2
                0x0000000002023370                __aeabi_d2f
 .text          0x0000000002023410      0x2ac c:/devkitpro/devkitarm/bin/../lib/gcc/arm-none-eabi/11.1.0/thumb\libgcc.a(_arm_addsubsf3.o)
                0x0000000002023410                __aeabi_frsub
                0x0000000002023418                __subsf3
                0x0000000002023418                __aeabi_fsub
                0x000000000202341c                __aeabi_fadd
                0x000000000202341c                __addsf3
                0x00000000020235d8                __aeabi_ui2f
                0x00000000020235d8                __floatunsisf
                0x00000000020235e0                __aeabi_i2f
                0x00000000020235e0                __floatsisf
                0x0000000002023600                __aeabi_ul2f
                0x0000000002023600                __floatundisf
                0x0000000002023610                __aeabi_l2f
                0x0000000002023610                __floatdisf
 .text          0x00000000020236bc      0x2f8 c:/devkitpro/devkitarm/bin/../lib/gcc/arm-none-eabi/11.1.0/thumb\libgcc.a(_arm_muldivsf3.o)
                0x00000000020236bc                __mulsf3
                0x00000000020236bc                __aeabi_fmul
                0x0000000002023854                __aeabi_fdiv
                0x0000000002023854                __divsf3
 .text          0x00000000020239b4      0x114 c:/devkitpro/devkitarm/bin/../lib/gcc/arm-none-eabi/11.1.0/thumb\libgcc.a(_arm_cmpsf2.o)
                0x00000000020239b4                __gesf2
                0x00000000020239b4                __gtsf2
                0x00000000020239bc                __lesf2
                0x00000000020239bc                __ltsf2
                0x00000000020239c4                __nesf2
                0x00000000020239c4                __eqsf2
                0x00000000020239c4                __cmpsf2
                0x0000000002023a28                __aeabi_cfrcmple
                0x0000000002023a38                __aeabi_cfcmpeq
                0x0000000002023a38                __aeabi_cfcmple
                0x0000000002023a50                __aeabi_fcmpeq
                0x0000000002023a68                __aeabi_fcmplt
                0x0000000002023a80                __aeabi_fcmple
                0x0000000002023a98                __aeabi_fcmpge
                0x0000000002023ab0                __aeabi_fcmpgt
 .text          0x0000000002023ac8       0x38 c:/devkitpro/devkitarm/bin/../lib/gcc/arm-none-eabi/11.1.0/thumb\libgcc.a(_arm_unordsf2.o)
                0x0000000002023ac8                __unordsf2
                0x0000000002023ac8                __aeabi_fcmpun
 .text          0x0000000002023b00       0x5c c:/devkitpro/devkitarm/bin/../lib/gcc/arm-none-eabi/11.1.0/thumb\libgcc.a(_arm_fixsfsi.o)
                0x0000000002023b00                __aeabi_f2iz
                0x0000000002023b00                __fixsfsi
 .text          0x0000000002023b5c       0xd4 c:/devkitpro/devkitarm/bin/../lib/gcc/arm-none-eabi/11.1.0/thumb\libgcc.a(_aeabi_ldivmod.o)
                0x0000000002023b5c                __aeabi_ldivmod
 .text          0x0000000002023c30       0x28 c:/devkitpro/devkitarm/bin/../lib/gcc/arm-none-eabi/11.1.0/thumb\libgcc.a(_clzdi2.o)
                0x0000000002023c30                __clzdi2
 .text          0x0000000002023c58       0x48 c:/devkitpro/devkitarm/bin/../lib/gcc/arm-none-eabi/11.1.0/thumb\libgcc.a(_clzsi2.o)
                0x0000000002023c58                __clzsi2
 .text          0x0000000002023ca0      0x224 c:/devkitpro/devkitarm/bin/../lib/gcc/arm-none-eabi/11.1.0/../../../../arm-none-eabi/lib/thumb\libg.a(lib_a-strcmp.o)
                0x0000000002023ca0                strcmp
 .text          0x0000000002023ec4       0x54 c:/devkitpro/devkitarm/bin/../lib/gcc/arm-none-eabi/11.1.0/thumb\libgcc.a(_arm_fixunsdfsi.o)
                0x0000000002023ec4                __aeabi_d2uiz
                0x0000000002023ec4                __fixunsdfsi
 .text          0x0000000002023f18       0x3c c:/devkitpro/devkitarm/bin/../lib/gcc/arm-none-eabi/11.1.0/thumb\libgcc.a(_aeabi_uldivmod.o)
                0x0000000002023f18                __aeabi_uldivmod
 *(EXCLUDE_FILE(*.twl* *.vectors* *.itcm*) .stub)
 *(EXCLUDE_FILE(*.twl* *.vectors* *.itcm*) .text.*)
 .text.__do_global_dtors_aux
                0x0000000002023f54       0x2c c:/devkitpro/devkitarm/bin/../lib/gcc/arm-none-eabi/11.1.0/thumb/crtbegin.o
 .text.frame_dummy
                0x0000000002023f80       0x24 c:/devkitpro/devkitarm/bin/../lib/gcc/arm-none-eabi/11.1.0/thumb/crtbegin.o
 .text.startup  0x0000000002023fa4      0x6b8 main.o
                0x0000000002023fa4                main
 .text.fatMount.part.0
                0x000000000202465c       0xa0 C:/devkitPro/libnds/lib\libfat.a(libfat.o)
 .text.fatMount
                0x00000000020246fc       0x3c C:/devkitPro/libnds/lib\libfat.a(libfat.o)
                0x00000000020246fc                fatMount
 .text.fatInit  0x0000000002024738      0x130 C:/devkitPro/libnds/lib\libfat.a(libfat.o)
                0x0000000002024738                fatInit
 .text.fatInitDefault
                0x0000000002024868        0xc C:/devkitPro/libnds/lib\libfat.a(libfat.o)
                0x0000000002024868                fatInitDefault
 .text._FAT_check_position_for_next_cluster.part.0
                0x0000000002024874       0x68 C:/devkitPro/libnds/lib\libfat.a(fatfile.o)
 .text._FAT_syncToDisc.part.0
                0x00000000020248dc       0xd4 C:/devkitPro/libnds/lib\libfat.a(fatfile.o)
 .text._FAT_file_extend_r
                0x00000000020249b0      0x208 C:/devkitPro/libnds/lib\libfat.a(fatfile.o)
 .text._FAT_open_r
                0x0000000002024bb8      0x2d4 C:/devkitPro/libnds/lib\libfat.a(fatfile.o)
                0x0000000002024bb8                _FAT_open_r
 .text._FAT_close_r
                0x0000000002024e8c       0x74 C:/devkitPro/libnds/lib\libfat.a(fatfile.o)
                0x0000000002024e8c                _FAT_close_r
 .text._FAT_read_r
                0x0000000002024f00      0x398 C:/devkitPro/libnds/lib\libfat.a(fatfile.o)
                0x0000000002024f00                _FAT_read_r
 .text._FAT_write_r
                0x0000000002025298      0x53c C:/devkitPro/libnds/lib\libfat.a(fatfile.o)
                0x0000000002025298                _FAT_write_r
 .text._FAT_seek_r
                0x00000000020257d4      0x194 C:/devkitPro/libnds/lib\libfat.a(fatfile.o)
                0x00000000020257d4                _FAT_seek_r
 .text._FAT_fstat_r
                0x0000000002025968       0x8c C:/devkitPro/libnds/lib\libfat.a(fatfile.o)
                0x0000000002025968                _FAT_fstat_r
 .text._FAT_ftruncate_r
                0x00000000020259f4      0x16c C:/devkitPro/libnds/lib\libfat.a(fatfile.o)
                0x00000000020259f4                _FAT_ftruncate_r
 .text._FAT_fsync_r
                0x0000000002025b60       0x44 C:/devkitPro/libnds/lib\libfat.a(fatfile.o)
                0x0000000002025b60                _FAT_fsync_r
 .text._FAT_cache_getPage
                0x0000000002025ba4       0xf0 C:/devkitPro/libnds/lib\libfat.a(cache.o)
 .text._FAT_cache_constructor
                0x0000000002025c94       0x90 C:/devkitPro/libnds/lib\libfat.a(cache.o)
                0x0000000002025c94                _FAT_cache_constructor
 .text._FAT_cache_readSectors
                0x0000000002025d24       0x60 C:/devkitPro/libnds/lib\libfat.a(cache.o)
                0x0000000002025d24                _FAT_cache_readSectors
 .text._FAT_cache_readPartialSector
                0x0000000002025d84       0x3c C:/devkitPro/libnds/lib\libfat.a(cache.o)
                0x0000000002025d84                _FAT_cache_readPartialSector
 .text._FAT_cache_readLittleEndianValue
                0x0000000002025dc0       0x70 C:/devkitPro/libnds/lib\libfat.a(cache.o)
                0x0000000002025dc0                _FAT_cache_readLittleEndianValue
 .text._FAT_cache_writePartialSector
                0x0000000002025e30       0x4c C:/devkitPro/libnds/lib\libfat.a(cache.o)
                0x0000000002025e30                _FAT_cache_writePartialSector
 .text._FAT_cache_writeLittleEndianValue
                0x0000000002025e7c       0x8c C:/devkitPro/libnds/lib\libfat.a(cache.o)
                0x0000000002025e7c                _FAT_cache_writeLittleEndianValue
 .text._FAT_cache_eraseWritePartialSector
                0x0000000002025f08       0x60 C:/devkitPro/libnds/lib\libfat.a(cache.o)
                0x0000000002025f08                _FAT_cache_eraseWritePartialSector
 .text._FAT_cache_writeSectors
                0x0000000002025f68       0x80 C:/devkitPro/libnds/lib\libfat.a(cache.o)
                0x0000000002025f68                _FAT_cache_writeSectors
 .text._FAT_cache_flush
                0x0000000002025fe8       0x40 C:/devkitPro/libnds/lib\libfat.a(cache.o)
                0x0000000002025fe8                _FAT_cache_flush
 .text._FAT_stat_r
                0x0000000002026028       0x90 C:/devkitPro/libnds/lib\libfat.a(fatdir.o)
                0x0000000002026028                _FAT_stat_r
 .text._FAT_link_r
                0x00000000020260b8        0xc C:/devkitPro/libnds/lib\libfat.a(fatdir.o)
                0x00000000020260b8                _FAT_link_r
 .text._FAT_unlink_r
                0x00000000020260c4      0x184 C:/devkitPro/libnds/lib\libfat.a(fatdir.o)
                0x00000000020260c4                _FAT_unlink_r
 .text._FAT_chdir_r
                0x0000000002026248       0x70 C:/devkitPro/libnds/lib\libfat.a(fatdir.o)
                0x0000000002026248                _FAT_chdir_r
 .text._FAT_rename_r
                0x00000000020262b8      0x1c4 C:/devkitPro/libnds/lib\libfat.a(fatdir.o)
                0x00000000020262b8                _FAT_rename_r
 .text._FAT_mkdir_r
                0x000000000202647c      0x244 C:/devkitPro/libnds/lib\libfat.a(fatdir.o)
                0x000000000202647c                _FAT_mkdir_r
 .text._FAT_statvfs_r
                0x00000000020266c0       0x78 C:/devkitPro/libnds/lib\libfat.a(fatdir.o)
                0x00000000020266c0                _FAT_statvfs_r
 .text._FAT_diropen_r
                0x0000000002026738       0xb0 C:/devkitPro/libnds/lib\libfat.a(fatdir.o)
                0x0000000002026738                _FAT_diropen_r
 .text._FAT_dirreset_r
                0x00000000020267e8       0x4c C:/devkitPro/libnds/lib\libfat.a(fatdir.o)
                0x00000000020267e8                _FAT_dirreset_r
 .text._FAT_dirnext_r
                0x0000000002026834       0x7c C:/devkitPro/libnds/lib\libfat.a(fatdir.o)
                0x0000000002026834                _FAT_dirnext_r
 .text._FAT_dirclose_r
                0x00000000020268b0       0x20 C:/devkitPro/libnds/lib\libfat.a(fatdir.o)
                0x00000000020268b0                _FAT_dirclose_r
 .text._FAT_directory_entryGetAlias
                0x00000000020268d0       0xc8 C:/devkitPro/libnds/lib\libfat.a(directory.o)
 .text._FAT_directory_incrementDirEntryPosition
                0x0000000002026998       0x80 C:/devkitPro/libnds/lib\libfat.a(directory.o)
 .text._FAT_directory_mbsncasecmp
                0x0000000002026a18       0xa8 C:/devkitPro/libnds/lib\libfat.a(directory.o)
 .text._FAT_directory_ucs2tombs.constprop.0
                0x0000000002026ac0       0x90 C:/devkitPro/libnds/lib\libfat.a(directory.o)
 .text._FAT_directory_entryGetCluster
                0x0000000002026b50       0x20 C:/devkitPro/libnds/lib\libfat.a(directory.o)
                0x0000000002026b50                _FAT_directory_entryGetCluster
 .text._FAT_directory_getNextEntry
                0x0000000002026b70      0x23c C:/devkitPro/libnds/lib\libfat.a(directory.o)
                0x0000000002026b70                _FAT_directory_getNextEntry
 .text._FAT_directory_entryExists
                0x0000000002026dac       0x80 C:/devkitPro/libnds/lib\libfat.a(directory.o)
 .text._FAT_directory_getFirstEntry
                0x0000000002026e2c       0x20 C:/devkitPro/libnds/lib\libfat.a(directory.o)
                0x0000000002026e2c                _FAT_directory_getFirstEntry
 .text._FAT_directory_getRootEntry
                0x0000000002026e4c       0x60 C:/devkitPro/libnds/lib\libfat.a(directory.o)
                0x0000000002026e4c                _FAT_directory_getRootEntry
 .text._FAT_directory_entryFromPosition
                0x0000000002026eac      0x150 C:/devkitPro/libnds/lib\libfat.a(directory.o)
                0x0000000002026eac                _FAT_directory_entryFromPosition
 .text._FAT_directory_entryFromPath
                0x0000000002026ffc      0x248 C:/devkitPro/libnds/lib\libfat.a(directory.o)
                0x0000000002026ffc                _FAT_directory_entryFromPath
 .text._FAT_directory_removeEntry
                0x0000000002027244       0xd8 C:/devkitPro/libnds/lib\libfat.a(directory.o)
                0x0000000002027244                _FAT_directory_removeEntry
 .text._FAT_directory_addEntry
                0x000000000202731c      0x808 C:/devkitPro/libnds/lib\libfat.a(directory.o)
                0x000000000202731c                _FAT_directory_addEntry
 .text._FAT_directory_chdir
                0x0000000002027b24       0x3c C:/devkitPro/libnds/lib\libfat.a(directory.o)
                0x0000000002027b24                _FAT_directory_chdir
 .text._FAT_directory_entryStat
                0x0000000002027b60       0xe4 C:/devkitPro/libnds/lib\libfat.a(directory.o)
                0x0000000002027b60                _FAT_directory_entryStat
 .text.isValidMBR
                0x0000000002027c44       0x5c C:/devkitPro/libnds/lib\libfat.a(partition.o)
 .text._FAT_updateFS_INFO
                0x0000000002027ca0       0x54 C:/devkitPro/libnds/lib\libfat.a(partition.o)
 .text.FindFirstValidPartition_buf.part.0
                0x0000000002027cf4      0x11c C:/devkitPro/libnds/lib\libfat.a(partition.o)
 .text._FAT_partition_getPartitionFromPath
                0x0000000002027e10       0x10 C:/devkitPro/libnds/lib\libfat.a(partition.o)
                0x0000000002027e10                _FAT_partition_getPartitionFromPath
 .text._FAT_partition_createFSinfo
                0x0000000002027e20       0x50 C:/devkitPro/libnds/lib\libfat.a(partition.o)
                0x0000000002027e20                _FAT_partition_createFSinfo
 .text._FAT_partition_readFSinfo.part.0
                0x0000000002027e70       0x74 C:/devkitPro/libnds/lib\libfat.a(partition.o)
 .text._FAT_partition_constructor_buf
                0x0000000002027ee4      0x2e8 C:/devkitPro/libnds/lib\libfat.a(partition.o)
                0x0000000002027ee4                _FAT_partition_constructor_buf
 .text._FAT_partition_constructor
                0x00000000020281cc       0x40 C:/devkitPro/libnds/lib\libfat.a(partition.o)
                0x00000000020281cc                _FAT_partition_constructor
 .text._FAT_partition_readFSinfo
                0x000000000202820c       0x10 C:/devkitPro/libnds/lib\libfat.a(partition.o)
                0x000000000202820c                _FAT_partition_readFSinfo
 .text._FAT_lock_init
                0x000000000202821c        0x4 C:/devkitPro/libnds/lib\libfat.a(lock.o)
                0x000000000202821c                _FAT_lock_init
 .text._FAT_lock
                0x0000000002028220        0x4 C:/devkitPro/libnds/lib\libfat.a(lock.o)
                0x0000000002028220                _FAT_lock
 .text._FAT_unlock
                0x0000000002028224        0x4 C:/devkitPro/libnds/lib\libfat.a(lock.o)
                0x0000000002028224                _FAT_unlock
 .text._FAT_filetime_getTimeFromRTC
                0x0000000002028228       0x44 C:/devkitPro/libnds/lib\libfat.a(filetime.o)
                0x0000000002028228                _FAT_filetime_getTimeFromRTC
 .text._FAT_filetime_getDateFromRTC
                0x000000000202826c       0x44 C:/devkitPro/libnds/lib\libfat.a(filetime.o)
                0x000000000202826c                _FAT_filetime_getDateFromRTC
 .text._FAT_filetime_to_time_t
                0x00000000020282b0       0x38 C:/devkitPro/libnds/lib\libfat.a(filetime.o)
                0x00000000020282b0                _FAT_filetime_to_time_t
 .text._FAT_fat_writeFatEntry.part.0.isra.0
                0x00000000020282e8      0x12c C:/devkitPro/libnds/lib\libfat.a(file_allocation_table.o)
 .text._FAT_fat_nextCluster
                0x0000000002028414      0x108 C:/devkitPro/libnds/lib\libfat.a(file_allocation_table.o)
                0x0000000002028414                _FAT_fat_nextCluster
 .text._FAT_fat_linkFreeCluster
                0x000000000202851c       0xac C:/devkitPro/libnds/lib\libfat.a(file_allocation_table.o)
                0x000000000202851c                _FAT_fat_linkFreeCluster
 .text._FAT_fat_linkFreeClusterCleared
                0x00000000020285c8       0x68 C:/devkitPro/libnds/lib\libfat.a(file_allocation_table.o)
                0x00000000020285c8                _FAT_fat_linkFreeClusterCleared
 .text._FAT_fat_clearLinks
                0x0000000002028630       0x7c C:/devkitPro/libnds/lib\libfat.a(file_allocation_table.o)
                0x0000000002028630                _FAT_fat_clearLinks
 .text._FAT_fat_trimChain
                0x00000000020286ac       0x80 C:/devkitPro/libnds/lib\libfat.a(file_allocation_table.o)
                0x00000000020286ac                _FAT_fat_trimChain
 .text._FAT_fat_lastCluster
                0x000000000202872c       0x34 C:/devkitPro/libnds/lib\libfat.a(file_allocation_table.o)
                0x000000000202872c                _FAT_fat_lastCluster
 .text._FAT_fat_freeClusterCount
                0x0000000002028760       0x2c C:/devkitPro/libnds/lib\libfat.a(file_allocation_table.o)
                0x0000000002028760                _FAT_fat_freeClusterCount
 .text.sgIP_ntoa
                0x000000000202878c       0x70 C:/devkitPro/libnds/lib\libdswifi9.a(sgIP_DNS.o)
 .text.sgIP_DNS_Init
                0x00000000020287fc       0x38 C:/devkitPro/libnds/lib\libdswifi9.a(sgIP_DNS.o)
                0x00000000020287fc                sgIP_DNS_Init
 .text.sgIP_DNS_Timer1000ms
                0x0000000002028834       0x3c C:/devkitPro/libnds/lib\libdswifi9.a(sgIP_DNS.o)
                0x0000000002028834                sgIP_DNS_Timer1000ms
 .text.sgIP_DNS_isipaddress
                0x0000000002028870      0x180 C:/devkitPro/libnds/lib\libdswifi9.a(sgIP_DNS.o)
                0x0000000002028870                sgIP_DNS_isipaddress
 .text.sgIP_DNS_FindDNSRecord
                0x00000000020289f0       0xbc C:/devkitPro/libnds/lib\libdswifi9.a(sgIP_DNS.o)
                0x00000000020289f0                sgIP_DNS_FindDNSRecord
 .text.sgIP_DNS_GetUnusedRecord
                0x0000000002028aac       0x88 C:/devkitPro/libnds/lib\libdswifi9.a(sgIP_DNS.o)
                0x0000000002028aac                sgIP_DNS_GetUnusedRecord
 .text.sgIP_DNS_GenerateHostent
                0x0000000002028b34       0xb0 C:/devkitPro/libnds/lib\libdswifi9.a(sgIP_DNS.o)
                0x0000000002028b34                sgIP_DNS_GenerateHostent
 .text.sgIP_DNS_CopyAliasAt
                0x0000000002028be4       0x5c C:/devkitPro/libnds/lib\libdswifi9.a(sgIP_DNS.o)
                0x0000000002028be4                sgIP_DNS_CopyAliasAt
 .text.sgIP_DNS_gethostbyname
                0x0000000002028c40      0x3b0 C:/devkitPro/libnds/lib\libdswifi9.a(sgIP_DNS.o)
                0x0000000002028c40                sgIP_DNS_gethostbyname
 .text.inet_ntoa
                0x0000000002028ff0       0x10 C:/devkitPro/libnds/lib\libdswifi9.a(sgIP_DNS.o)
                0x0000000002028ff0                inet_ntoa
 .text.sgIP_Hub_Init
                0x0000000002029000       0x14 C:/devkitPro/libnds/lib\libdswifi9.a(sgIP_Hub.o)
                0x0000000002029000                sgIP_Hub_Init
 .text.sgIP_Hub_AddProtocolInterface
                0x0000000002029014       0x3c C:/devkitPro/libnds/lib\libdswifi9.a(sgIP_Hub.o)
                0x0000000002029014                sgIP_Hub_AddProtocolInterface
 .text.sgIP_Hub_AddHardwareInterface
                0x0000000002029050       0x3c C:/devkitPro/libnds/lib\libdswifi9.a(sgIP_Hub.o)
                0x0000000002029050                sgIP_Hub_AddHardwareInterface
 .text.sgIP_Hub_ReceiveHardwarePacket
                0x000000000202908c       0x5c C:/devkitPro/libnds/lib\libdswifi9.a(sgIP_Hub.o)
                0x000000000202908c                sgIP_Hub_ReceiveHardwarePacket
 .text.sgIP_Hub_SendProtocolPacket
                0x00000000020290e8       0x40 C:/devkitPro/libnds/lib\libdswifi9.a(sgIP_Hub.o)
                0x00000000020290e8                sgIP_Hub_SendProtocolPacket
 .text.sgIP_Hub_SendRawPacket
                0x0000000002029128       0x24 C:/devkitPro/libnds/lib\libdswifi9.a(sgIP_Hub.o)
                0x0000000002029128                sgIP_Hub_SendRawPacket
 .text.sgIP_Hub_IPMaxMessageSize
                0x000000000202914c        0x8 C:/devkitPro/libnds/lib\libdswifi9.a(sgIP_Hub.o)
                0x000000000202914c                sgIP_Hub_IPMaxMessageSize
 .text.sgIP_Hub_GetCompatibleIP
                0x0000000002029154       0x14 C:/devkitPro/libnds/lib\libdswifi9.a(sgIP_Hub.o)
                0x0000000002029154                sgIP_Hub_GetCompatibleIP
 .text.sgIP_Hub_GetDefaultInterface
                0x0000000002029168       0x14 C:/devkitPro/libnds/lib\libdswifi9.a(sgIP_Hub.o)
                0x0000000002029168                sgIP_Hub_GetDefaultInterface
 .text.htons    0x000000000202917c        0xc C:/devkitPro/libnds/lib\libdswifi9.a(sgIP_Hub.o)
                0x000000000202917c                htons
 .text.htonl    0x0000000002029188       0x1c C:/devkitPro/libnds/lib\libdswifi9.a(sgIP_Hub.o)
                0x0000000002029188                htonl
 .text.sgIP_memblock_Init
                0x00000000020291a4        0x2 C:/devkitPro/libnds/lib\libdswifi9.a(sgIP_memblock.o)
                0x00000000020291a4                sgIP_memblock_Init
 .text.sgIP_memblock_allocHW
                0x00000000020291a6       0x24 C:/devkitPro/libnds/lib\libdswifi9.a(sgIP_memblock.o)
                0x00000000020291a6                sgIP_memblock_allocHW
 .text.sgIP_memblock_alloc
                0x00000000020291ca        0xc C:/devkitPro/libnds/lib\libdswifi9.a(sgIP_memblock.o)
                0x00000000020291ca                sgIP_memblock_alloc
 *fill*         0x00000000020291d6        0x2 ff
 .text.sgIP_memblock_free
                0x00000000020291d8       0x28 C:/devkitPro/libnds/lib\libdswifi9.a(sgIP_memblock.o)
                0x00000000020291d8                sgIP_memblock_free
 .text.sgIP_memblock_exposeheader
                0x0000000002029200       0x26 C:/devkitPro/libnds/lib\libdswifi9.a(sgIP_memblock.o)
                0x0000000002029200                sgIP_memblock_exposeheader
 .text.sgIP_memblock_trimsize
                0x0000000002029226       0x2e C:/devkitPro/libnds/lib\libdswifi9.a(sgIP_memblock.o)
                0x0000000002029226                sgIP_memblock_trimsize
 .text.sgIP_memblock_IPChecksum
                0x0000000002029254       0x92 C:/devkitPro/libnds/lib\libdswifi9.a(sgIP_memblock.o)
                0x0000000002029254                sgIP_memblock_IPChecksum
 .text.sgIP_memblock_CopyToLinear
                0x00000000020292e6       0x5c C:/devkitPro/libnds/lib\libdswifi9.a(sgIP_memblock.o)
                0x00000000020292e6                sgIP_memblock_CopyToLinear
 .text.sgIP_memblock_CopyFromLinear
                0x0000000002029342       0x5c C:/devkitPro/libnds/lib\libdswifi9.a(sgIP_memblock.o)
                0x0000000002029342                sgIP_memblock_CopyFromLinear
 *fill*         0x000000000202939e        0x2 ff
 .text.sgIP_sockets_Init
                0x00000000020293a0       0x18 C:/devkitPro/libnds/lib\libdswifi9.a(sgIP_sockets.o)
                0x00000000020293a0                sgIP_sockets_Init
 .text.socket   0x00000000020293b8       0x90 C:/devkitPro/libnds/lib\libdswifi9.a(sgIP_sockets.o)
                0x00000000020293b8                socket
 .text.forceclosesocket
                0x0000000002029448       0x5c C:/devkitPro/libnds/lib\libdswifi9.a(sgIP_sockets.o)
                0x0000000002029448                forceclosesocket
 .text.sgIP_sockets_Timer1000ms
                0x00000000020294a4       0x50 C:/devkitPro/libnds/lib\libdswifi9.a(sgIP_sockets.o)
                0x00000000020294a4                sgIP_sockets_Timer1000ms
 .text.bind     0x00000000020294f4       0x68 C:/devkitPro/libnds/lib\libdswifi9.a(sgIP_sockets.o)
                0x00000000020294f4                bind
 .text.connect  0x000000000202955c       0xb4 C:/devkitPro/libnds/lib\libdswifi9.a(sgIP_sockets.o)
                0x000000000202955c                connect
 .text.send     0x0000000002029610       0x94 C:/devkitPro/libnds/lib\libdswifi9.a(sgIP_sockets.o)
                0x0000000002029610                send
 .text.recv     0x00000000020296a4       0x94 C:/devkitPro/libnds/lib\libdswifi9.a(sgIP_sockets.o)
                0x00000000020296a4                recv
 .text.sendto   0x0000000002029738       0x74 C:/devkitPro/libnds/lib\libdswifi9.a(sgIP_sockets.o)
                0x0000000002029738                sendto
 .text.recvfrom
                0x00000000020297ac       0xac C:/devkitPro/libnds/lib\libdswifi9.a(sgIP_sockets.o)
                0x00000000020297ac                recvfrom
 .text.shutdown
                0x0000000002029858       0x5c C:/devkitPro/libnds/lib\libdswifi9.a(sgIP_sockets.o)
                0x0000000002029858                shutdown
 .text.closesocket
                0x00000000020298b4       0x94 C:/devkitPro/libnds/lib\libdswifi9.a(sgIP_sockets.o)
                0x00000000020298b4                closesocket
 .text.ioctl    0x0000000002029948       0xac C:/devkitPro/libnds/lib\libdswifi9.a(sgIP_sockets.o)
                0x0000000002029948                ioctl
 .text.gethostbyname
                0x00000000020299f4        0x8 C:/devkitPro/libnds/lib\libdswifi9.a(sgIP_sockets.o)
                0x00000000020299f4                gethostbyname
 .text.Wifi_Interface_Init
                0x00000000020299fc       0x4c C:/devkitPro/libnds/lib\libdswifi9.a(wifi_arm9.o)
                0x00000000020299fc                Wifi_Interface_Init
 .text.arm9_synctoarm7
                0x0000000002029a48        0xc C:/devkitPro/libnds/lib\libdswifi9.a(wifi_arm9.o)
                0x0000000002029a48                arm9_synctoarm7
 .text.sgIP_IntrWaitEvent
                0x0000000002029a54        0x2 C:/devkitPro/libnds/lib\libdswifi9.a(wifi_arm9.o)
                0x0000000002029a54                sgIP_IntrWaitEvent
 *fill*         0x0000000002029a56        0x2 ff
 .text.wHeapAllocInit
                0x0000000002029a58       0x2c C:/devkitPro/libnds/lib\libdswifi9.a(wifi_arm9.o)
                0x0000000002029a58                wHeapAllocInit
 .text.wHeapAlloc
                0x0000000002029a84       0xac C:/devkitPro/libnds/lib\libdswifi9.a(wifi_arm9.o)
                0x0000000002029a84                wHeapAlloc
 .text.wHeapFree
                0x0000000002029b30       0x1c C:/devkitPro/libnds/lib\libdswifi9.a(wifi_arm9.o)
                0x0000000002029b30                wHeapFree
 .text.sgIP_malloc
                0x0000000002029b4c        0x8 C:/devkitPro/libnds/lib\libdswifi9.a(wifi_arm9.o)
                0x0000000002029b4c                sgIP_malloc
 .text.sgIP_free
                0x0000000002029b54        0x8 C:/devkitPro/libnds/lib\libdswifi9.a(wifi_arm9.o)
                0x0000000002029b54                sgIP_free
 .text.erasemem
                0x0000000002029b5c       0x10 C:/devkitPro/libnds/lib\libdswifi9.a(wifi_arm9.o)
                0x0000000002029b5c                erasemem
 .text.Wifi_CmpMacAddr
                0x0000000002029b6c       0x22 C:/devkitPro/libnds/lib\libdswifi9.a(wifi_arm9.o)
                0x0000000002029b6c                Wifi_CmpMacAddr
 *fill*         0x0000000002029b8e        0x2 ff
 .text.Wifi_TxBufferWordsAvailable
                0x0000000002029b90       0x28 C:/devkitPro/libnds/lib\libdswifi9.a(wifi_arm9.o)
                0x0000000002029b90                Wifi_TxBufferWordsAvailable
 .text.Wifi_TxBufferWrite
                0x0000000002029bb8       0x4c C:/devkitPro/libnds/lib\libdswifi9.a(wifi_arm9.o)
                0x0000000002029bb8                Wifi_TxBufferWrite
 .text.Wifi_TransmitFunction
                0x0000000002029c04      0x200 C:/devkitPro/libnds/lib\libdswifi9.a(wifi_arm9.o)
                0x0000000002029c04                Wifi_TransmitFunction
 .text.Wifi_RxRawReadPacket
                0x0000000002029e04       0x68 C:/devkitPro/libnds/lib\libdswifi9.a(wifi_arm9.o)
                0x0000000002029e04                Wifi_RxRawReadPacket
 .text.Wifi_RxReadOffset
                0x0000000002029e6c       0x2c C:/devkitPro/libnds/lib\libdswifi9.a(wifi_arm9.o)
                0x0000000002029e6c                Wifi_RxReadOffset
 .text.Wifi_GetNumAP
                0x0000000002029e98       0x28 C:/devkitPro/libnds/lib\libdswifi9.a(wifi_arm9.o)
                0x0000000002029e98                Wifi_GetNumAP
 .text.Wifi_GetAPData
                0x0000000002029ec0       0x88 C:/devkitPro/libnds/lib\libdswifi9.a(wifi_arm9.o)
                0x0000000002029ec0                Wifi_GetAPData
 .text.Wifi_FindMatchingAP
                0x0000000002029f48       0xc6 C:/devkitPro/libnds/lib\libdswifi9.a(wifi_arm9.o)
                0x0000000002029f48                Wifi_FindMatchingAP
 *fill*         0x000000000202a00e        0x2 ff
 .text.Wifi_AutoConnect
                0x000000000202a010       0x2c C:/devkitPro/libnds/lib\libdswifi9.a(wifi_arm9.o)
                0x000000000202a010                Wifi_AutoConnect
 .text.Wifi_DisconnectAP
                0x000000000202a03c       0x2c C:/devkitPro/libnds/lib\libdswifi9.a(wifi_arm9.o)
                0x000000000202a03c                Wifi_DisconnectAP
 .text.Wifi_Init
                0x000000000202a068       0x7c C:/devkitPro/libnds/lib\libdswifi9.a(wifi_arm9.o)
                0x000000000202a068                Wifi_Init
 .text.Wifi_CheckInit
                0x000000000202a0e4       0x20 C:/devkitPro/libnds/lib\libdswifi9.a(wifi_arm9.o)
                0x000000000202a0e4                Wifi_CheckInit
 .text.Wifi_Update
                0x000000000202a104      0x238 C:/devkitPro/libnds/lib\libdswifi9.a(wifi_arm9.o)
                0x000000000202a104                Wifi_Update
 .text.Wifi_Timer
                0x000000000202a33c       0x10 C:/devkitPro/libnds/lib\libdswifi9.a(wifi_arm9.o)
                0x000000000202a33c                Wifi_Timer
 .text.Timer_50ms
                0x000000000202a34c        0xa C:/devkitPro/libnds/lib\libdswifi9.a(wifi_arm9.o)
                0x000000000202a34c                Timer_50ms
 *fill*         0x000000000202a356        0x2 ff
 .text.Wifi_GetIPInfo
                0x000000000202a358       0x38 C:/devkitPro/libnds/lib\libdswifi9.a(wifi_arm9.o)
                0x000000000202a358                Wifi_GetIPInfo
 .text.Wifi_SetIP
                0x000000000202a390       0x24 C:/devkitPro/libnds/lib\libdswifi9.a(wifi_arm9.o)
                0x000000000202a390                Wifi_SetIP
 .text.Wifi_AssocStatus
                0x000000000202a3b4      0x30c C:/devkitPro/libnds/lib\libdswifi9.a(wifi_arm9.o)
                0x000000000202a3b4                Wifi_AssocStatus
 .text.Wifi_GetData
                0x000000000202a6c0       0x60 C:/devkitPro/libnds/lib\libdswifi9.a(wifi_arm9.o)
                0x000000000202a6c0                Wifi_GetData
 .text.Wifi_Sync
                0x000000000202a720       0x1c C:/devkitPro/libnds/lib\libdswifi9.a(wifi_arm9.o)
                0x000000000202a720                Wifi_Sync
 .text.wifiValue32Handler
                0x000000000202a73c        0xc C:/devkitPro/libnds/lib\libdswifi9.a(wifi_arm9.o)
                0x000000000202a73c                wifiValue32Handler
 .text.Wifi_InitDefault
                0x000000000202a748       0x8c C:/devkitPro/libnds/lib\libdswifi9.a(wifi_arm9.o)
                0x000000000202a748                Wifi_InitDefault
 .text.sgIP_FindArpSlot
                0x000000000202a7d4       0x2c C:/devkitPro/libnds/lib\libdswifi9.a(sgIP_ARP.o)
                0x000000000202a7d4                sgIP_FindArpSlot
 .text.sgIP_GetArpSlot
                0x000000000202a800       0x48 C:/devkitPro/libnds/lib\libdswifi9.a(sgIP_ARP.o)
                0x000000000202a800                sgIP_GetArpSlot
 .text.sgIP_ARP_Init
                0x000000000202a848       0x1c C:/devkitPro/libnds/lib\libdswifi9.a(sgIP_ARP.o)
                0x000000000202a848                sgIP_ARP_Init
 .text.sgIP_ARP_FlushInterface
                0x000000000202a864       0x24 C:/devkitPro/libnds/lib\libdswifi9.a(sgIP_ARP.o)
                0x000000000202a864                sgIP_ARP_FlushInterface
 .text.sgIP_ARP_SendARPResponse
                0x000000000202a888       0xd4 C:/devkitPro/libnds/lib\libdswifi9.a(sgIP_ARP.o)
                0x000000000202a888                sgIP_ARP_SendARPResponse
 .text.sgIP_ARP_SendGratARP
                0x000000000202a95c       0xd4 C:/devkitPro/libnds/lib\libdswifi9.a(sgIP_ARP.o)
                0x000000000202a95c                sgIP_ARP_SendGratARP
 .text.sgIP_ARP_SendARPRequest
                0x000000000202aa30       0xc0 C:/devkitPro/libnds/lib\libdswifi9.a(sgIP_ARP.o)
                0x000000000202aa30                sgIP_ARP_SendARPRequest
 .text.sgIP_ARP_Timer100ms
                0x000000000202aaf0       0x58 C:/devkitPro/libnds/lib\libdswifi9.a(sgIP_ARP.o)
                0x000000000202aaf0                sgIP_ARP_Timer100ms
 .text.sgIP_ARP_SendProtocolFrame
                0x000000000202ab48       0xe8 C:/devkitPro/libnds/lib\libdswifi9.a(sgIP_ARP.o)
                0x000000000202ab48                sgIP_ARP_SendProtocolFrame
 .text.sgIP_ARP_ProcessARPFrame
                0x000000000202ac30       0xdc C:/devkitPro/libnds/lib\libdswifi9.a(sgIP_ARP.o)
                0x000000000202ac30                sgIP_ARP_ProcessARPFrame
 .text.sgIP_Init
                0x000000000202ad0c       0x3c C:/devkitPro/libnds/lib\libdswifi9.a(sgIP.o)
                0x000000000202ad0c                sgIP_Init
 .text.sgIP_Timer
                0x000000000202ad48       0x6c C:/devkitPro/libnds/lib\libdswifi9.a(sgIP.o)
                0x000000000202ad48                sgIP_Timer
 .text.sgIP_UDP_Init
                0x000000000202adb4       0x1c C:/devkitPro/libnds/lib\libdswifi9.a(sgIP_UDP.o)
                0x000000000202adb4                sgIP_UDP_Init
 .text.sgIP_UDP_GetUnusedOutgoingPort
                0x000000000202add0       0x58 C:/devkitPro/libnds/lib\libdswifi9.a(sgIP_UDP.o)
                0x000000000202add0                sgIP_UDP_GetUnusedOutgoingPort
 .text.sgIP_UDP_CalcChecksum
                0x000000000202ae28       0x68 C:/devkitPro/libnds/lib\libdswifi9.a(sgIP_UDP.o)
                0x000000000202ae28                sgIP_UDP_CalcChecksum
 .text.sgIP_UDP_ReceivePacket
                0x000000000202ae90       0x9c C:/devkitPro/libnds/lib\libdswifi9.a(sgIP_UDP.o)
                0x000000000202ae90                sgIP_UDP_ReceivePacket
 .text.sgIP_UDP_SendPacket
                0x000000000202af2c       0xd0 C:/devkitPro/libnds/lib\libdswifi9.a(sgIP_UDP.o)
                0x000000000202af2c                sgIP_UDP_SendPacket
 .text.sgIP_UDP_AllocRecord
                0x000000000202affc       0x34 C:/devkitPro/libnds/lib\libdswifi9.a(sgIP_UDP.o)
                0x000000000202affc                sgIP_UDP_AllocRecord
 .text.sgIP_UDP_FreeRecord
                0x000000000202b030       0x4c C:/devkitPro/libnds/lib\libdswifi9.a(sgIP_UDP.o)
                0x000000000202b030                sgIP_UDP_FreeRecord
 .text.sgIP_UDP_Bind
                0x000000000202b07c       0x38 C:/devkitPro/libnds/lib\libdswifi9.a(sgIP_UDP.o)
                0x000000000202b07c                sgIP_UDP_Bind
 .text.sgIP_UDP_RecvFrom
                0x000000000202b0b4       0xc0 C:/devkitPro/libnds/lib\libdswifi9.a(sgIP_UDP.o)
                0x000000000202b0b4                sgIP_UDP_RecvFrom
 .text.sgIP_UDP_SendTo
                0x000000000202b174        0xe C:/devkitPro/libnds/lib\libdswifi9.a(sgIP_UDP.o)
                0x000000000202b174                sgIP_UDP_SendTo
 *fill*         0x000000000202b182        0x2 ff
 .text.sgIP_DHCP_Init
                0x000000000202b184       0x40 C:/devkitPro/libnds/lib\libdswifi9.a(sgIP_DHCP.o)
                0x000000000202b184                sgIP_DHCP_Init
 .text.sgIP_DHCP_SendDgram
                0x000000000202b1c4       0x6c C:/devkitPro/libnds/lib\libdswifi9.a(sgIP_DHCP.o)
                0x000000000202b1c4                sgIP_DHCP_SendDgram
 .text.sgIP_DHCP_BeginDgram
                0x000000000202b230      0x1cc C:/devkitPro/libnds/lib\libdswifi9.a(sgIP_DHCP.o)
                0x000000000202b230                sgIP_DHCP_BeginDgram
 .text.sgIP_DHCP_Terminate
                0x000000000202b3fc       0x34 C:/devkitPro/libnds/lib\libdswifi9.a(sgIP_DHCP.o)
                0x000000000202b3fc                sgIP_DHCP_Terminate
 .text.sgIP_DHCP_Start
                0x000000000202b430       0xc0 C:/devkitPro/libnds/lib\libdswifi9.a(sgIP_DHCP.o)
                0x000000000202b430                sgIP_DHCP_Start
 .text.sgIP_DHCP_Update
                0x000000000202b4f0      0x3d8 C:/devkitPro/libnds/lib\libdswifi9.a(sgIP_DHCP.o)
                0x000000000202b4f0                sgIP_DHCP_Update
 .text.gethostname
                0x000000000202b8c8       0x34 C:/devkitPro/libnds/lib\libdswifi9.a(sgIP_DHCP.o)
                0x000000000202b8c8                gethostname
 .text.sgIP_TCP_Init
                0x000000000202b8fc       0x34 C:/devkitPro/libnds/lib\libdswifi9.a(sgIP_TCP.o)
                0x000000000202b8fc                sgIP_TCP_Init
 .text.sgIP_TCP_support_seqhash
                0x000000000202b930       0x58 C:/devkitPro/libnds/lib\libdswifi9.a(sgIP_TCP.o)
                0x000000000202b930                sgIP_TCP_support_seqhash
 .text.sgIP_TCP_GetUnusedOutgoingPort
                0x000000000202b988       0x60 C:/devkitPro/libnds/lib\libdswifi9.a(sgIP_TCP.o)
                0x000000000202b988                sgIP_TCP_GetUnusedOutgoingPort
 .text.sgIP_TCP_CalcChecksum
                0x000000000202b9e8       0x58 C:/devkitPro/libnds/lib\libdswifi9.a(sgIP_TCP.o)
                0x000000000202b9e8                sgIP_TCP_CalcChecksum
 .text.sgIP_TCP_GenHeader
                0x000000000202ba40       0x98 C:/devkitPro/libnds/lib\libdswifi9.a(sgIP_TCP.o)
                0x000000000202ba40                sgIP_TCP_GenHeader
 .text.sgIP_TCP_FixChecksum
                0x000000000202bad8       0x60 C:/devkitPro/libnds/lib\libdswifi9.a(sgIP_TCP.o)
                0x000000000202bad8                sgIP_TCP_FixChecksum
 .text.sgIP_TCP_SendPacket
                0x000000000202bb38       0xc0 C:/devkitPro/libnds/lib\libdswifi9.a(sgIP_TCP.o)
                0x000000000202bb38                sgIP_TCP_SendPacket
 .text.sgIP_TCP_SendSynReply
                0x000000000202bbf8       0x9c C:/devkitPro/libnds/lib\libdswifi9.a(sgIP_TCP.o)
                0x000000000202bbf8                sgIP_TCP_SendSynReply
 .text.sgIP_TCP_Timer
                0x000000000202bc94      0x1d0 C:/devkitPro/libnds/lib\libdswifi9.a(sgIP_TCP.o)
                0x000000000202bc94                sgIP_TCP_Timer
 .text.sgIP_TCP_AllocRecord
                0x000000000202be64       0x48 C:/devkitPro/libnds/lib\libdswifi9.a(sgIP_TCP.o)
                0x000000000202be64                sgIP_TCP_AllocRecord
 .text.sgIP_TCP_ReceivePacket
                0x000000000202beac      0x4e8 C:/devkitPro/libnds/lib\libdswifi9.a(sgIP_TCP.o)
                0x000000000202beac                sgIP_TCP_ReceivePacket
 .text.sgIP_TCP_FreeRecord
                0x000000000202c394       0xcc C:/devkitPro/libnds/lib\libdswifi9.a(sgIP_TCP.o)
                0x000000000202c394                sgIP_TCP_FreeRecord
 .text.sgIP_TCP_Bind
                0x000000000202c460       0x28 C:/devkitPro/libnds/lib\libdswifi9.a(sgIP_TCP.o)
                0x000000000202c460                sgIP_TCP_Bind
 .text.sgIP_TCP_Close
                0x000000000202c488       0x30 C:/devkitPro/libnds/lib\libdswifi9.a(sgIP_TCP.o)
                0x000000000202c488                sgIP_TCP_Close
 .text.sgIP_TCP_Connect
                0x000000000202c4b8       0x7c C:/devkitPro/libnds/lib\libdswifi9.a(sgIP_TCP.o)
                0x000000000202c4b8                sgIP_TCP_Connect
 .text.sgIP_TCP_Send
                0x000000000202c534       0xf8 C:/devkitPro/libnds/lib\libdswifi9.a(sgIP_TCP.o)
                0x000000000202c534                sgIP_TCP_Send
 .text.sgIP_TCP_Recv
                0x000000000202c62c       0xd4 C:/devkitPro/libnds/lib\libdswifi9.a(sgIP_TCP.o)
                0x000000000202c62c                sgIP_TCP_Recv
 .text.sgIP_IP_ReceivePacket
                0x000000000202c700       0x94 C:/devkitPro/libnds/lib\libdswifi9.a(sgIP_IP.o)
                0x000000000202c700                sgIP_IP_ReceivePacket
 .text.sgIP_IP_MaxContentsSize
                0x000000000202c794        0xa C:/devkitPro/libnds/lib\libdswifi9.a(sgIP_IP.o)
                0x000000000202c794                sgIP_IP_MaxContentsSize
 .text.sgIP_IP_RequiredHeaderSize
                0x000000000202c79e        0x4 C:/devkitPro/libnds/lib\libdswifi9.a(sgIP_IP.o)
                0x000000000202c79e                sgIP_IP_RequiredHeaderSize
 *fill*         0x000000000202c7a2        0x2 ff
 .text.sgIP_IP_SendViaIP
                0x000000000202c7a4       0x88 C:/devkitPro/libnds/lib\libdswifi9.a(sgIP_IP.o)
                0x000000000202c7a4                sgIP_IP_SendViaIP
 .text.sgIP_IP_GetLocalBindAddr
                0x000000000202c82c        0xe C:/devkitPro/libnds/lib\libdswifi9.a(sgIP_IP.o)
                0x000000000202c82c                sgIP_IP_GetLocalBindAddr
 *fill*         0x000000000202c83a        0x2 ff
 .text.sgIP_ICMP_ReceivePacket
                0x000000000202c83c       0x58 C:/devkitPro/libnds/lib\libdswifi9.a(sgIP_ICMP.o)
                0x000000000202c83c                sgIP_ICMP_ReceivePacket
 .text.vramSetPrimaryBanks
                0x000000000202c894       0x44 C:/devkitPro/libnds/lib\libnds9.a(video.o)
                0x000000000202c894                vramSetPrimaryBanks
 .text.vramRestorePrimaryBanks
                0x000000000202c8d8        0xc C:/devkitPro/libnds/lib\libnds9.a(video.o)
                0x000000000202c8d8                vramRestorePrimaryBanks
 .text.vramDefault
                0x000000000202c8e4       0xd0 C:/devkitPro/libnds/lib\libnds9.a(video.o)
                0x000000000202c8e4                vramDefault
 .text.touchRead
                0x000000000202c9b4       0x24 C:/devkitPro/libnds/lib\libnds9.a(touch.o)
                0x000000000202c9b4                touchRead
 .text.__sassert
                0x000000000202c9d8       0x38 C:/devkitPro/libnds/lib\libnds9.a(sassert.o)
                0x000000000202c9d8                __sassert
 .text.systemValueHandler
                0x000000000202ca10       0x48 C:/devkitPro/libnds/lib\libnds9.a(system.o)
                0x000000000202ca10                systemValueHandler
 .text.systemMsgHandler
                0x000000000202ca58       0x60 C:/devkitPro/libnds/lib\libnds9.a(system.o)
                0x000000000202ca58                systemMsgHandler
 .text.powerOn  0x000000000202cab8       0x2c C:/devkitPro/libnds/lib\libnds9.a(system.o)
                0x000000000202cab8                powerOn
 .text.powerOff
                0x000000000202cae4       0x28 C:/devkitPro/libnds/lib\libnds9.a(system.o)
                0x000000000202cae4                powerOff
 .text.isRumbleInserted
                0x000000000202cb0c       0x88 C:/devkitPro/libnds/lib\libnds9.a(rumble.o)
                0x000000000202cb0c                isRumbleInserted
 .text.setRumble
                0x000000000202cb94       0x2c C:/devkitPro/libnds/lib\libnds9.a(rumble.o)
                0x000000000202cb94                setRumble
 .text.newRow   0x000000000202cbc0       0xb0 C:/devkitPro/libnds/lib\libnds9.a(console.o)
 .text.consolePrintChar
                0x000000000202cc70       0xec C:/devkitPro/libnds/lib\libnds9.a(console.o)
                0x000000000202cc70                consolePrintChar
 .text.con_write
                0x000000000202cd5c      0x374 C:/devkitPro/libnds/lib\libnds9.a(console.o)
                0x000000000202cd5c                con_write
 .text.consoleLoadFont
                0x000000000202d0d0      0x2a8 C:/devkitPro/libnds/lib\libnds9.a(console.o)
                0x000000000202d0d0                consoleLoadFont
 .text.consoleInit
                0x000000000202d378      0x194 C:/devkitPro/libnds/lib\libnds9.a(console.o)
                0x000000000202d378                consoleInit
 .text.consoleDemoInit
                0x000000000202d50c       0x40 C:/devkitPro/libnds/lib\libnds9.a(console.o)
                0x000000000202d50c                consoleDemoInit
 .text.sinLutLookup
                0x000000000202d54c       0x38 C:/devkitPro/libnds/lib\libnds9.a(trig.o)
                0x000000000202d54c                sinLutLookup
 .text.sinLerp  0x000000000202d584       0x40 C:/devkitPro/libnds/lib\libnds9.a(trig.o)
                0x000000000202d584                sinLerp
 .text.cosLerp  0x000000000202d5c4       0x4c C:/devkitPro/libnds/lib\libnds9.a(trig.o)
                0x000000000202d5c4                cosLerp
 .text.tanLerp  0x000000000202d610       0xa4 C:/devkitPro/libnds/lib\libnds9.a(trig.o)
                0x000000000202d610                tanLerp
 .text.scanKeys
                0x000000000202d6b4       0x8c C:/devkitPro/libnds/lib\libnds9.a(keys.o)
                0x000000000202d6b4                scanKeys
 .text.keysHeld
                0x000000000202d740        0xc C:/devkitPro/libnds/lib\libnds9.a(keys.o)
                0x000000000202d740                keysHeld
 .text.keysDown
                0x000000000202d74c       0x14 C:/devkitPro/libnds/lib\libnds9.a(keys.o)
                0x000000000202d74c                keysDown
 .text.keysUp   0x000000000202d760       0x18 C:/devkitPro/libnds/lib\libnds9.a(keys.o)
                0x000000000202d760                keysUp
 .text.dldiGetInternal
                0x000000000202d778       0x34 C:/devkitPro/libnds/lib\libnds9.a(dldi.o)
                0x000000000202d778                dldiGetInternal
 .text.get_io_dsisd
                0x000000000202d7ac       0x24 C:/devkitPro/libnds/lib\libnds9.a(dldi.o)
                0x000000000202d7ac                get_io_dsisd
 .text.initSystem
                0x000000000202d7d0      0x198 C:/devkitPro/libnds/lib\libnds9.a(initSystem.o)
                0x000000000202d7d0                initSystem
 .text.__libnds_gtod
                0x000000000202d968       0x28 C:/devkitPro/libnds/lib\libnds9.a(timeSupport.o)
                0x000000000202d968                __libnds_gtod
 .text.irqDummy
                0x000000000202d990        0x4 C:/devkitPro/libnds/lib\libnds9.a(interrupts.o)
                0x000000000202d990                irqDummy
 .text.irqSet   0x000000000202d994       0x6c C:/devkitPro/libnds/lib\libnds9.a(interrupts.o)
                0x000000000202d994                irqSet
 .text.irqInit  0x000000000202da00       0x50 C:/devkitPro/libnds/lib\libnds9.a(interrupts.o)
                0x000000000202da00                irqInit
 .text.irqEnable
                0x000000000202da50       0x64 C:/devkitPro/libnds/lib\libnds9.a(interrupts.o)
                0x000000000202da50                irqEnable
 .text.systemErrorExit
                0x000000000202dab4        0x4 C:/devkitPro/libnds/lib\libnds9.a(libnds_exit.arm.o)
                0x000000000202dab4                systemErrorExit
 .text.__libnds_exit
                0x000000000202dab8       0x5c C:/devkitPro/libnds/lib\libnds9.a(libnds_exit.arm.o)
                0x000000000202dab8                __libnds_exit
 .text.fifo_queueBlock
                0x000000000202db14       0x44 C:/devkitPro/libnds/lib\libnds9.a(fifosystem.o)
 .text.fifo_waitBlock
                0x000000000202db58       0x80 C:/devkitPro/libnds/lib\libnds9.a(fifosystem.o)
 .text.fifoInternalSend.part.0
                0x000000000202dbd8       0xd4 C:/devkitPro/libnds/lib\libnds9.a(fifosystem.o)
 .text.fifoInternalSendInterrupt
                0x000000000202dcac       0xa8 C:/devkitPro/libnds/lib\libnds9.a(fifosystem.o)
 .text.fifoSetValue32Handler
                0x000000000202dd54       0xd8 C:/devkitPro/libnds/lib\libnds9.a(fifosystem.o)
                0x000000000202dd54                fifoSetValue32Handler
 .text.fifoSendAddress
                0x000000000202de2c       0x38 C:/devkitPro/libnds/lib\libnds9.a(fifosystem.o)
                0x000000000202de2c                fifoSendAddress
 .text.fifoSendValue32
                0x000000000202de64       0x4c C:/devkitPro/libnds/lib\libnds9.a(fifosystem.o)
                0x000000000202de64                fifoSendValue32
 .text.fifoSendDatamsg
                0x000000000202deb0       0x90 C:/devkitPro/libnds/lib\libnds9.a(fifosystem.o)
                0x000000000202deb0                fifoSendDatamsg
 .text.fifoGetValue32
                0x000000000202df40       0x70 C:/devkitPro/libnds/lib\libnds9.a(fifosystem.o)
                0x000000000202df40                fifoGetValue32
 .text.fifoGetDatamsg
                0x000000000202dfb0       0xf4 C:/devkitPro/libnds/lib\libnds9.a(fifosystem.o)
                0x000000000202dfb0                fifoGetDatamsg
 .text.fifoInternalRecvInterrupt
                0x000000000202e0a4      0x380 C:/devkitPro/libnds/lib\libnds9.a(fifosystem.o)
 .text.fifoSetDatamsgHandler
                0x000000000202e424       0x9c C:/devkitPro/libnds/lib\libnds9.a(fifosystem.o)
                0x000000000202e424                fifoSetDatamsgHandler
 .text.fifoCheckValue32
                0x000000000202e4c0       0x24 C:/devkitPro/libnds/lib\libnds9.a(fifosystem.o)
                0x000000000202e4c0                fifoCheckValue32
 .text.fifoInit
                0x000000000202e4e4       0xf8 C:/devkitPro/libnds/lib\libnds9.a(fifosystem.o)
                0x000000000202e4e4                fifoInit
 .text.DC_FlushAll
                0x000000000202e5dc       0x2c C:/devkitPro/libnds/lib\libnds9.a(dcache.o)
                0x000000000202e5dc                DC_FlushAll
 .text.DC_FlushRange
                0x000000000202e608       0x24 C:/devkitPro/libnds/lib\libnds9.a(dcache.o)
                0x000000000202e608                DC_FlushRange
 .text.__libnds_mpu_setup
                0x000000000202e62c      0x174 C:/devkitPro/libnds/lib\libnds9.a(mpu_setup.o)
                0x000000000202e62c                __libnds_mpu_setup
 .text.memUncached
                0x000000000202e7a0       0x20 C:/devkitPro/libnds/lib\libnds9.a(mpu_setup.o)
                0x000000000202e7a0                memUncached
 .text.swiWaitForVBlank
                0x000000000202e7c0        0x8 C:/devkitPro/libnds/lib\libnds9.a(IntrWait.o)
                0x000000000202e7c0                swiWaitForVBlank
 .text.swiIntrWait
                0x000000000202e7c8       0x70 C:/devkitPro/libnds/lib\libnds9.a(IntrWait.o)
                0x000000000202e7c8                swiIntrWait
 .text.setCpuClock
                0x000000000202e838       0x50 C:/devkitPro/libnds/lib\libnds9.a(cpu_clock.o)
                0x000000000202e838                setCpuClock
 .text.swiSoftReset
                0x000000000202e888       0x2c C:/devkitPro/libnds/lib\libnds9.a(swiSoftReset.o)
                0x000000000202e888                swiSoftReset
 .text.swiDelay
                0x000000000202e8b4        0x4 C:/devkitPro/libnds/lib\libnds9.a(biosCalls.o)
                0x000000000202e8b4                swiDelay
 .text.swiCopy  0x000000000202e8b8        0x4 C:/devkitPro/libnds/lib\libnds9.a(biosCalls.o)
                0x000000000202e8b8                swiCopy
 .text.checkIfText
                0x000000000202e8bc       0x5c C:/devkitPro/libnds/lib\libnds9.a(background.o)
                0x000000000202e8bc                checkIfText
 .text.bgUpdate
                0x000000000202e918       0xf4 C:/devkitPro/libnds/lib\libnds9.a(background.o)
                0x000000000202e918                bgUpdate
 .text.bgInit_call
                0x000000000202ea0c       0xc4 C:/devkitPro/libnds/lib\libnds9.a(background.o)
                0x000000000202ea0c                bgInit_call
 .text.bgInitSub_call
                0x000000000202ead0       0xcc C:/devkitPro/libnds/lib\libnds9.a(background.o)
                0x000000000202ead0                bgInitSub_call
 .text.cos      0x000000000202eb9c       0xa8 c:/devkitpro/devkitarm/bin/../lib/gcc/arm-none-eabi/11.1.0/../../../../arm-none-eabi/lib/thumb\libm.a(lib_a-s_cos.o)
                0x000000000202eb9c                cos
 .text.cosf     0x000000000202ec44       0x7c c:/devkitpro/devkitarm/bin/../lib/gcc/arm-none-eabi/11.1.0/../../../../arm-none-eabi/lib/thumb\libm.a(lib_a-sf_cos.o)
                0x000000000202ec44                cosf
 .text.floor    0x000000000202ecc0      0x130 c:/devkitpro/devkitarm/bin/../lib/gcc/arm-none-eabi/11.1.0/../../../../arm-none-eabi/lib/thumb\libm.a(lib_a-s_floor.o)
                0x000000000202ecc0                floor
 .text.sinf     0x000000000202edf0       0x7c c:/devkitpro/devkitarm/bin/../lib/gcc/arm-none-eabi/11.1.0/../../../../arm-none-eabi/lib/thumb\libm.a(lib_a-sf_sin.o)
                0x000000000202edf0                sinf
 .text.sin      0x000000000202ee6c       0xa8 c:/devkitpro/devkitarm/bin/../lib/gcc/arm-none-eabi/11.1.0/../../../../arm-none-eabi/lib/thumb\libm.a(lib_a-s_sin.o)
                0x000000000202ee6c                sin
 .text.exp      0x000000000202ef14       0x74 c:/devkitpro/devkitarm/bin/../lib/gcc/arm-none-eabi/11.1.0/../../../../arm-none-eabi/lib/thumb\libm.a(lib_a-w_exp.o)
                0x000000000202ef14                exp
 .text.atan2f   0x000000000202ef88        0xc c:/devkitpro/devkitarm/bin/../lib/gcc/arm-none-eabi/11.1.0/../../../../arm-none-eabi/lib/thumb\libm.a(lib_a-wf_atan2.o)
                0x000000000202ef88                atan2f
 .text.sqrtf    0x000000000202ef94       0x40 c:/devkitpro/devkitarm/bin/../lib/gcc/arm-none-eabi/11.1.0/../../../../arm-none-eabi/lib/thumb\libm.a(lib_a-wf_sqrt.o)
                0x000000000202ef94                sqrtf
 .text.sqrt     0x000000000202efd4       0x54 c:/devkitpro/devkitarm/bin/../lib/gcc/arm-none-eabi/11.1.0/../../../../arm-none-eabi/lib/thumb\libm.a(lib_a-w_sqrt.o)
                0x000000000202efd4                sqrt
 .text.__ieee754_exp
                0x000000000202f028      0x374 c:/devkitpro/devkitarm/bin/../lib/gcc/arm-none-eabi/11.1.0/../../../../arm-none-eabi/lib/thumb\libm.a(lib_a-e_exp.o)
                0x000000000202f028                __ieee754_exp
 .text.__ieee754_atan2f