Archive member included to satisfy reference by file (symbol)

C:/devkitPro/libnds/lib\libmm9.a(mm_soundbank.o)
                              sounds.o (mmSoundBankInFiles)
C:/devkitPro/libnds/lib\libmm9.a(mm_comms.o)
                              sounds.o (mmEffect)
C:/devkitPro/libnds/lib\libmm9.a(mm_memory.o)
                              sounds.o (mmLoadEffect)
C:/devkitPro/libnds/lib\libmm9.a(mm_main9.o)
                              C:/devkitPro/libnds/lib\libmm9.a(mm_soundbank.o) (mmcbMemory)
C:/devkitPro/libnds/lib\libmm9.a(mm_flusher.o)
                              C:/devkitPro/libnds/lib\libmm9.a(mm_memory.o) (mmFlushBank)
C:/devkitPro/nitro-engine/lib\libNE.a(NE2D.o)
                              main.o (NE_SpriteCreate)
C:/devkitPro/nitro-engine/lib\libNE.a(NECamera.o)
                              main.o (NE_CameraCreate)
C:/devkitPro/nitro-engine/lib\libNE.a(NEFormats.o)
                              gun.o (NE_MaterialTexLoadBMPtoRGB256)
C:/devkitPro/nitro-engine/lib\libNE.a(NEGeneral.o)
                              gun.o (NE_SetFov)
C:/devkitPro/nitro-engine/lib\libNE.a(NEGUI.o)
                              C:/devkitPro/nitro-engine/lib\libNE.a(NEGeneral.o) (NE_GUIUpdate)
C:/devkitPro/nitro-engine/lib\libNE.a(NEModel.o)
                              collisions.o (NE_ModelCreate)
C:/devkitPro/nitro-engine/lib\libNE.a(NEPalette.o)
                              gun.o (NE_PaletteCreate)
C:/devkitPro/nitro-engine/lib\libNE.a(NEPhysics.o)
                              collisions.o (NE_PhysicsCreate)
C:/devkitPro/nitro-engine/lib\libNE.a(NEPolygon.o)
                              C:/devkitPro/nitro-engine/lib\libNE.a(NEGeneral.o) (NE_LightOff)
C:/devkitPro/nitro-engine/lib\libNE.a(NEText.o)
                              C:/devkitPro/nitro-engine/lib\libNE.a(NEGeneral.o) (NE_TextPriorityReset)
C:/devkitPro/nitro-engine/lib\libNE.a(NETexture.o)
                              gun.o (NE_MaterialCreate)
C:/devkitPro/nitro-engine/lib\libNE.a(NEAlloc.o)
                              C:/devkitPro/nitro-engine/lib\libNE.a(NEPalette.o) (NE_AllocInit)
C:/devkitPro/nitro-engine/lib\libNE.a(NEFAT.o)
                              C:/devkitPro/nitro-engine/lib\libNE.a(NEFormats.o) (NE_FATLoadData)
C:/devkitPro/libnds/lib\libfat.a(libfat.o)
                              main.o (fatInitDefault)
C:/devkitPro/libnds/lib\libfat.a(disc.o)
                              C:/devkitPro/libnds/lib\libfat.a(libfat.o) (_FAT_disc_interfaces)
C:/devkitPro/libnds/lib\libfat.a(fatfile.o)
                              C:/devkitPro/libnds/lib\libfat.a(libfat.o) (_FAT_open_r)
C:/devkitPro/libnds/lib\libfat.a(cache.o)
                              C:/devkitPro/libnds/lib\libfat.a(fatfile.o) (_FAT_cache_readSectors)
C:/devkitPro/libnds/lib\libfat.a(fatdir.o)
                              C:/devkitPro/libnds/lib\libfat.a(libfat.o) (_FAT_stat_r)
C:/devkitPro/libnds/lib\libfat.a(directory.o)
                              C:/devkitPro/libnds/lib\libfat.a(fatfile.o) (_FAT_directory_entryGetCluster)
C:/devkitPro/libnds/lib\libfat.a(partition.o)
                              C:/devkitPro/libnds/lib\libfat.a(libfat.o) (_FAT_partition_destructor)
C:/devkitPro/libnds/lib\libfat.a(lock.o)
                              C:/devkitPro/libnds/lib\libfat.a(partition.o) (_FAT_lock_init)
C:/devkitPro/libnds/lib\libfat.a(filetime.o)
                              C:/devkitPro/libnds/lib\libfat.a(fatfile.o) (_FAT_filetime_getTimeFromRTC)
C:/devkitPro/libnds/lib\libfat.a(file_allocation_table.o)
                              C:/devkitPro/libnds/lib\libfat.a(fatfile.o) (_FAT_fat_nextCluster)
C:/devkitPro/libnds/lib\libnds9.a(video.o)
                              C:/devkitPro/nitro-engine/lib\libNE.a(NETexture.o) (vramSetPrimaryBanks)
C:/devkitPro/libnds/lib\libnds9.a(touch.o)
                              input.o (touchRead)
C:/devkitPro/libnds/lib\libnds9.a(sassert.o)
                              C:/devkitPro/nitro-engine/lib\libNE.a(NEModel.o) (__sassert)
C:/devkitPro/libnds/lib\libnds9.a(system.o)
                              C:/devkitPro/nitro-engine/lib\libNE.a(NEGeneral.o) (powerOn)
C:/devkitPro/libnds/lib\libnds9.a(rumble.o)
                              main.o (isRumbleInserted)
C:/devkitPro/libnds/lib\libnds9.a(console.o)
                              C:/devkitPro/nitro-engine/lib\libNE.a(NEGeneral.o) (consoleInit)
C:/devkitPro/libnds/lib\libnds9.a(trig.o)
                              C:/devkitPro/nitro-engine/lib\libNE.a(NE2D.o) (sinLerp)
C:/devkitPro/libnds/lib\libnds9.a(keys.o)
                              input.o (scanKeys)
C:/devkitPro/libnds/lib\libnds9.a(dldi.o)
                              C:/devkitPro/libnds/lib\libfat.a(disc.o) (dldiGetInternal)
C:/devkitPro/libnds/lib\libnds9.a(initSystem.o)
                              c:/devkitpro/devkitarm/bin/../lib/gcc/arm-none-eabi/11.1.0/../../../../arm-none-eabi/lib/ds_arm9_crt0.o (initSystem)
C:/devkitPro/libnds/lib\libnds9.a(timeSupport.o)
[...]
Memory Configuration

Name             Origin             Length             Attributes
ewram            0x0000000002000000 0x0000000000380000
dtcm             0x0000000002ff0000 0x0000000000004000
vectors          0x0000000001000000 0x0000000000000100
itcm             0x0000000001000100 0x0000000000007f00
*default*        0x0000000000000000 0xffffffffffffffff

Linker script and memory map

                0x0000000002380000                __ewram_end = (ORIGIN (ewram) + LENGTH (ewram))
                0x0000000002380000                __eheap_end = (ORIGIN (ewram) + LENGTH (ewram))
                0x0000000002ff4000                __dtcm_top = (ORIGIN (dtcm) + LENGTH (dtcm))
                0x0000000002ff3ff8                __irq_flags = (__dtcm_top - 0x8)
                0x0000000002ff3ffc                __irq_vector = (__dtcm_top - 0x4)
                0x0000000002ff3f00                __sp_svc = (__dtcm_top - 0x100)
                0x0000000002ff3e00                __sp_irq = (__sp_svc - 0x100)
                0x0000000002ff3d00                __sp_usr = (__sp_irq - 0x100)

.secure         0x0000000002000000      0x800
 *(.secure)
 .secure        0x0000000002000000      0x800 C:/devkitPro/libnds/lib\libnds9.a(securearea.o)
                0x0000000002000000                __secure_area__

.crt0           0x0000000002000800      0x300
                0x0000000002000800                __text_start = .
 *(.crt0)
 .crt0          0x0000000002000800      0x300 c:/devkitpro/devkitarm/bin/../lib/gcc/arm-none-eabi/11.1.0/../../../../arm-none-eabi/lib/ds_arm9_crt0.o
                0x0000000002000800                _start
                0x0000000002000b00                . = ALIGN (0x4)

.plt
 *(.plt)

.init           0x0000000002000b00       0x18
 *(SORT_NONE(.init))
 .init          0x0000000002000b00        0xc c:/devkitpro/devkitarm/bin/../lib/gcc/arm-none-eabi/11.1.0/crti.o
                0x0000000002000b00                _init
 .init          0x0000000002000b0c        0xc c:/devkitpro/devkitarm/bin/../lib/gcc/arm-none-eabi/11.1.0/crtn.o

.text           0x0000000002000b40    0x63fe0
 *(EXCLUDE_FILE(*.twl* *.vectors* *.itcm*) .text)
 .text          0x0000000002000b40     0x5a60 ai.o
                0x0000000002000b40                setBotsNames
                0x0000000002000d70                ResetTakenBotsNames
                0x0000000002000d84                copyArrayToAllMatricesLength
                0x0000000002000e00                freeAllMatricesLength
                0x0000000002000e78                createLengthMatrices
                0x0000000002003b40                CreateWaypoints
                0x0000000002005068                GetWaypoints
                0x0000000002005074                getNearestWaypoint
                0x0000000002005154                GetDistanceBewteenTwoPlayers
                0x00000000020051f8                CreateWaypoint
                0x0000000002005248                freeWaypoint
                0x00000000020052ac                CheckPathWaypoint
                0x0000000002005410                StartChecking
                0x0000000002005570                AiCheckForAction
                0x0000000002005e90                SetRandomDefuser
                0x0000000002006038                SetDefuser
                0x0000000002006060                checkAiShoot
                0x000000000200635c                CheckShopForBot
                0x000000000200648c                checkShopForBots
 .text          0x00000000020065a0     0x7cc4 collisions.o
                0x00000000020065a0                CalculateAllTriggerColBoxs
                0x0000000002007094                LoadAllStairs
                0x000000000200797c                LoadAllBombZones
                0x0000000002007a9c                CreateStairs
                0x0000000002007af8                CreateWall
                0x0000000002007d00                LoadAllCollisions
                0x000000000200b388                CalculatePlayerColBox
                0x000000000200b4b4                CalculateTriggerColBox
                0x000000000200b5d0                CalculateShadowColBox
                0x000000000200b760                SetBombZone
                0x000000000200b890                SetBombDefuseZone
                0x000000000200b8ec                SetCollisionBox
                0x000000000200b97c                SetBombTakingZone
                0x000000000200ba1c                checkPlayerOcclusionZone
                0x000000000200bb9c                checkPlayerShadow
                0x000000000200be44                checkBombZoneWaypoint
                0x000000000200befc                CheckZones
                0x000000000200c0d4                checkTakingBombZone
                0x000000000200c1fc                checkShopZone
                0x000000000200c2e4                CheckStairs
                0x000000000200c698                checkZoneForOcclusion
                0x000000000200c6d8                CheckStairsForGrenades
                0x000000000200cac8                prepareAiRaycast
                0x000000000200cf8c                setRaycastValues
                0x000000000200cfc4                getHitDistance
                0x000000000200d150                Raycast
                0x000000000200dd94                sign
                0x000000000200de0c                PointInTriangle
                0x000000000200e030                signInt
                0x000000000200e05c                PointInTriangleInt
 .text          0x000000000200e264      0x7d4 draw3d.o
                0x000000000200e418                Draw3DScene
                0x000000000200e964                DrawPlayers
                0x000000000200e97c                Draw3DSceneNotInGame
 .text          0x000000000200ea38      0x134 equipment.o
                0x000000000200ea38                LoadEquipments
 .text          0x000000000200eb6c      0xd3c grenade.o
                0x000000000200eb6c                LoadGrenades
                0x000000000200ecc4                CreateGrenade
                0x000000000200ef90                lanchGrenade
                0x000000000200f0b0                DeleteGrenade
                0x000000000200f10c                UpdateGrenades
 .text          0x000000000200f8a8     0x1360 gun.o
                0x000000000200f8a8                AddGuns
                0x00000000020105f0                ReloadGun
                0x00000000020106ac                SetAim
                0x0000000002010754                DisableAim
                0x000000000201076c                getPlayerCurrentGunIndex
                0x000000000201077c                getPlayerCurrentGun
                0x00000000020107b4                ResetGunAmmo
                0x0000000002010820                ResetGunsAmmo
                0x00000000020108d0                setGunRecoil
                0x00000000020108f8                StopReloading
                0x0000000002010918                startReloadGun
                0x00000000020109a4                UpdateGunTexture
                0x0000000002010a98                findGun
 .text          0x0000000002010c08      0x8dc input.o
                0x0000000002010c08                readKeys
                0x0000000002010c44                ReadTouchScreen
                0x000000000201121c                UpdateGamepadArea
                0x0000000002011250                ScanForInput
                0x0000000002011460                isKeyDown
                0x000000000201148c                isKeyUp
                0x00000000020114b8                isKey
 .text          0x00000000020114e4     0x10dc keyboard.o
                0x00000000020114e4                shiftKeyboard
                0x0000000002011510                makeSpace
                0x0000000002011544                cancelKeyboard
                0x000000000201158c                makeDelete
                0x00000000020115bc                confirmKeyboard
                0x0000000002011634                initKeyboard
                0x0000000002011b78                changeKeyboardMode
                0x0000000002011bc8                drawKeyBoard
                0x0000000002011fb8                readKeyboard
 .text          0x00000000020125c0     0x4108 main.o
                0x00000000020125c0                Draw3DScene2
                0x00000000020125c4                error_handler
                0x00000000020126ac                setCameraMapPosition
                0x0000000002012790                StartSinglePlayer
                0x00000000020127a4                GetCurrentMenu
                0x00000000020127b4                SetCurrentMenu
                0x00000000020127c4                GetUpdateBottomScreenOneFrame
                0x00000000020127d4                SetUpdateBottomScreenOneFrame
                0x00000000020127e4                GetButtonToShow
                0x00000000020127f4                SetButtonToShow
                0x0000000002012804                SetWaitForTeamResponse
                0x0000000002012814                GetAllGrenades
                0x0000000002012820                GetCheckBoxs
                0x000000000201282c                GetSpritesTop
                0x0000000002012838                GetSpritesBottom
                0x0000000002012844                GetBottomScreenSpritesMaterials
                0x0000000002012850                GetPalettes
                0x000000000201285c                GetAlwaysUpdateBottomScreen
                0x000000000201286c                SetAlwaysUpdateBottomScreen
                0x000000000201287c                GetNeedChangeScreen
                0x000000000201288c                GetIsDebugBottomScreen
                0x000000000201289c                SetIsDebugBottomScreen
                0x00000000020128ac                GetIsDebugTopScreen
                0x00000000020128bc                SetIsDebugTopScreen
                0x00000000020128cc                SetNeedChangeScreen
                0x00000000020128dc                SetTwoScreenMode
                0x0000000002012924                SetSendTeam
                0x0000000002012934                SetTempTeam
                0x0000000002012944                GetTempTeam
                0x0000000002012954                SetPing
                0x0000000002012964                GetPing
                0x0000000002012974                SetCounterScore
                0x0000000002012984                GetCounterScore
                0x0000000002012994                SetTerroristsScore
                0x00000000020129a4                GetTerroristsScore
                0x00000000020129b4                SetTextToShowTimer
                0x00000000020129c4                GetTextToShowTimer
                0x00000000020129d4                SetNeedJump
                0x0000000002012a10                SetSelectedGunShop
                0x0000000002012a20                GetSelectedGunShop
                0x0000000002012a30                SetCurrentCameraPlayer
                0x0000000002012a40                GetCurrentCameraPlayer
                0x0000000002012a50                SetGunInInventory
                0x0000000002012b34                SetGunInInventoryForNonLocalPlayer
                0x0000000002012c10                SetSendBuyWeapon
                0x0000000002012c20                SetNeedUpdateViewRotation
                0x0000000002012c30                GetNeedUpdateViewRotation
                0x0000000002012c40                SetSendPosition
                0x0000000002012c50                GetSendPosition
                0x0000000002012c60                SetCameraAngleY
                0x0000000002012c70                GetCameraAngleY
                0x0000000002012c80                GetCurrentScopeLevel
                0x0000000002012c90                SetDoubleTapTimer
                0x0000000002012ca0                GetDoubleTapTimer
                0x0000000002012cb0                ChangeGunInInventoryForLocalPlayer
                0x0000000002012db0                ChangeGunInInventory
                0x0000000002012f04                setSelectedGunInInventory
                0x0000000002012f5c                reduceRumbleTimer
                0x0000000002012f90                reduceDoubleTapTimer
                0x0000000002012fac                reduceScreenShake
                0x0000000002013158                addExplosionScreenShake
                0x0000000002013170                isLocalPlayerMoving
                0x00000000020131a0                UpdateEngineNotInGame
                0x0000000002013214                UpdateEngine
                0x00000000020132cc                buyGun
                0x00000000020135a0                setNewRoundHandWeapon
                0x000000000201364c                map
                0x00000000020136c8                mapInt
                0x00000000020136f0                CalculatePlayerPosition
                0x0000000002013770                rumble
                0x000000000201379c                killPlayer
                0x00000000020137d4                checkAfterDamage
                0x0000000002013e24                makeHit
                0x000000000201420c                GameLoop
                0x000000000201623c                StartGame
 .text          0x00000000020166c8      0x664 map.o
                0x00000000020166c8                UnLoadMap
                0x000000000201681c                LoadMapTextures
                0x0000000002016840                SetMapNames
                0x0000000002016864                SetMapPartyMode
                0x0000000002016880                SetMapCameraPosition
                0x00000000020168f8                AddAllSpawnPoints
                0x0000000002016a24                loadMapModels
                0x0000000002016c2c                LoadMap
                0x0000000002016c70                getMapWalls
                0x0000000002016c94                getMapWallsCount
                0x0000000002016cb8                SetName
                0x0000000002016ccc                SetAngles
                0x0000000002016ce8                AddSpawnPoint
 .text          0x0000000002016d2c     0x199c movements.o
                0x0000000002016d2c                SetPlayersForMovements
                0x0000000002016d30                MovePlayer
                0x0000000002016f50                AddAnglesToPlayer
                0x000000000201705c                RotatePlayer
                0x0000000002017194                UpdateLookRotation
                0x0000000002017580                ForceUpdateLookRotation
                0x0000000002017594                UpdateLookRotationAI
                0x00000000020176ac                GetRotationForCullingAI
                0x00000000020177b8                normalize
                0x0000000002017854                normalize2D
                0x00000000020178bc                normalize1D
                0x00000000020178ec                SetOnlinelPlayersPositions
 .text          0x00000000020186c8     0x29bc network.o
                0x00000000020186c8                ReadServerListData
                0x00000000020189c0                ReadServerData
                0x000000000201ae58                connectToServer
                0x000000000201b034                connectFromServerList
 .text          0x000000000201b084      0xab0 Party.o
                0x000000000201b084                AddAllPartyModes
                0x000000000201b254                AddPartyMode
                0x000000000201b2d8                finishParty
                0x000000000201b314                CheckAfterRound
                0x000000000201b4f8                partyTimerTick
                0x000000000201b87c                CheckTeamDeathCount
 .text          0x000000000201bb34     0x12c4 player.o
                0x000000000201bb34                playerUpdate
                0x000000000201bb38                jump
                0x000000000201bb3c                createPlayerShadow
                0x000000000201bbc8                setPlayerHealth
                0x000000000201bd24                removeAllPlayers
                0x000000000201bd84                setPlayersPositionAtSpawns
                0x000000000201bfe0                setPlayerPositionAtSpawns
                0x000000000201c1e0                UpdatePlayerTexture
                0x000000000201c230                AddNewPlayer
                0x000000000201c71c                setBombForARandomPlayer
                0x000000000201c8d8                addMoneyToTeam
                0x000000000201ca58                setPlayerMoney
                0x000000000201ca9c                addPlayerMoney
                0x000000000201cb18                reducePlayerMoney
                0x000000000201cb68                resetPlayer
 .text          0x000000000201cdf8      0x224 saveManager.o
                0x000000000201cdf8                Save
                0x000000000201ced8                Load
 .text          0x000000000201d01c      0x75c sounds.o
                0x000000000201d01c                initSoundSystem
                0x000000000201d20c                DoStepSound
                0x000000000201d2b8                GetPanning
                0x000000000201d524                GetPanningByPosition
                0x000000000201d728                Play3DSound
                0x000000000201d758                Play2DSound
                0x000000000201d774                PlayBasicSound
 .text          0x000000000201d778      0xd70 tutorial.o
                0x000000000201d778                getTutorialText
                0x000000000201daa8                checkTutorial
                0x000000000201ddf4                nextStep
                0x000000000201e150                updateTutorialDialogText
                0x000000000201e488                endTutorial
 .text          0x000000000201e4e8     0x721c ui.o
                0x000000000201e4e8                changeServer
                0x000000000201e590                startScanForInput
                0x000000000201e6b0                drawGameMenu
                0x000000000201e6e4                drawMainMenu
                0x000000000201e75c                drawControlsChangeMenu
                0x000000000201e8b4                drawSelectionMapListMenu
                0x000000000201e8e8                drawGameFinishedMenu
                0x000000000201f050                drawScoreMenu
                0x000000000201f7f8                drawShopCategoriesMenu
                0x000000000201f97c                drawServersMenu
                0x000000000201fafc                changeMapState
                0x000000000201fb20                BuyWeapon
                0x000000000201fb40                unloadShopMenu
                0x000000000201fb68                unloadControllerMenu
                0x000000000201fbb0                ChangeMap
                0x000000000201fc50                ChangeWeapon
                0x0000000002020128                drawControllerMenu
                0x0000000002020240                drawQuitMenu
                0x00000000020202ac                SetTeam
                0x000000000202032c                drawChangeNameMenu
                0x0000000002020330                unloadSelectionMapImageMenu
                0x0000000002020358                initChangeNameMenu
                0x000000000202044c                initQuitMenu
                0x0000000002020580                initServerMenu
                0x00000000020206b4                initControlsSettingsMenu
                0x000000000202082c                initScoreMenu
                0x0000000002020988                initMainMenu
                0x0000000002020b5c                initSettingsMenu
                0x0000000002020d64                initSelectionMapImageMenu
                0x0000000002020f40                initGameMenu
                0x0000000002021184                initControllerMenu
                0x0000000002021408                initControlsChangeMenu
                0x000000000202177c                changeControlsPage
                0x00000000020217b4                initShopCategoriesMenu
                0x0000000002021990                SetSpritesForUI
                0x00000000020219c0                SetCheckBoxToShow
                0x00000000020219d0                SetSliderToShow
                0x00000000020219e0                SetCheckBoxsRefForUI
                0x00000000020219f8                GetShopCategory
                0x0000000002021a08                GetWeaponCountVar
                0x0000000002021a18                SetWeaponCountFromCategory
                0x0000000002021a90                printLongText
                0x0000000002021cdc                drawSelectionMapImageMenu
                0x0000000002021dbc                drawControlsSettingsMenu
                0x0000000002021e60                drawShopMenu
                0x0000000002022218                drawSettingsMenu
                0x00000000020222a0                printLongConstChar
                0x00000000020222a4                centerPositionOfAText
                0x0000000002022320                setDialogText
                0x0000000002022330                showDialog
                0x00000000020223d4                startChangeMenu
                0x000000000202245c                closeMap
                0x0000000002022470                setQuitButton
                0x000000000202248c                showPartyEventText
                0x0000000002022540                showKillText
                0x000000000202260c                updateKeyboardModeButton
                0x0000000002022640                drawNameChanging
                0x0000000002022724                drawTopScreenUI
                0x00000000020246a8                initGameFinishedMenu
                0x0000000002024760                initShopMenu
                0x0000000002024a04                ChangeMenu
                0x0000000002024d34                OpenShopCategory
                0x0000000002024dcc                initChatMenu
                0x0000000002024dd0                initSelectionMapListMenu
                0x0000000002024f08                drawChatMenu
                0x0000000002024f0c                drawButtons
                0x000000000202535c                drawCheckboxs
                0x00000000020254d8                drawSliders
                0x0000000002025624                drawBottomScreenUI
 .text          0x0000000002025704      0x100 C:/devkitPro/libnds/lib\libmm9.a(mm_soundbank.o)
                0x0000000002025704                mmSoundBankInMemory
                0x000000000202570c                mmSoundBankInFiles
                0x000000000202571e                mmSetCustomSoundBankHandler
                0x000000000202574a                mmsHandleFileOp
 .text          0x0000000002025804      0x24c C:/devkitPro/libnds/lib\libmm9.a(mm_comms.o)
                0x0000000002025804                mmSetupComms
                0x0000000002025856                mmSendBank
                0x0000000002025860                mmLockChannels
                0x0000000002025866                mmUnlockChannels
                0x000000000202586c                mmStart
                0x0000000002025876                mmPause
                0x000000000202587a                mmResume
                0x000000000202587e                mmStop
                0x0000000002025882                mmPosition
                0x0000000002025886                mmJingle
                0x000000000202588a                mmSetModuleVolume
                0x000000000202588e                mmSetJingleVolume
                0x0000000002025892                mmSetModuleTempo
                0x0000000002025896                mmSetModulePitch
                0x000000000202589a                mmSetEffectsVolume
                0x000000000202589e                mmSelectMode
                0x00000000020258a2                mmStreamBegin
                0x00000000020258b6                mmStreamEnd
                0x000000000202590c                mmEffect
                0x0000000002025930                mmEffectVolume
                0x0000000002025934                mmEffectPanning
                0x0000000002025938                mmEffectRate
                0x0000000002025942                mmEffectScaleRate
                0x000000000202594c                mmEffectRelease
                0x0000000002025952                mmEffectCancel
                0x0000000002025958                mmEffectEx
                0x0000000002025996                mmEffectCancelAll
                0x000000000202599a                mmReverbEnable
                0x000000000202599e                mmReverbDisable
                0x00000000020259a2                mmReverbConfigure
                0x00000000020259fe                mmReverbStart
                0x0000000002025a02                mmReverbStop
 .text          0x0000000002025a50      0x120 C:/devkitPro/libnds/lib\libmm9.a(mm_memory.o)
                0x0000000002025a50                mmLoad
                0x0000000002025aa0                mmUnload
                0x0000000002025af8                mmLoadEffect
                0x0000000002025b30                mmUnloadEffect
 .text          0x0000000002025b70      0x108 C:/devkitPro/libnds/lib\libmm9.a(mm_main9.o)
                0x0000000002025b70                mmActive
                0x0000000002025b76                mmSetEventHandler
                0x0000000002025b7c                mmInit
                0x0000000002025ba6                mmInitDefault
                0x0000000002025bf0                mmInitDefaultMem
                0x0000000002025c12                mmSuspendIRQ_t
                0x0000000002025c30                mmRestoreIRQ_t
 .text          0x0000000002025c78       0x3c C:/devkitPro/libnds/lib\libmm9.a(mm_flusher.o)
                0x0000000002025c78                mmFlushBank
 .text          0x0000000002025cb4      0xf74 C:/devkitPro/nitro-engine/lib\libNE.a(NE2D.o)
                0x0000000002025cb4                NE_SpriteCreate
                0x0000000002025dbc                NE_SpriteSetPos
                0x0000000002025e1c                NE_SpriteSetSize
                0x0000000002025e7c                NE_SpriteSetRot
                0x0000000002025ed0                NE_SpriteSetScaleI
                0x0000000002025f24                NE_SpriteSetMaterial
                0x0000000002025fb4                NE_SpriteSetPriority
                0x0000000002026008                NE_SpriteVisible
                0x000000000202605c                NE_SpriteSetParams
                0x0000000002026130                NE_SpriteDelete
                0x00000000020261e4                NE_SpriteDeleteAll
                0x0000000002026210                NE_SpriteSystemReset
                0x00000000020262ac                NE_SpriteSystemEnd
                0x00000000020262e4                NE_2DViewInit
                0x00000000020264a4                NE_2DViewRotateScaleByPositionI
                0x000000000202650c                NE_2DViewRotateByPosition
                0x000000000202655c                NE_2DViewScaleByPositionI
                0x0000000002026588                NE_2DDrawQuad
                0x00000000020265dc                NE_2DDrawQuadGradient
                0x000000000202663c                NE_2DDrawTexturedQuad
                0x0000000002026778                NE_2DDrawTexturedQuadColor
                0x00000000020268c0                NE_SpriteDraw
                0x00000000020269cc                NE_SpriteDrawAll
                0x0000000002026ad4                NE_2DDrawTexturedQuadGradient
 .text          0x0000000002026c28     0x199c C:/devkitPro/nitro-engine/lib\libNE.a(NECamera.o)
                0x0000000002026e9c                NE_CameraCreate
                0x0000000002026f6c                NE_CameraSetI
                0x0000000002026ff4                NE_CameraUse
                0x0000000002027538                NE_CameraMoveFreeI
                0x0000000002027ae4                NE_CameraMoveI
                0x0000000002027b70                NE_CameraRotate
                0x0000000002027da8                NE_CameraRotateAxisI
                0x0000000002027e58                NE_CameraRotateFree
                0x0000000002028360                NE_CameraDelete
                0x0000000002028448                NE_CameraSystemReset
                0x00000000020284c4                NE_CameraSystemEnd
                0x00000000020284d8                NE_ViewPush
                0x00000000020284e4                NE_ViewPop
                0x00000000020284f0                NE_ViewMoveI
                0x0000000002028500                NE_ViewRotate
                0x00000000020285b4                NE_ViewScaleI
 .text          0x00000000020285c4      0xd08 C:/devkitPro/nitro-engine/lib\libNE.a(NEFormats.o)
                0x00000000020285c4                NE_MaterialTexLoadBMPtoRGBA
                0x0000000002028ae4                NE_FATMaterialTexLoadBMPtoRGBA
                0x0000000002028ba0                NE_MaterialTexLoadBMPtoRGB256
                0x00000000020291c8                NE_FATMaterialTexLoadBMPtoRGB256
 .text          0x00000000020292cc     0x12d4 C:/devkitPro/nitro-engine/lib\libNE.a(NEGeneral.o)
                0x00000000020292cc                __ne_debugoutputtoconsole
                0x00000000020295d4                NE_End
                0x00000000020295e8                NE_Viewport
                0x0000000002029868                NE_SetFov
                0x0000000002029874                NE_SwapScreens
                0x000000000202988c                NE_UpdateInput
                0x00000000020298b8                NE_Init3D
                0x0000000002029978                NE_InitDual3D
                0x0000000002029b20                NE_InitConsole
                0x0000000002029b84                NE_SetConsoleColor
                0x0000000002029b90                NE_Process
                0x0000000002029c90                NE_ProcessDual
                0x0000000002029ec0                NE_ClippingPlanesSetI
                0x0000000002029f48                NE_AntialiasEnable
                0x0000000002029f64                NE_GetPolygonCount
                0x0000000002029f80                NE_GetVertexCount
                0x0000000002029f9c                NE_VBLFunc
                0x0000000002029fc8                NE_SpecialEffectPause
                0x000000000202a01c                NE_HBLFunc
                0x000000000202a0ac                NE_SpecialEffectNoiseConfig
                0x000000000202a0b8                NE_SpecialEffectSineConfig
                0x000000000202a0c4                NE_SpecialEffectSet
                0x000000000202a0e8                NE_WaitForVBL
                0x000000000202a170                NE_GetCPUPercent
                0x000000000202a17c                NE_GPUIsRendering
                0x000000000202a198                __NE_debugprint
                0x000000000202a1b0                NE_DebugSetHandler
                0x000000000202a1bc                NE_DebugSetHandlerConsole
                0x000000000202a22c                NE_TouchTestStart
                0x000000000202a384                NE_TouchTestObject
                0x000000000202a430                NE_TouchTestResult
                0x000000000202a4ec                NE_TouchTestEnd
 .text          0x000000000202a5a0     0x1944 C:/devkitPro/nitro-engine/lib\libNE.a(NEGUI.o)
                0x000000000202a608                NE_GUIUpdate
                0x000000000202ab98                NE_GUIDraw
                0x000000000202b00c                NE_GUIButtonCreate
                0x000000000202b164                NE_GUICheckBoxCreate
                0x000000000202b2c4                NE_GUIRadioButtonCreate
                0x000000000202b43c                NE_GUISlideBarCreate
                0x000000000202b6b0                NE_GUIButtonConfig
                0x000000000202b768                NE_GUICheckBoxConfig
                0x000000000202b81c                NE_GUIRadioButtonConfig
                0x000000000202b8d8                NE_GUISlideBarConfig
                0x000000000202b99c                NE_GUISlideBarSetMinMax
                0x000000000202baec                NE_GUIObjectGetEvent
                0x000000000202bba8                NE_GUICheckBoxGetValue
                0x000000000202bc3c                NE_GUIRadioButtonGetValue
                0x000000000202bcd4                NE_GUISlideBarGetValue
                0x000000000202bd68                NE_GUIDeleteObject
                0x000000000202be28                NE_GUIDeleteAll
                0x000000000202be3c                NE_GUISystemReset
                0x000000000202bec4                NE_GUISystemEnd
 .text          0x000000000202bee4     0x1800 C:/devkitPro/nitro-engine/lib\libNE.a(NEModel.o)
                0x000000000202bfbc                NE_ModelCreate
                0x000000000202c0f0                NE_ModelDelete
                0x000000000202c104                NE_ModelLoadStaticMeshFAT
                0x000000000202c2ac                NE_ModelLoadStaticMesh
                0x000000000202c3fc                NE_ModelSetMaterial
                0x000000000202c494                NE_ModelDraw
                0x000000000202c9cc                NE_ModelClone
                0x000000000202cac0                NE_ModelScaleI
                0x000000000202cb2c                NE_ModelTranslateI
                0x000000000202cba0                NE_ModelSetCoordI
                0x000000000202cc0c                NE_ModelRotate
                0x000000000202cc8c                NE_ModelSetRot
                0x000000000202ccf8                NE_ModelAnimStart
                0x000000000202cde4                NE_ModelAnimSetSpeed
                0x000000000202ce9c                NE_ModelAnimateAll
                0x000000000202cfa4                NE_ModelAnimSetFrameSpeed
                0x000000000202d050                NE_ModelAnimGetFrame
                0x000000000202d0e4                NE_ModelAnimSetFrame
                0x000000000202d184                NE_ModelAnimInterpolate
                0x000000000202d21c                NE_ModelLoadNEAFAT
                0x000000000202d408                NE_ModelLoadNEA
                0x000000000202d5b0                NE_ModelDeleteAll
                0x000000000202d5e4                NE_ModelSystemReset
                0x000000000202d6a0                NE_ModelSystemEnd
 .text          0x000000000202d6e4      0x96c C:/devkitPro/nitro-engine/lib\libNE.a(NEPalette.o)
                0x000000000202d98c                NE_PaletteCreate
                0x000000000202da58                NE_PaletteLoadFAT
                0x000000000202dbbc                NE_PaletteLoad
                0x000000000202dbd4                NE_PaletteDelete
                0x000000000202dbe8                NE_PaletteUse
                0x000000000202dca0                NE_PaletteSystemReset
                0x000000000202dd94                NE_PaletteFreeMem
                0x000000000202ddb4                NE_PaletteFreeMemPercent
                0x000000000202ddd4                NE_PaletteDefragMem
                0x000000000202de24                NE_PaletteSystemEnd
                0x000000000202de38                NE_PaletteModificationStart
                0x000000000202df34                NE_PaletteRGB256SetColor
                0x000000000202dfe8                NE_PaletteModificationEnd
 .text          0x000000000202e050     0x102c C:/devkitPro/nitro-engine/lib\libNE.a(NEPhysics.o)
                0x000000000202e6e8                NE_PhysicsCreate
                0x000000000202e824                NE_PhysicsDelete
                0x000000000202e838                NE_PhysicsDeleteAll
                0x000000000202e86c                NE_PhysicsSystemReset
                0x000000000202e910                NE_PhysicsSystemEnd
                0x000000000202e950                NE_PhysicsSetRadiusI
                0x000000000202ea18                NE_PhysicsSetSpeedI
                0x000000000202ea80                NE_PhysicsSetSizeI
                0x000000000202eb60                NE_PhysicsSetGravityI
                0x000000000202ebb4                NE_PhysicsSetFrictionI
                0x000000000202ec44                NE_PhysicsSetBounceEnergy
                0x000000000202ecd4                NE_PhysicsEnable
                0x000000000202ed28                NE_PhysicsSetModel
                0x000000000202edc0                NE_PhysicsSetGroup
                0x000000000202ee24                NE_PhysicsOnCollision
                0x000000000202ee78                NE_PhysicsIsColliding
                0x000000000202eecc                NE_PhysicsUpdateAll
                0x000000000202ef00                NE_PhysicsUpdate
                0x000000000202ef14                NE_PhysicsCheckCollision
 .text          0x000000000202f07c      0x534 C:/devkitPro/nitro-engine/lib\libNE.a(NEPolygon.o)
                0x000000000202f07c                NE_PolyColor
                0x000000000202f088                NE_LightOff
                0x000000000202f0e4                NE_LightSetColor
                0x000000000202f13c                NE_LightSetI
                0x000000000202f1c0                NE_PolyBegin
                0x000000000202f1cc                NE_PolyEnd
                0x000000000202f1d8                NE_PolyNormalI
                0x000000000202f1f8                NE_PolyVertexI
                0x000000000202f210                NE_PolyTexCoord
                0x000000000202f224                NE_PolyFormat
                0x000000000202f2cc                NE_OutliningEnable
                0x000000000202f2e8                NE_OutliningSetColor
                0x000000000202f348                NE_ShadingEnable
                0x000000000202f38c                NE_ToonHighlightEnable
                0x000000000202f3a8                NE_FogEnable
                0x000000000202f40c                NE_FogEnableBackground
                0x000000000202f434                NE_FogDisable
                0x000000000202f448                NE_ClearColorSet
                0x000000000202f500                NE_ClearBMPEnable
                0x000000000202f59c                NE_ClearBMPScroll
 .text          0x000000000202f5b0      0x650 C:/devkitPro/nitro-engine/lib\libNE.a(NEText.o)
                0x000000000202f668                NE_TextPrioritySet
                0x000000000202f674                NE_TextPriorityReset
                0x000000000202f680                NE_TextInit
                0x000000000202f728                NE_TextEnd
                0x000000000202f788                NE_TextResetSystem
                0x000000000202f7a4                NE_TextPrint
                0x000000000202f8a0                NE_TextPrintBox
                0x000000000202f9e8                NE_TextPrintFree
                0x000000000202fac8                NE_TextPrintBoxFree
 .text          0x000000000202fc00     0x19b4 C:/devkitPro/nitro-engine/lib\libNE.a(NETexture.o)
                0x000000000202fd2c                NE_MaterialCreate
                0x000000000202fd48                NE_MaterialColorSet
                0x000000000202fd9c                NE_MaterialColorDelete
                0x000000000202fdf4                NE_MaterialTexClone
                0x000000000202fee4                NE_MaterialTexSetPal
                0x000000000202ffd4                NE_MaterialUse
                0x00000000020300d4                NE_TextureSystemReset
                0x0000000002030390                NE_MaterialDelete
                0x0000000002030478                NE_MaterialTexLoad
                0x0000000002030b74                NE_MaterialTexLoadFAT
                0x0000000002030cc8                NE_TextureFreeMem
                0x0000000002030cec                NE_TextureFreeMemPercent
                0x0000000002030d10                NE_TextureDefragMem
                0x0000000002030d60                NE_TextureSystemEnd
                0x0000000002030d78                __NE_TextureGetRawX
                0x0000000002030e28                __NE_TextureGetRawY
                0x0000000002030ed8                NE_TextureGetRealSizeX
                0x0000000002030f80                NE_TextureGetRealSizeY
                0x0000000002031028                NE_TextureGetSizeX
                0x00000000020310d8                NE_TextureGetSizeY
                0x0000000002031188                NE_MaterialSetPropierties
                0x0000000002031218                NE_MaterialSetDefaultPropierties
                0x0000000002031258                NE_TextureDrawingStart
                0x000000000203138c                NE_TexturePutPixelRGBA
                0x000000000203145c                NE_TexturePutPixelRGB256
                0x000000000203154c                NE_TextureDrawingEnd
 .text          0x00000000020315b4      0x8a4 C:/devkitPro/nitro-engine/lib\libNE.a(NEAlloc.o)
                0x00000000020315b4                NE_AllocInit
                0x0000000002031698                NE_AllocEnd
                0x00000000020316f4                NE_Alloc
                0x0000000002031a40                NE_Free
                0x0000000002031be0                NE_Lock
                0x0000000002031c44                NE_Unlock
                0x0000000002031cb0                NE_MemGetInformation
 .text          0x0000000002031e58      0x350 C:/devkitPro/nitro-engine/lib\libNE.a(NEFAT.o)
                0x0000000002031e58                NE_FATLoadData
                0x0000000002031f0c                NE_FATFileSize
                0x0000000002031f7c                NE_ScreenshotBMP
 *fill*         0x00000000020321a8       0x18 ff
 .text          0x00000000020321c0     0x4000 C:/devkitPro/libnds/lib\libnds9.a(dldi_stub.o)
                0x00000000020321c0                _io_dldi_stub
 .text          0x00000000020361c0       0x5c C:/devkitPro/libnds/lib\libdswifi9.a(spinlock.o)
                0x00000000020361c0                SLasm_Acquire
                0x00000000020361f4                SLasm_Release
 .text          0x000000000203621c       0x14 c:/devkitpro/devkitarm/bin/../lib/gcc/arm-none-eabi/11.1.0\libgcc.a(_thumb1_case_uqi.o)
                0x000000000203621c                __gnu_thumb1_case_uqi
 .text          0x0000000002036230       0x14 c:/devkitpro/devkitarm/bin/../lib/gcc/arm-none-eabi/11.1.0\libgcc.a(_thumb1_case_uhi.o)
                0x0000000002036230                __gnu_thumb1_case_uhi
 .text          0x0000000002036244      0x114 c:/devkitpro/devkitarm/bin/../lib/gcc/arm-none-eabi/11.1.0\libgcc.a(_udivsi3.o)
                0x0000000002036244                __aeabi_uidiv
                0x0000000002036244                __udivsi3
                0x0000000002036338                __aeabi_uidivmod
 .text          0x0000000002036358      0x148 c:/devkitpro/devkitarm/bin/../lib/gcc/arm-none-eabi/11.1.0\libgcc.a(_divsi3.o)
                0x0000000002036358                __divsi3
                0x0000000002036358                __aeabi_idiv
                0x0000000002036480                __aeabi_idivmod
 .text          0x00000000020364a0        0x4 c:/devkitpro/devkitarm/bin/../lib/gcc/arm-none-eabi/11.1.0\libgcc.a(_dvmd_tls.o)
                0x00000000020364a0                __aeabi_idiv0
                0x00000000020364a0                __aeabi_ldiv0
 .text          0x00000000020364a4      0x424 c:/devkitpro/devkitarm/bin/../lib/gcc/arm-none-eabi/11.1.0\libgcc.a(_arm_addsubdf3.o)
                0x00000000020364a4                __aeabi_drsub
                0x00000000020364ac                __aeabi_dsub
                0x00000000020364ac                __subdf3
                0x00000000020364b0                __aeabi_dadd
                0x00000000020364b0                __adddf3
                0x00000000020367c0                __floatunsidf
                0x00000000020367c0                __aeabi_ui2d
                0x00000000020367e4                __floatsidf
                0x00000000020367e4                __aeabi_i2d
                0x000000000203680c                __aeabi_f2d
                0x000000000203680c                __extendsfdf2
                0x0000000002036854                __floatundidf
                0x0000000002036854                __aeabi_ul2d
                0x0000000002036868                __floatdidf
                0x0000000002036868                __aeabi_l2d
 .text          0x00000000020368c8      0x49c c:/devkitpro/devkitarm/bin/../lib/gcc/arm-none-eabi/11.1.0\libgcc.a(_arm_muldivdf3.o)
                0x00000000020368c8                __aeabi_dmul
                0x00000000020368c8                __muldf3
                0x0000000002036b58                __divdf3
                0x0000000002036b58                __aeabi_ddiv
 .text          0x0000000002036d64      0x144 c:/devkitpro/devkitarm/bin/../lib/gcc/arm-none-eabi/11.1.0\libgcc.a(_arm_cmpdf2.o)
                0x0000000002036d64                __gtdf2
                0x0000000002036d64                __gedf2
                0x0000000002036d6c                __ltdf2
                0x0000000002036d6c                __ledf2
                0x0000000002036d74                __nedf2
                0x0000000002036d74                __eqdf2
                0x0000000002036d74                __cmpdf2
                0x0000000002036dfc                __aeabi_cdrcmple
                0x0000000002036e18                __aeabi_cdcmpeq
                0x0000000002036e18                __aeabi_cdcmple
                0x0000000002036e30                __aeabi_dcmpeq
                0x0000000002036e48                __aeabi_dcmplt
                0x0000000002036e60                __aeabi_dcmple
                0x0000000002036e78                __aeabi_dcmpge
                0x0000000002036e90                __aeabi_dcmpgt
 .text          0x0000000002036ea8       0x38 c:/devkitpro/devkitarm/bin/../lib/gcc/arm-none-eabi/11.1.0\libgcc.a(_arm_unorddf2.o)
                0x0000000002036ea8                __unorddf2
                0x0000000002036ea8                __aeabi_dcmpun
 .text          0x0000000002036ee0       0x5c c:/devkitpro/devkitarm/bin/../lib/gcc/arm-none-eabi/11.1.0\libgcc.a(_arm_fixdfsi.o)
                0x0000000002036ee0                __aeabi_d2iz
                0x0000000002036ee0                __fixdfsi
 .text          0x0000000002036f3c       0xa0 c:/devkitpro/devkitarm/bin/../lib/gcc/arm-none-eabi/11.1.0\libgcc.a(_arm_truncdfsf2.o)
                0x0000000002036f3c                __truncdfsf2
                0x0000000002036f3c                __aeabi_d2f
 .text          0x0000000002036fdc      0x2ac c:/devkitpro/devkitarm/bin/../lib/gcc/arm-none-eabi/11.1.0\libgcc.a(_arm_addsubsf3.o)
                0x0000000002036fdc                __aeabi_frsub
                0x0000000002036fe4                __subsf3
                0x0000000002036fe4                __aeabi_fsub
                0x0000000002036fe8                __aeabi_fadd
                0x0000000002036fe8                __addsf3
                0x00000000020371a4                __aeabi_ui2f
                0x00000000020371a4                __floatunsisf
                0x00000000020371ac                __aeabi_i2f
                0x00000000020371ac                __floatsisf
                0x00000000020371cc                __aeabi_ul2f
                0x00000000020371cc                __floatundisf
                0x00000000020371dc                __aeabi_l2f
                0x00000000020371dc                __floatdisf
 .text          0x0000000002037288      0x2f8 c:/devkitpro/devkitarm/bin/../lib/gcc/arm-none-eabi/11.1.0\libgcc.a(_arm_muldivsf3.o)
                0x0000000002037288                __mulsf3
                0x0000000002037288                __aeabi_fmul
                0x0000000002037420                __aeabi_fdiv
                0x0000000002037420                __divsf3
 .text          0x0000000002037580      0x114 c:/devkitpro/devkitarm/bin/../lib/gcc/arm-none-eabi/11.1.0\libgcc.a(_arm_cmpsf2.o)
                0x0000000002037580                __gesf2
                0x0000000002037580                __gtsf2
                0x0000000002037588                __lesf2
                0x0000000002037588                __ltsf2
                0x0000000002037590                __nesf2
                0x0000000002037590                __eqsf2
                0x0000000002037590                __cmpsf2
                0x00000000020375f4                __aeabi_cfrcmple
                0x0000000002037604                __aeabi_cfcmpeq
                0x0000000002037604                __aeabi_cfcmple
                0x000000000203761c                __aeabi_fcmpeq
                0x0000000002037634                __aeabi_fcmplt
                0x000000000203764c                __aeabi_fcmple
                0x0000000002037664                __aeabi_fcmpge
                0x000000000203767c                __aeabi_fcmpgt
 .text          0x0000000002037694       0x38 c:/devkitpro/devkitarm/bin/../lib/gcc/arm-none-eabi/11.1.0\libgcc.a(_arm_unordsf2.o)
                0x0000000002037694                __unordsf2
                0x0000000002037694                __aeabi_fcmpun
 .text          0x00000000020376cc       0x5c c:/devkitpro/devkitarm/bin/../lib/gcc/arm-none-eabi/11.1.0\libgcc.a(_arm_fixsfsi.o)
                0x00000000020376cc                __aeabi_f2iz
                0x00000000020376cc                __fixsfsi
 .text          0x0000000002037728       0xd4 c:/devkitpro/devkitarm/bin/../lib/gcc/arm-none-eabi/11.1.0\libgcc.a(_aeabi_ldivmod.o)
                0x0000000002037728                __aeabi_ldivmod
 .text          0x00000000020377fc       0x28 c:/devkitpro/devkitarm/bin/../lib/gcc/arm-none-eabi/11.1.0\libgcc.a(_clzdi2.o)
                0x00000000020377fc                __clzdi2
 .text          0x0000000002037824       0x48 c:/devkitpro/devkitarm/bin/../lib/gcc/arm-none-eabi/11.1.0\libgcc.a(_clzsi2.o)
                0x0000000002037824                __clzsi2
 .text          0x000000000203786c      0x224 c:/devkitpro/devkitarm/bin/../lib/gcc/arm-none-eabi/11.1.0/../../../../arm-none-eabi/lib\libg.a(lib_a-strcmp.o)
                0x000000000203786c                strcmp
 .text          0x0000000002037a90       0x54 c:/devkitpro/devkitarm/bin/../lib/gcc/arm-none-eabi/11.1.0\libgcc.a(_arm_fixunsdfsi.o)
                0x0000000002037a90                __aeabi_d2uiz
                0x0000000002037a90                __fixunsdfsi
 .text          0x0000000002037ae4       0x3c c:/devkitpro/devkitarm/bin/../lib/gcc/arm-none-eabi/11.1.0\libgcc.a(_aeabi_uldivmod.o)
                0x0000000002037ae4                __aeabi_uldivmod
 *(EXCLUDE_FILE(*.twl* *.vectors* *.itcm*) .stub)
 *(EXCLUDE_FILE(*.twl* *.vectors* *.itcm*) .text.*)
 .text.__do_global_dtors_aux
                0x0000000002037b20       0x40 c:/devkitpro/devkitarm/bin/../lib/gcc/arm-none-eabi/11.1.0/crtbegin.o
 .text.frame_dummy
                0x0000000002037b60       0x30 c:/devkitpro/devkitarm/bin/../lib/gcc/arm-none-eabi/11.1.0/crtbegin.o
 .text.startup  0x0000000002037b90      0x7e0 main.o
                0x0000000002037b90                main
 .text.fatMount.part.0
                0x0000000002038370       0xa0 C:/devkitPro/libnds/lib\libfat.a(libfat.o)
 .text.fatMount
                0x0000000002038410       0x3c C:/devkitPro/libnds/lib\libfat.a(libfat.o)
                0x0000000002038410                fatMount
 .text.fatInit  0x000000000203844c      0x130 C:/devkitPro/libnds/lib\libfat.a(libfat.o)
                0x000000000203844c                fatInit
 .text.fatInitDefault
                0x000000000203857c        0xc C:/devkitPro/libnds/lib\libfat.a(libfat.o)
                0x000000000203857c                fatInitDefault
 .text._FAT_check_position_for_next_cluster.part.0
                0x0000000002038588       0x68 C:/devkitPro/libnds/lib\libfat.a(fatfile.o)
 .text._FAT_syncToDisc.part.0
                0x00000000020385f0       0xd4 C:/devkitPro/libnds/lib\libfat.a(fatfile.o)
 .text._FAT_file_extend_r
                0x00000000020386c4      0x208 C:/devkitPro/libnds/lib\libfat.a(fatfile.o)
 .text._FAT_open_r
                0x00000000020388cc      0x2d4 C:/devkitPro/libnds/lib\libfat.a(fatfile.o)
                0x00000000020388cc                _FAT_open_r
 .text._FAT_close_r
                0x0000000002038ba0       0x74 C:/devkitPro/libnds/lib\libfat.a(fatfile.o)
                0x0000000002038ba0                _FAT_close_r
 .text._FAT_read_r
                0x0000000002038c14      0x398 C:/devkitPro/libnds/lib\libfat.a(fatfile.o)
                0x0000000002038c14                _FAT_read_r
 .text._FAT_write_r
                0x0000000002038fac      0x53c C:/devkitPro/libnds/lib\libfat.a(fatfile.o)
                0x0000000002038fac                _FAT_write_r
 .text._FAT_seek_r
                0x00000000020394e8      0x194 C:/devkitPro/libnds/lib\libfat.a(fatfile.o)
                0x00000000020394e8                _FAT_seek_r
 .text._FAT_fstat_r
                0x000000000203967c       0x8c C:/devkitPro/libnds/lib\libfat.a(fatfile.o)
                0x000000000203967c                _FAT_fstat_r
 .text._FAT_ftruncate_r
                0x0000000002039708      0x16c C:/devkitPro/libnds/lib\libfat.a(fatfile.o)
                0x0000000002039708                _FAT_ftruncate_r
 .text._FAT_fsync_r
                0x0000000002039874       0x44 C:/devkitPro/libnds/lib\libfat.a(fatfile.o)
                0x0000000002039874                _FAT_fsync_r
 .text._FAT_cache_getPage
                0x00000000020398b8       0xf0 C:/devkitPro/libnds/lib\libfat.a(cache.o)
 .text._FAT_cache_constructor
                0x00000000020399a8       0x90 C:/devkitPro/libnds/lib\libfat.a(cache.o)
                0x00000000020399a8                _FAT_cache_constructor
 .text._FAT_cache_readSectors
                0x0000000002039a38       0x60 C:/devkitPro/libnds/lib\libfat.a(cache.o)
                0x0000000002039a38                _FAT_cache_readSectors
 .text._FAT_cache_readPartialSector
                0x0000000002039a98       0x3c C:/devkitPro/libnds/lib\libfat.a(cache.o)
                0x0000000002039a98                _FAT_cache_readPartialSector
 .text._FAT_cache_readLittleEndianValue
                0x0000000002039ad4       0x70 C:/devkitPro/libnds/lib\libfat.a(cache.o)
                0x0000000002039ad4                _FAT_cache_readLittleEndianValue
 .text._FAT_cache_writePartialSector
                0x0000000002039b44       0x4c C:/devkitPro/libnds/lib\libfat.a(cache.o)
                0x0000000002039b44                _FAT_cache_writePartialSector
 .text._FAT_cache_writeLittleEndianValue
                0x0000000002039b90       0x8c C:/devkitPro/libnds/lib\libfat.a(cache.o)
                0x0000000002039b90                _FAT_cache_writeLittleEndianValue
 .text._FAT_cache_eraseWritePartialSector
                0x0000000002039c1c       0x60 C:/devkitPro/libnds/lib\libfat.a(cache.o)
                0x0000000002039c1c                _FAT_cache_eraseWritePartialSector
 .text._FAT_cache_writeSectors
                0x0000000002039c7c       0x80 C:/devkitPro/libnds/lib\libfat.a(cache.o)
                0x0000000002039c7c                _FAT_cache_writeSectors
 .text._FAT_cache_flush
                0x0000000002039cfc       0x40 C:/devkitPro/libnds/lib\libfat.a(cache.o)
                0x0000000002039cfc                _FAT_cache_flush
 .text._FAT_stat_r
                0x0000000002039d3c       0x90 C:/devkitPro/libnds/lib\libfat.a(fatdir.o)
                0x0000000002039d3c                _FAT_stat_r
 .text._FAT_link_r
                0x0000000002039dcc        0xc C:/devkitPro/libnds/lib\libfat.a(fatdir.o)
                0x0000000002039dcc                _FAT_link_r
 .text._FAT_unlink_r
                0x0000000002039dd8      0x184 C:/devkitPro/libnds/lib\libfat.a(fatdir.o)
                0x0000000002039dd8                _FAT_unlink_r
 .text._FAT_chdir_r
                0x0000000002039f5c       0x70 C:/devkitPro/libnds/lib\libfat.a(fatdir.o)
                0x0000000002039f5c                _FAT_chdir_r
 .text._FAT_rename_r
                0x0000000002039fcc      0x1c4 C:/devkitPro/libnds/lib\libfat.a(fatdir.o)
                0x0000000002039fcc                _FAT_rename_r
 .text._FAT_mkdir_r
                0x000000000203a190      0x244 C:/devkitPro/libnds/lib\libfat.a(fatdir.o)
                0x000000000203a190                _FAT_mkdir_r
 .text._FAT_statvfs_r
                0x000000000203a3d4       0x78 C:/devkitPro/libnds/lib\libfat.a(fatdir.o)
                0x000000000203a3d4                _FAT_statvfs_r
 .text._FAT_diropen_r
                0x000000000203a44c       0xb0 C:/devkitPro/libnds/lib\libfat.a(fatdir.o)
                0x000000000203a44c                _FAT_diropen_r
 .text._FAT_dirreset_r
                0x000000000203a4fc       0x4c C:/devkitPro/libnds/lib\libfat.a(fatdir.o)
                0x000000000203a4fc                _FAT_dirreset_r
 .text._FAT_dirnext_r
                0x000000000203a548       0x7c C:/devkitPro/libnds/lib\libfat.a(fatdir.o)
                0x000000000203a548                _FAT_dirnext_r
 .text._FAT_dirclose_r
                0x000000000203a5c4       0x20 C:/devkitPro/libnds/lib\libfat.a(fatdir.o)
                0x000000000203a5c4                _FAT_dirclose_r
 .text._FAT_directory_entryGetAlias
                0x000000000203a5e4       0xc8 C:/devkitPro/libnds/lib\libfat.a(directory.o)
 .text._FAT_directory_incrementDirEntryPosition
                0x000000000203a6ac       0x80 C:/devkitPro/libnds/lib\libfat.a(directory.o)
 .text._FAT_directory_mbsncasecmp
                0x000000000203a72c       0xa8 C:/devkitPro/libnds/lib\libfat.a(directory.o)
 .text._FAT_directory_ucs2tombs.constprop.0
                0x000000000203a7d4       0x90 C:/devkitPro/libnds/lib\libfat.a(directory.o)
 .text._FAT_directory_entryGetCluster
                0x000000000203a864       0x20 C:/devkitPro/libnds/lib\libfat.a(directory.o)
                0x000000000203a864                _FAT_directory_entryGetCluster
 .text._FAT_directory_getNextEntry
                0x000000000203a884      0x23c C:/devkitPro/libnds/lib\libfat.a(directory.o)
                0x000000000203a884                _FAT_directory_getNextEntry
 .text._FAT_directory_entryExists
                0x000000000203aac0       0x80 C:/devkitPro/libnds/lib\libfat.a(directory.o)
 .text._FAT_directory_getFirstEntry
                0x000000000203ab40       0x20 C:/devkitPro/libnds/lib\libfat.a(directory.o)
                0x000000000203ab40                _FAT_directory_getFirstEntry
 .text._FAT_directory_getRootEntry
                0x000000000203ab60       0x60 C:/devkitPro/libnds/lib\libfat.a(directory.o)
                0x000000000203ab60                _FAT_directory_getRootEntry
 .text._FAT_directory_entryFromPosition
                0x000000000203abc0      0x150 C:/devkitPro/libnds/lib\libfat.a(directory.o)
                0x000000000203abc0                _FAT_directory_entryFromPosition
 .text._FAT_directory_entryFromPath
                0x000000000203ad10      0x248 C:/devkitPro/libnds/lib\libfat.a(directory.o)
                0x000000000203ad10                _FAT_directory_entryFromPath
 .text._FAT_directory_removeEntry
                0x000000000203af58       0xd8 C:/devkitPro/libnds/lib\libfat.a(directory.o)
                0x000000000203af58                _FAT_directory_removeEntry
 .text._FAT_directory_addEntry
                0x000000000203b030      0x808 C:/devkitPro/libnds/lib\libfat.a(directory.o)
                0x000000000203b030                _FAT_directory_addEntry
 .text._FAT_directory_chdir
                0x000000000203b838       0x3c C:/devkitPro/libnds/lib\libfat.a(directory.o)
                0x000000000203b838                _FAT_directory_chdir
 .text._FAT_directory_entryStat
                0x000000000203b874       0xe4 C:/devkitPro/libnds/lib\libfat.a(directory.o)
                0x000000000203b874                _FAT_directory_entryStat
 .text.isValidMBR
                0x000000000203b958       0x5c C:/devkitPro/libnds/lib\libfat.a(partition.o)
 .text._FAT_updateFS_INFO
                0x000000000203b9b4       0x54 C:/devkitPro/libnds/lib\libfat.a(partition.o)
 .text.FindFirstValidPartition_buf.part.0
                0x000000000203ba08      0x11c C:/devkitPro/libnds/lib\libfat.a(partition.o)
 .text._FAT_partition_getPartitionFromPath
                0x000000000203bb24       0x10 C:/devkitPro/libnds/lib\libfat.a(partition.o)
                0x000000000203bb24                _FAT_partition_getPartitionFromPath
 .text._FAT_partition_createFSinfo
                0x000000000203bb34       0x50 C:/devkitPro/libnds/lib\libfat.a(partition.o)
                0x000000000203bb34                _FAT_partition_createFSinfo
 .text._FAT_partition_readFSinfo.part.0
                0x000000000203bb84       0x74 C:/devkitPro/libnds/lib\libfat.a(partition.o)
 .text._FAT_partition_constructor_buf
                0x000000000203bbf8      0x2e8 C:/devkitPro/libnds/lib\libfat.a(partition.o)
                0x000000000203bbf8                _FAT_partition_constructor_buf
 .text._FAT_partition_constructor
                0x000000000203bee0       0x40 C:/devkitPro/libnds/lib\libfat.a(partition.o)
                0x000000000203bee0                _FAT_partition_constructor
 .text._FAT_partition_readFSinfo
                0x000000000203bf20       0x10 C:/devkitPro/libnds/lib\libfat.a(partition.o)
                0x000000000203bf20                _FAT_partition_readFSinfo
 .text._FAT_lock_init
                0x000000000203bf30        0x4 C:/devkitPro/libnds/lib\libfat.a(lock.o)
                0x000000000203bf30                _FAT_lock_init
 .text._FAT_lock
                0x000000000203bf34        0x4 C:/devkitPro/libnds/lib\libfat.a(lock.o)
                0x000000000203bf34                _FAT_lock
 .text._FAT_unlock
                0x000000000203bf38        0x4 C:/devkitPro/libnds/lib\libfat.a(lock.o)
                0x000000000203bf38                _FAT_unlock
 .text._FAT_filetime_getTimeFromRTC
                0x000000000203bf3c       0x44 C:/devkitPro/libnds/lib\libfat.a(filetime.o)
                0x000000000203bf3c                _FAT_filetime_getTimeFromRTC
 .text._FAT_filetime_getDateFromRTC
                0x000000000203bf80       0x44 C:/devkitPro/libnds/lib\libfat.a(filetime.o)
                0x000000000203bf80                _FAT_filetime_getDateFromRTC
 .text._FAT_filetime_to_time_t
                0x000000000203bfc4       0x38 C:/devkitPro/libnds/lib\libfat.a(filetime.o)
                0x000000000203bfc4                _FAT_filetime_to_time_t
 .text._FAT_fat_writeFatEntry.part.0.isra.0
                0x000000000203bffc      0x12c C:/devkitPro/libnds/lib\libfat.a(file_allocation_table.o)
 .text._FAT_fat_nextCluster
                0x000000000203c128      0x108 C:/devkitPro/libnds/lib\libfat.a(file_allocation_table.o)
                0x000000000203c128                _FAT_fat_nextCluster
 .text._FAT_fat_linkFreeCluster
                0x000000000203c230       0xac C:/devkitPro/libnds/lib\libfat.a(file_allocation_table.o)
                0x000000000203c230                _FAT_fat_linkFreeCluster
 .text._FAT_fat_linkFreeClusterCleared
                0x000000000203c2dc       0x68 C:/devkitPro/libnds/lib\libfat.a(file_allocation_table.o)
                0x000000000203c2dc                _FAT_fat_linkFreeClusterCleared
 .text._FAT_fat_clearLinks
                0x000000000203c344       0x7c C:/devkitPro/libnds/lib\libfat.a(file_allocation_table.o)
                0x000000000203c344                _FAT_fat_clearLinks
 .text._FAT_fat_trimChain
                0x000000000203c3c0       0x80 C:/devkitPro/libnds/lib\libfat.a(file_allocation_table.o)
                0x000000000203c3c0                _FAT_fat_trimChain
 .text._FAT_fat_lastCluster
                0x000000000203c440       0x34 C:/devkitPro/libnds/lib\libfat.a(file_allocation_table.o)
                0x000000000203c440                _FAT_fat_lastCluster
 .text._FAT_fat_freeClusterCount
                0x000000000203c474       0x2c C:/devkitPro/libnds/lib\libfat.a(file_allocation_table.o)
                0x000000000203c474                _FAT_fat_freeClusterCount
 .text.vramSetPrimaryBanks
                0x000000000203c4a0       0x44 C:/devkitPro/libnds/lib\libnds9.a(video.o)
                0x000000000203c4a0                vramSetPrimaryBanks
 .text.vramRestorePrimaryBanks
                0x000000000203c4e4        0xc C:/devkitPro/libnds/lib\libnds9.a(video.o)
                0x000000000203c4e4                vramRestorePrimaryBanks
 .text.vramDefault
                0x000000000203c4f0       0xd0 C:/devkitPro/libnds/lib\libnds9.a(video.o)
                0x000000000203c4f0                vramDefault
 .text.touchRead
                0x000000000203c5c0       0x24 C:/devkitPro/libnds/lib\libnds9.a(touch.o)
                0x000000000203c5c0                touchRead
 .text.__sassert
                0x000000000203c5e4       0x38 C:/devkitPro/libnds/lib\libnds9.a(sassert.o)
                0x000000000203c5e4                __sassert
 .text.systemValueHandler
                0x000000000203c61c       0x48 C:/devkitPro/libnds/lib\libnds9.a(system.o)
                0x000000000203c61c                systemValueHandler
 .text.systemMsgHandler
                0x000000000203c664       0x60 C:/devkitPro/libnds/lib\libnds9.a(system.o)
                0x000000000203c664                systemMsgHandler
 .text.powerOn  0x000000000203c6c4       0x2c C:/devkitPro/libnds/lib\libnds9.a(system.o)
                0x000000000203c6c4                powerOn
 .text.powerOff
                0x000000000203c6f0       0x28 C:/devkitPro/libnds/lib\libnds9.a(system.o)
                0x000000000203c6f0                powerOff
 .text.isRumbleInserted
                0x000000000203c718       0x88 C:/devkitPro/libnds/lib\libnds9.a(rumble.o)
                0x000000000203c718                isRumbleInserted
 .text.setRumble
                0x000000000203c7a0       0x2c C:/devkitPro/libnds/lib\libnds9.a(rumble.o)
                0x000000000203c7a0                setRumble
 .text.newRow   0x000000000203c7cc       0xb0 C:/devkitPro/libnds/lib\libnds9.a(console.o)
 .text.consolePrintChar
                0x000000000203c87c       0xec C:/devkitPro/libnds/lib\libnds9.a(console.o)
                0x000000000203c87c                consolePrintChar
 .text.con_write
                0x000000000203c968      0x374 C:/devkitPro/libnds/lib\libnds9.a(console.o)
                0x000000000203c968                con_write
 .text.consoleLoadFont
                0x000000000203ccdc      0x2a8 C:/devkitPro/libnds/lib\libnds9.a(console.o)
                0x000000000203ccdc                consoleLoadFont
 .text.consoleInit
                0x000000000203cf84      0x194 C:/devkitPro/libnds/lib\libnds9.a(console.o)
                0x000000000203cf84                consoleInit
 .text.consoleDemoInit
                0x000000000203d118       0x40 C:/devkitPro/libnds/lib\libnds9.a(console.o)
                0x000000000203d118                consoleDemoInit
 .text.sinLutLookup
                0x000000000203d158       0x38 C:/devkitPro/libnds/lib\libnds9.a(trig.o)
                0x000000000203d158                sinLutLookup
 .text.sinLerp  0x000000000203d190       0x40 C:/devkitPro/libnds/lib\libnds9.a(trig.o)
                0x000000000203d190                sinLerp
 .text.cosLerp  0x000000000203d1d0       0x4c C:/devkitPro/libnds/lib\libnds9.a(trig.o)
                0x000000000203d1d0                cosLerp
 .text.tanLerp  0x000000000203d21c       0xa4 C:/devkitPro/libnds/lib\libnds9.a(trig.o)
                0x000000000203d21c                tanLerp
 .text.scanKeys
                0x000000000203d2c0       0x8c C:/devkitPro/libnds/lib\libnds9.a(keys.o)
                0x000000000203d2c0                scanKeys
 .text.keysHeld
                0x000000000203d34c        0xc C:/devkitPro/libnds/lib\libnds9.a(keys.o)
                0x000000000203d34c                keysHeld
 .text.keysDown
                0x000000000203d358       0x14 C:/devkitPro/libnds/lib\libnds9.a(keys.o)
                0x000000000203d358                keysDown
 .text.keysUp   0x000000000203d36c       0x18 C:/devkitPro/libnds/lib\libnds9.a(keys.o)
                0x000000000203d36c                keysUp
 .text.dldiGetInternal
                0x000000000203d384       0x34 C:/devkitPro/libnds/lib\libnds9.a(dldi.o)
                0x000000000203d384                dldiGetInternal
 .text.get_io_dsisd
                0x000000000203d3b8       0x24 C:/devkitPro/libnds/lib\libnds9.a(dldi.o)
                0x000000000203d3b8                get_io_dsisd
 .text.initSystem
                0x000000000203d3dc      0x198 C:/devkitPro/libnds/lib\libnds9.a(initSystem.o)
                0x000000000203d3dc                initSystem
 .text.__libnds_gtod
                0x000000000203d574       0x28 C:/devkitPro/libnds/lib\libnds9.a(timeSupport.o)
                0x000000000203d574                __libnds_gtod
 .text.irqDummy
                0x000000000203d59c        0x4 C:/devkitPro/libnds/lib\libnds9.a(interrupts.o)
                0x000000000203d59c                irqDummy
 .text.irqSet   0x000000000203d5a0       0x6c C:/devkitPro/libnds/lib\libnds9.a(interrupts.o)
                0x000000000203d5a0                irqSet
 .text.irqInit  0x000000000203d60c       0x50 C:/devkitPro/libnds/lib\libnds9.a(interrupts.o)
                0x000000000203d60c                irqInit
 .text.irqEnable
                0x000000000203d65c       0x64 C:/devkitPro/libnds/lib\libnds9.a(interrupts.o)
                0x000000000203d65c                irqEnable
 .text.systemErrorExit
                0x000000000203d6c0        0x4 C:/devkitPro/libnds/lib\libnds9.a(libnds_exit.arm.o)
                0x000000000203d6c0                systemErrorExit
 .text.__libnds_exit
                0x000000000203d6c4       0x5c C:/devkitPro/libnds/lib\libnds9.a(libnds_exit.arm.o)
                0x000000000203d6c4                __libnds_exit
 .text.fifo_queueBlock
                0x000000000203d720       0x44 C:/devkitPro/libnds/lib\libnds9.a(fifosystem.o)
 .text.fifo_waitBlock
                0x000000000203d764       0x80 C:/devkitPro/libnds/lib\libnds9.a(fifosystem.o)
 .text.fifoInternalSend.part.0
                0x000000000203d7e4       0xd4 C:/devkitPro/libnds/lib\libnds9.a(fifosystem.o)
 .text.fifoInternalSendInterrupt
                0x000000000203d8b8       0xa8 C:/devkitPro/libnds/lib\libnds9.a(fifosystem.o)
 .text.fifoSetValue32Handler
                0x000000000203d960       0xd8 C:/devkitPro/libnds/lib\libnds9.a(fifosystem.o)
                0x000000000203d960                fifoSetValue32Handler
 .text.fifoSendAddress
                0x000000000203da38       0x38 C:/devkitPro/libnds/lib\libnds9.a(fifosystem.o)
                0x000000000203da38                fifoSendAddress
 .text.fifoSendValue32
                0x000000000203da70       0x4c C:/devkitPro/libnds/lib\libnds9.a(fifosystem.o)
                0x000000000203da70                fifoSendValue32
 .text.fifoSendDatamsg
                0x000000000203dabc       0x90 C:/devkitPro/libnds/lib\libnds9.a(fifosystem.o)
                0x000000000203dabc                fifoSendDatamsg
 .text.fifoGetValue32
                0x000000000203db4c       0x70 C:/devkitPro/libnds/lib\libnds9.a(fifosystem.o)
                0x000000000203db4c                fifoGetValue32
 .text.fifoGetDatamsg
                0x000000000203dbbc       0xf4 C:/devkitPro/libnds/lib\libnds9.a(fifosystem.o)
                0x000000000203dbbc                fifoGetDatamsg
 .text.fifoInternalRecvInterrupt
                0x000000000203dcb0      0x380 C:/devkitPro/libnds/lib\libnds9.a(fifosystem.o)
 .text.fifoSetDatamsgHandler
                0x000000000203e030       0x9c C:/devkitPro/libnds/lib\libnds9.a(fifosystem.o)
                0x000000000203e030                fifoSetDatamsgHandler
 .text.fifoCheckValue32
                0x000000000203e0cc       0x24 C:/devkitPro/libnds/lib\libnds9.a(fifosystem.o)
                0x000000000203e0cc                fifoCheckValue32
 .text.fifoInit
                0x000000000203e0f0       0xf8 C:/devkitPro/libnds/lib\libnds9.a(fifosystem.o)
                0x000000000203e0f0                fifoInit
 .text.DC_FlushAll
                0x000000000203e1e8       0x2c C:/devkitPro/libnds/lib\libnds9.a(dcache.o)
                0x000000000203e1e8                DC_FlushAll
 .text.DC_FlushRange
                0x000000000203e214       0x24 C:/devkitPro/libnds/lib\libnds9.a(dcache.o)
                0x000000000203e214                DC_FlushRange
 .text.__libnds_mpu_setup
                0x000000000203e238      0x174 C:/devkitPro/libnds/lib\libnds9.a(mpu_setup.o)
                0x000000000203e238                __libnds_mpu_setup
 .text.memUncached
                0x000000000203e3ac       0x20 C:/devkitPro/libnds/lib\libnds9.a(mpu_setup.o)
                0x000000000203e3ac                memUncached
 .text.swiWaitForVBlank
                0x000000000203e3cc        0x8 C:/devkitPro/libnds/lib\libnds9.a(IntrWait.o)
                0x000000000203e3cc                swiWaitForVBlank
 .text.swiIntrWait
                0x000000000203e3d4       0x70 C:/devkitPro/libnds/lib\libnds9.a(IntrWait.o)
                0x000000000203e3d4                swiIntrWait
 .text.setCpuClock
                0x000000000203e444       0x50 C:/devkitPro/libnds/lib\libnds9.a(cpu_clock.o)
                0x000000000203e444                setCpuClock
 .text.swiSoftReset
                0x000000000203e494       0x2c C:/devkitPro/libnds/lib\libnds9.a(swiSoftReset.o)
                0x000000000203e494                swiSoftReset
 .text.swiDelay
                0x000000000203e4c0        0x4 C:/devkitPro/libnds/lib\libnds9.a(biosCalls.o)
                0x000000000203e4c0                swiDelay
 .text.swiCopy  0x000000000203e4c4        0x4 C:/devkitPro/libnds/lib\libnds9.a(biosCalls.o)
                0x000000000203e4c4                swiCopy
 .text.checkIfText
                0x000000000203e4c8       0x5c C:/devkitPro/libnds/lib\libnds9.a(background.o)
                0x000000000203e4c8                checkIfText
 .text.bgUpdate
                0x000000000203e524       0xf4 C:/devkitPro/libnds/lib\libnds9.a(background.o)
                0x000000000203e524                bgUpdate
 .text.bgInit_call
                0x000000000203e618       0xc4 C:/devkitPro/libnds/lib\libnds9.a(background.o)
                0x000000000203e618                bgInit_call
 .text.bgInitSub_call
                0x000000000203e6dc       0xcc C:/devkitPro/libnds/lib\libnds9.a(background.o)
                0x000000000203e6dc                bgInitSub_call
 .text.sgIP_ntoa
                0x000000000203e7a8       0x70 C:/devkitPro/libnds/lib\libdswifi9.a(sgIP_DNS.o)
 .text.sgIP_DNS_Init
                0x000000000203e818       0x38 C:/devkitPro/libnds/lib\libdswifi9.a(sgIP_DNS.o)
                0x000000000203e818                sgIP_DNS_Init
 .text.sgIP_DNS_Timer1000ms
                0x000000000203e850       0x3c C:/devkitPro/libnds/lib\libdswifi9.a(sgIP_DNS.o)
                0x000000000203e850                sgIP_DNS_Timer1000ms
 .text.sgIP_DNS_isipaddress
                0x000000000203e88c      0x180 C:/devkitPro/libnds/lib\libdswifi9.a(sgIP_DNS.o)
                0x000000000203e88c                sgIP_DNS_isipaddress
 .text.sgIP_DNS_FindDNSRecord
                0x000000000203ea0c       0xbc C:/devkitPro/libnds/lib\libdswifi9.a(sgIP_DNS.o)
                0x000000000203ea0c                sgIP_DNS_FindDNSRecord
 .text.sgIP_DNS_GetUnusedRecord
                0x000000000203eac8       0x88 C:/devkitPro/libnds/lib\libdswifi9.a(sgIP_DNS.o)
                0x000000000203eac8                sgIP_DNS_GetUnusedRecord
 .text.sgIP_DNS_GenerateHostent
                0x000000000203eb50       0xb0 C:/devkitPro/libnds/lib\libdswifi9.a(sgIP_DNS.o)
                0x000000000203eb50                sgIP_DNS_GenerateHostent
 .text.sgIP_DNS_CopyAliasAt
                0x000000000203ec00       0x5c C:/devkitPro/libnds/lib\libdswifi9.a(sgIP_DNS.o)
                0x000000000203ec00                sgIP_DNS_CopyAliasAt
 .text.sgIP_DNS_gethostbyname
                0x000000000203ec5c      0x3b0 C:/devkitPro/libnds/lib\libdswifi9.a(sgIP_DNS.o)
                0x000000000203ec5c                sgIP_DNS_gethostbyname
 .text.inet_ntoa
                0x000000000203f00c       0x10 C:/devkitPro/libnds/lib\libdswifi9.a(sgIP_DNS.o)
                0x000000000203f00c                inet_ntoa
 .text.sgIP_Hub_Init
                0x000000000203f01c       0x14 C:/devkitPro/libnds/lib\libdswifi9.a(sgIP_Hub.o)
                0x000000000203f01c                sgIP_Hub_Init
 .text.sgIP_Hub_AddProtocolInterface
                0x000000000203f030       0x3c C:/devkitPro/libnds/lib\libdswifi9.a(sgIP_Hub.o)
                0x000000000203f030                sgIP_Hub_AddProtocolInterface
 .text.sgIP_Hub_AddHardwareInterface
                0x000000000203f06c       0x3c C:/devkitPro/libnds/lib\libdswifi9.a(sgIP_Hub.o)
                0x000000000203f06c                sgIP_Hub_AddHardwareInterface
 .text.sgIP_Hub_ReceiveHardwarePacket
                0x000000000203f0a8       0x5c C:/devkitPro/libnds/lib\libdswifi9.a(sgIP_Hub.o)
                0x000000000203f0a8                sgIP_Hub_ReceiveHardwarePacket
 .text.sgIP_Hub_SendProtocolPacket
                0x000000000203f104       0x40 C:/devkitPro/libnds/lib\libdswifi9.a(sgIP_Hub.o)
                0x000000000203f104                sgIP_Hub_SendProtocolPacket
 .text.sgIP_Hub_SendRawPacket
                0x000000000203f144       0x24 C:/devkitPro/libnds/lib\libdswifi9.a(sgIP_Hub.o)
                0x000000000203f144                sgIP_Hub_SendRawPacket
 .text.sgIP_Hub_IPMaxMessageSize
                0x000000000203f168        0x8 C:/devkitPro/libnds/lib\libdswifi9.a(sgIP_Hub.o)
                0x000000000203f168                sgIP_Hub_IPMaxMessageSize
 .text.sgIP_Hub_GetCompatibleIP
                0x000000000203f170       0x14 C:/devkitPro/libnds/lib\libdswifi9.a(sgIP_Hub.o)
                0x000000000203f170                sgIP_Hub_GetCompatibleIP
 .text.sgIP_Hub_GetDefaultInterface
                0x000000000203f184       0x14 C:/devkitPro/libnds/lib\libdswifi9.a(sgIP_Hub.o)
                0x000000000203f184                sgIP_Hub_GetDefaultInterface
 .text.htons    0x000000000203f198        0xc C:/devkitPro/libnds/lib\libdswifi9.a(sgIP_Hub.o)
                0x000000000203f198                htons
 .text.htonl    0x000000000203f1a4       0x1c C:/devkitPro/libnds/lib\libdswifi9.a(sgIP_Hub.o)
                0x000000000203f1a4                htonl
 .text.sgIP_memblock_Init
                0x000000000203f1c0        0x2 C:/devkitPro/libnds/lib\libdswifi9.a(sgIP_memblock.o)
                0x000000000203f1c0                sgIP_memblock_Init
 .text.sgIP_memblock_allocHW
                0x000000000203f1c2       0x24 C:/devkitPro/libnds/lib\libdswifi9.a(sgIP_memblock.o)
                0x000000000203f1c2                sgIP_memblock_allocHW
 .text.sgIP_memblock_alloc
                0x000000000203f1e6        0xc C:/devkitPro/libnds/lib\libdswifi9.a(sgIP_memblock.o)
                0x000000000203f1e6                sgIP_memblock_alloc
 *fill*         0x000000000203f1f2        0x2 ff
 .text.sgIP_memblock_free
                0x000000000203f1f4       0x28 C:/devkitPro/libnds/lib\libdswifi9.a(sgIP_memblock.o)
                0x000000000203f1f4                sgIP_memblock_free
 .text.sgIP_memblock_exposeheader
                0x000000000203f21c       0x26 C:/devkitPro/libnds/lib\libdswifi9.a(sgIP_memblock.o)
                0x000000000203f21c                sgIP_memblock_exposeheader
 .text.sgIP_memblock_trimsize
                0x000000000203f242       0x2e C:/devkitPro/libnds/lib\libdswifi9.a(sgIP_memblock.o)
                0x000000000203f242                sgIP_memblock_trimsize
 .text.sgIP_memblock_IPChecksum
                0x000000000203f270       0x92 C:/devkitPro/libnds/lib\libdswifi9.a(sgIP_memblock.o)
                0x000000000203f270                sgIP_memblock_IPChecksum
 .text.sgIP_memblock_CopyToLinear
                0x000000000203f302       0x5c C:/devkitPro/libnds/lib\libdswifi9.a(sgIP_memblock.o)
                0x000000000203f302                sgIP_memblock_CopyToLinear
 .text.sgIP_memblock_CopyFromLinear
                0x000000000203f35e       0x5c C:/devkitPro/libnds/lib\libdswifi9.a(sgIP_memblock.o)
                0x000000000203f35e                sgIP_memblock_CopyFromLinear
 *fill*         0x000000000203f3ba        0x2 ff
 .text.sgIP_sockets_Init
                0x000000000203f3bc       0x18 C:/devkitPro/libnds/lib\libdswifi9.a(sgIP_sockets.o)
                0x000000000203f3bc                sgIP_sockets_Init
 .text.socket   0x000000000203f3d4       0x90 C:/devkitPro/libnds/lib\libdswifi9.a(sgIP_sockets.o)
                0x000000000203f3d4                socket
 .text.forceclosesocket
                0x000000000203f464       0x5c C:/devkitPro/libnds/lib\libdswifi9.a(sgIP_sockets.o)
                0x000000000203f464                forceclosesocket
 .text.sgIP_sockets_Timer1000ms
                0x000000000203f4c0       0x50 C:/devkitPro/libnds/lib\libdswifi9.a(sgIP_sockets.o)
                0x000000000203f4c0                sgIP_sockets_Timer1000ms
 .text.bind     0x000000000203f510       0x68 C:/devkitPro/libnds/lib\libdswifi9.a(sgIP_sockets.o)
                0x000000000203f510                bind
 .text.connect  0x000000000203f578       0xb4 C:/devkitPro/libnds/lib\libdswifi9.a(sgIP_sockets.o)
                0x000000000203f578                connect
 .text.send     0x000000000203f62c       0x94 C:/devkitPro/libnds/lib\libdswifi9.a(sgIP_sockets.o)
                0x000000000203f62c                send
 .text.recv     0x000000000203f6c0       0x94 C:/devkitPro/libnds/lib\libdswifi9.a(sgIP_sockets.o)
                0x000000000203f6c0                recv
 .text.sendto   0x000000000203f754       0x74 C:/devkitPro/libnds/lib\libdswifi9.a(sgIP_sockets.o)
                0x000000000203f754                sendto
 .text.recvfrom
                0x000000000203f7c8       0xac C:/devkitPro/libnds/lib\libdswifi9.a(sgIP_sockets.o)
                0x000000000203f7c8                recvfrom
 .text.shutdown
                0x000000000203f874       0x5c C:/devkitPro/libnds/lib\libdswifi9.a(sgIP_sockets.o)
                0x000000000203f874                shutdown
 .text.closesocket
                0x000000000203f8d0       0x94 C:/devkitPro/libnds/lib\libdswifi9.a(sgIP_sockets.o)
                0x000000000203f8d0                closesocket
 .text.ioctl    0x000000000203f964       0xac C:/devkitPro/libnds/lib\libdswifi9.a(sgIP_sockets.o)
                0x000000000203f964                ioctl
 .text.gethostbyname
                0x000000000203fa10        0x8 C:/devkitPro/libnds/lib\libdswifi9.a(sgIP_sockets.o)
                0x000000000203fa10                gethostbyname
 .text.Wifi_Interface_Init
                0x000000000203fa18       0x4c C:/devkitPro/libnds/lib\libdswifi9.a(wifi_arm9.o)
                0x000000000203fa18                Wifi_Interface_Init
 .text.arm9_synctoarm7
                0x000000000203fa64        0xc C:/devkitPro/libnds/lib\libdswifi9.a(wifi_arm9.o)
                0x000000000203fa64                arm9_synctoarm7
 .text.sgIP_IntrWaitEvent
                0x000000000203fa70        0x2 C:/devkitPro/libnds/lib\libdswifi9.a(wifi_arm9.o)
                0x000000000203fa70                sgIP_IntrWaitEvent
 *fill*         0x000000000203fa72        0x2 ff
 .text.wHeapAllocInit
                0x000000000203fa74       0x2c C:/devkitPro/libnds/lib\libdswifi9.a(wifi_arm9.o)
                0x000000000203fa74                wHeapAllocInit
 .text.wHeapAlloc
                0x000000000203faa0       0xac C:/devkitPro/libnds/lib\libdswifi9.a(wifi_arm9.o)
                0x000000000203faa0                wHeapAlloc
 .text.wHeapFree
                0x000000000203fb4c       0x1c C:/devkitPro/libnds/lib\libdswifi9.a(wifi_arm9.o)
                0x000000000203fb4c                wHeapFree
 .text.sgIP_malloc
                0x000000000203fb68        0x8 C:/devkitPro/libnds/lib\libdswifi9.a(wifi_arm9.o)
                0x000000000203fb68                sgIP_malloc
 .text.sgIP_free
                0x000000000203fb70        0x8 C:/devkitPro/libnds/lib\libdswifi9.a(wifi_arm9.o)
                0x000000000203fb70                sgIP_free
 .text.erasemem
                0x000000000203fb78       0x10 C:/devkitPro/libnds/lib\libdswifi9.a(wifi_arm9.o)
                0x000000000203fb78                erasemem
 .text.Wifi_CmpMacAddr
                0x000000000203fb88       0x22 C:/devkitPro/libnds/lib\libdswifi9.a(wifi_arm9.o)
                0x000000000203fb88                Wifi_CmpMacAddr
 *fill*         0x000000000203fbaa        0x2 ff
 .text.Wifi_TxBufferWordsAvailable
                0x000000000203fbac       0x28 C:/devkitPro/libnds/lib\libdswifi9.a(wifi_arm9.o)
                0x000000000203fbac                Wifi_TxBufferWordsAvailable
 .text.Wifi_TxBufferWrite
                0x000000000203fbd4       0x4c C:/devkitPro/libnds/lib\libdswifi9.a(wifi_arm9.o)
                0x000000000203fbd4                Wifi_TxBufferWrite
 .text.Wifi_TransmitFunction
                0x000000000203fc20      0x200 C:/devkitPro/libnds/lib\libdswifi9.a(wifi_arm9.o)
                0x000000000203fc20                Wifi_TransmitFunction
 .text.Wifi_RxRawReadPacket
                0x000000000203fe20       0x68 C:/devkitPro/libnds/lib\libdswifi9.a(wifi_arm9.o)
                0x000000000203fe20                Wifi_RxRawReadPacket
 .text.Wifi_RxReadOffset
                0x000000000203fe88       0x2c C:/devkitPro/libnds/lib\libdswifi9.a(wifi_arm9.o)
                0x000000000203fe88                Wifi_RxReadOffset
 .text.Wifi_GetNumAP
                0x000000000203feb4       0x28 C:/devkitPro/libnds/lib\libdswifi9.a(wifi_arm9.o)
                0x000000000203feb4                Wifi_GetNumAP
 .text.Wifi_GetAPData
                0x000000000203fedc       0x88 C:/devkitPro/libnds/lib\libdswifi9.a(wifi_arm9.o)
                0x000000000203fedc                Wifi_GetAPData
 .text.Wifi_FindMatchingAP
                0x000000000203ff64       0xc6 C:/devkitPro/libnds/lib\libdswifi9.a(wifi_arm9.o)
                0x000000000203ff64                Wifi_FindMatchingAP
 *fill*         0x000000000204002a        0x2 ff
 .text.Wifi_AutoConnect
                0x000000000204002c       0x2c C:/devkitPro/libnds/lib\libdswifi9.a(wifi_arm9.o)
                0x000000000204002c                Wifi_AutoConnect
 .text.Wifi_DisconnectAP
                0x0000000002040058       0x2c C:/devkitPro/libnds/lib\libdswifi9.a(wifi_arm9.o)
                0x0000000002040058                Wifi_DisconnectAP
 .text.Wifi_Init
                0x0000000002040084       0x7c C:/devkitPro/libnds/lib\libdswifi9.a(wifi_arm9.o)
                0x0000000002040084                Wifi_Init
 .text.Wifi_CheckInit
                0x0000000002040100       0x20 C:/devkitPro/libnds/lib\libdswifi9.a(wifi_arm9.o)
                0x0000000002040100                Wifi_CheckInit
 .text.Wifi_Update
                0x0000000002040120      0x238 C:/devkitPro/libnds/lib\libdswifi9.a(wifi_arm9.o)
                0x0000000002040120                Wifi_Update
 .text.Wifi_Timer
                0x0000000002040358       0x10 C:/devkitPro/libnds/lib\libdswifi9.a(wifi_arm9.o)
                0x0000000002040358                Wifi_Timer
 .text.Timer_50ms
                0x0000000002040368        0xa C:/devkitPro/libnds/lib\libdswifi9.a(wifi_arm9.o)
                0x0000000002040368                Timer_50ms
 *fill*         0x0000000002040372        0x2 ff
 .text.Wifi_GetIPInfo
                0x0000000002040374       0x38 C:/devkitPro/libnds/lib\libdswifi9.a(wifi_arm9.o)
                0x0000000002040374                Wifi_GetIPInfo
 .text.Wifi_SetIP
                0x00000000020403ac       0x24 C:/devkitPro/libnds/lib\libdswifi9.a(wifi_arm9.o)
                0x00000000020403ac                Wifi_SetIP
 .text.Wifi_AssocStatus
                0x00000000020403d0      0x30c C:/devkitPro/libnds/lib\libdswifi9.a(wifi_arm9.o)
                0x00000000020403d0                Wifi_AssocStatus
 .text.Wifi_GetData
                0x00000000020406dc       0x60 C:/devkitPro/libnds/lib\libdswifi9.a(wifi_arm9.o)
                0x00000000020406dc                Wifi_GetData
 .text.Wifi_Sync
                0x000000000204073c       0x1c C:/devkitPro/libnds/lib\libdswifi9.a(wifi_arm9.o)
                0x000000000204073c                Wifi_Sync
 .text.wifiValue32Handler
                0x0000000002040758        0xc C:/devkitPro/libnds/lib\libdswifi9.a(wifi_arm9.o)
                0x0000000002040758                wifiValue32Handler
 .text.Wifi_InitDefault
                0x0000000002040764       0x8c C:/devkitPro/libnds/lib\libdswifi9.a(wifi_arm9.o)
                0x0000000002040764                Wifi_InitDefault
 .text.sgIP_FindArpSlot
                0x00000000020407f0       0x2c C:/devkitPro/libnds/lib\libdswifi9.a(sgIP_ARP.o)
                0x00000000020407f0                sgIP_FindArpSlot
 .text.sgIP_GetArpSlot
                0x000000000204081c       0x48 C:/devkitPro/libnds/lib\libdswifi9.a(sgIP_ARP.o)
                0x000000000204081c                sgIP_GetArpSlot
 .text.sgIP_ARP_Init
                0x0000000002040864       0x1c C:/devkitPro/libnds/lib\libdswifi9.a(sgIP_ARP.o)
                0x0000000002040864                sgIP_ARP_Init
 .text.sgIP_ARP_FlushInterface
                0x0000000002040880       0x24 C:/devkitPro/libnds/lib\libdswifi9.a(sgIP_ARP.o)
                0x0000000002040880                sgIP_ARP_FlushInterface
 .text.sgIP_ARP_SendARPResponse
                0x00000000020408a4       0xd4 C:/devkitPro/libnds/lib\libdswifi9.a(sgIP_ARP.o)
                0x00000000020408a4                sgIP_ARP_SendARPResponse
 .text.sgIP_ARP_SendGratARP
                0x0000000002040978       0xd4 C:/devkitPro/libnds/lib\libdswifi9.a(sgIP_ARP.o)
                0x0000000002040978                sgIP_ARP_SendGratARP
 .text.sgIP_ARP_SendARPRequest
                0x0000000002040a4c       0xc0 C:/devkitPro/libnds/lib\libdswifi9.a(sgIP_ARP.o)
                0x0000000002040a4c                sgIP_ARP_SendARPRequest
 .text.sgIP_ARP_Timer100ms
                0x0000000002040b0c       0x58 C:/devkitPro/libnds/lib\libdswifi9.a(sgIP_ARP.o)
                0x0000000002040b0c                sgIP_ARP_Timer100ms
 .text.sgIP_ARP_SendProtocolFrame
                0x0000000002040b64       0xe8 C:/devkitPro/libnds/lib\libdswifi9.a(sgIP_ARP.o)
                0x0000000002040b64                sgIP_ARP_SendProtocolFrame
 .text.sgIP_ARP_ProcessARPFrame
                0x0000000002040c4c       0xdc C:/devkitPro/libnds/lib\libdswifi9.a(sgIP_ARP.o)
                0x0000000002040c4c                sgIP_ARP_ProcessARPFrame
 .text.sgIP_Init
                0x0000000002040d28       0x3c C:/devkitPro/libnds/lib\libdswifi9.a(sgIP.o)
                0x0000000002040d28                sgIP_Init
 .text.sgIP_Timer
                0x0000000002040d64       0x6c C:/devkitPro/libnds/lib\libdswifi9.a(sgIP.o)
                0x0000000002040d64                sgIP_Timer
 .text.sgIP_UDP_Init
                0x0000000002040dd0       0x1c C:/devkitPro/libnds/lib\libdswifi9.a(sgIP_UDP.o)
                0x0000000002040dd0                sgIP_UDP_Init
 .text.sgIP_UDP_GetUnusedOutgoingPort
                0x0000000002040dec       0x58 C:/devkitPro/libnds/lib\libdswifi9.a(sgIP_UDP.o)
                0x0000000002040dec                sgIP_UDP_GetUnusedOutgoingPort
 .text.sgIP_UDP_CalcChecksum
                0x0000000002040e44       0x68 C:/devkitPro/libnds/lib\libdswifi9.a(sgIP_UDP.o)
                0x0000000002040e44                sgIP_UDP_CalcChecksum
 .text.sgIP_UDP_ReceivePacket
                0x0000000002040eac       0x9c C:/devkitPro/libnds/lib\libdswifi9.a(sgIP_UDP.o)
                0x0000000002040eac                sgIP_UDP_ReceivePacket
 .text.sgIP_UDP_SendPacket
                0x0000000002040f48       0xd0 C:/devkitPro/libnds/lib\libdswifi9.a(sgIP_UDP.o)
                0x0000000002040f48                sgIP_UDP_SendPacket
 .text.sgIP_UDP_AllocRecord
                0x0000000002041018       0x34 C:/devkitPro/libnds/lib\libdswifi9.a(sgIP_UDP.o)
                0x0000000002041018                sgIP_UDP_AllocRecord
 .text.sgIP_UDP_FreeRecord
                0x000000000204104c       0x4c C:/devkitPro/libnds/lib\libdswifi9.a(sgIP_UDP.o)
                0x000000000204104c                sgIP_UDP_FreeRecord
 .text.sgIP_UDP_Bind
                0x0000000002041098       0x38 C:/devkitPro/libnds/lib\libdswifi9.a(sgIP_UDP.o)
                0x0000000002041098                sgIP_UDP_Bind
 .text.sgIP_UDP_RecvFrom
                0x00000000020410d0       0xc0 C:/devkitPro/libnds/lib\libdswifi9.a(sgIP_UDP.o)
                0x00000000020410d0                sgIP_UDP_RecvFrom
 .text.sgIP_UDP_SendTo
                0x0000000002041190        0xe C:/devkitPro/libnds/lib\libdswifi9.a(sgIP_UDP.o)
                0x0000000002041190                sgIP_UDP_SendTo
 *fill*         0x000000000204119e        0x2 ff
 .text.sgIP_DHCP_Init
                0x00000000020411a0       0x40 C:/devkitPro/libnds/lib\libdswifi9.a(sgIP_DHCP.o)
                0x00000000020411a0                sgIP_DHCP_Init
 .text.sgIP_DHCP_SendDgram
                0x00000000020411e0       0x6c C:/devkitPro/libnds/lib\libdswifi9.a(sgIP_DHCP.o)
                0x00000000020411e0                sgIP_DHCP_SendDgram
 .text.sgIP_DHCP_BeginDgram
                0x000000000204124c      0x1cc C:/devkitPro/libnds/lib\libdswifi9.a(sgIP_DHCP.o)
                0x000000000204124c                sgIP_DHCP_BeginDgram
 .text.sgIP_DHCP_Terminate