Archive member included to satisfy reference by file (symbol)

C:/devkitPro/nitro-engine/lib\libNE.a(NE2D.o)
                              main.o (NE_SpriteCreate)
C:/devkitPro/nitro-engine/lib\libNE.a(NECamera.o)
                              main.o (NE_CameraCreate)
C:/devkitPro/nitro-engine/lib\libNE.a(NEFormats.o)
                              main.o (NE_MaterialTexLoadBMPtoRGB256)
C:/devkitPro/nitro-engine/lib\libNE.a(NEGeneral.o)
                              gun.o (NE_SetFov)
C:/devkitPro/nitro-engine/lib\libNE.a(NEModel.o)
                              collisions.o (NE_ModelCreate)
C:/devkitPro/nitro-engine/lib\libNE.a(NEPalette.o)
                              main.o (NE_PaletteCreate)
C:/devkitPro/nitro-engine/lib\libNE.a(NEPhysics.o)
                              collisions.o (NE_PhysicsCreate)
C:/devkitPro/nitro-engine/lib\libNE.a(NEPolygon.o)
                              C:/devkitPro/nitro-engine/lib\libNE.a(NEGeneral.o) (NE_LightOff)
C:/devkitPro/nitro-engine/lib\libNE.a(NEText.o)
                              C:/devkitPro/nitro-engine/lib\libNE.a(NEGeneral.o) (NE_TextPriorityReset)
C:/devkitPro/nitro-engine/lib\libNE.a(NETexture.o)
                              main.o (NE_MaterialCreate)
C:/devkitPro/nitro-engine/lib\libNE.a(NEAlloc.o)
                              C:/devkitPro/nitro-engine/lib\libNE.a(NEPalette.o) (NE_AllocInit)
C:/devkitPro/nitro-engine/lib\libNE.a(NEFAT.o)
                              C:/devkitPro/nitro-engine/lib\libNE.a(NEFormats.o) (NE_FATLoadData)
C:/devkitPro/nitro-engine/lib\libNE.a(NEGUI.o)
                              C:/devkitPro/nitro-engine/lib\libNE.a(NEGeneral.o) (NE_GUIUpdate)
C:/devkitPro/libnds/lib\libfat.a(libfat.o)
                              main.o (fatInitDefault)
C:/devkitPro/libnds/lib\libfat.a(disc.o)
                              C:/devkitPro/libnds/lib\libfat.a(libfat.o) (_FAT_disc_interfaces)
C:/devkitPro/libnds/lib\libfat.a(fatfile.o)
                              C:/devkitPro/libnds/lib\libfat.a(libfat.o) (_FAT_open_r)
C:/devkitPro/libnds/lib\libfat.a(cache.o)
                              C:/devkitPro/libnds/lib\libfat.a(fatfile.o) (_FAT_cache_readSectors)
C:/devkitPro/libnds/lib\libfat.a(fatdir.o)
                              C:/devkitPro/libnds/lib\libfat.a(libfat.o) (_FAT_stat_r)
C:/devkitPro/libnds/lib\libfat.a(directory.o)
                              C:/devkitPro/libnds/lib\libfat.a(fatfile.o) (_FAT_directory_entryGetCluster)
C:/devkitPro/libnds/lib\libfat.a(partition.o)
                              C:/devkitPro/libnds/lib\libfat.a(libfat.o) (_FAT_partition_destructor)
C:/devkitPro/libnds/lib\libfat.a(lock.o)
                              C:/devkitPro/libnds/lib\libfat.a(partition.o) (_FAT_lock_init)
C:/devkitPro/libnds/lib\libfat.a(filetime.o)
                              C:/devkitPro/libnds/lib\libfat.a(fatfile.o) (_FAT_filetime_getTimeFromRTC)
C:/devkitPro/libnds/lib\libfat.a(file_allocation_table.o)
                              C:/devkitPro/libnds/lib\libfat.a(fatfile.o) (_FAT_fat_nextCluster)
C:/devkitPro/libnds/lib\libdswifi9.a(sgIP_DNS.o)
                              network.o (inet_ntoa)
C:/devkitPro/libnds/lib\libdswifi9.a(sgIP_Hub.o)
                              C:/devkitPro/libnds/lib\libdswifi9.a(sgIP_DNS.o) (sgIP_Hub_GetDefaultInterface)
C:/devkitPro/libnds/lib\libdswifi9.a(sgIP_memblock.o)
                              C:/devkitPro/libnds/lib\libdswifi9.a(sgIP_Hub.o) (sgIP_memblock_free)
C:/devkitPro/libnds/lib\libdswifi9.a(sgIP_sockets.o)
                              main.o (socket)
C:/devkitPro/libnds/lib\libdswifi9.a(wifi_arm9.o)
                              C:/devkitPro/libnds/lib\libdswifi9.a(sgIP_DNS.o) (sgIP_IntrWaitEvent)
C:/devkitPro/libnds/lib\libdswifi9.a(sgIP_ARP.o)
                              C:/devkitPro/libnds/lib\libdswifi9.a(wifi_arm9.o) (sgIP_ARP_FlushInterface)
C:/devkitPro/libnds/lib\libdswifi9.a(sgIP.o)
                              C:/devkitPro/libnds/lib\libdswifi9.a(wifi_arm9.o) (sgIP_Init)
C:/devkitPro/libnds/lib\libdswifi9.a(sgIP_UDP.o)
                              C:/devkitPro/libnds/lib\libdswifi9.a(sgIP.o) (sgIP_UDP_Init)
C:/devkitPro/libnds/lib\libdswifi9.a(sgIP_DHCP.o)
                              C:/devkitPro/libnds/lib\libdswifi9.a(sgIP.o) (sgIP_DHCP_Init)
C:/devkitPro/libnds/lib\libdswifi9.a(spinlock.o)
                              C:/devkitPro/libnds/lib\libdswifi9.a(wifi_arm9.o) (SLasm_Acquire)
C:/devkitPro/libnds/lib\libdswifi9.a(sgIP_TCP.o)
                              C:/devkitPro/libnds/lib\libdswifi9.a(sgIP.o) (sgIP_TCP_Init)
C:/devkitPro/libnds/lib\libdswifi9.a(sgIP_IP.o)
                              C:/devkitPro/libnds/lib\libdswifi9.a(sgIP.o) (sgIP_IP_ReceivePacket)
C:/devkitPro/libnds/lib\libdswifi9.a(sgIP_ICMP.o)
                              C:/devkitPro/libnds/lib\libdswifi9.a(sgIP_IP.o) (sgIP_ICMP_ReceivePacket)
C:/devkitPro/libnds/lib\libmm9.a(mm_soundbank.o)
                              sounds.o (mmSoundBankInFiles)
[...]
Memory Configuration

Name             Origin             Length             Attributes
ewram            0x0000000002000000 0x0000000000380000
dtcm             0x0000000002ff0000 0x0000000000004000
vectors          0x0000000001000000 0x0000000000000100
itcm             0x0000000001000100 0x0000000000007f00
*default*        0x0000000000000000 0xffffffffffffffff

Linker script and memory map

                0x0000000002380000                __ewram_end = (ORIGIN (ewram) + LENGTH (ewram))
                0x0000000002380000                __eheap_end = (ORIGIN (ewram) + LENGTH (ewram))
                0x0000000002ff4000                __dtcm_top = (ORIGIN (dtcm) + LENGTH (dtcm))
                0x0000000002ff3ff8                __irq_flags = (__dtcm_top - 0x8)
                0x0000000002ff3ffc                __irq_vector = (__dtcm_top - 0x4)
                0x0000000002ff3f00                __sp_svc = (__dtcm_top - 0x100)
                0x0000000002ff3e00                __sp_irq = (__sp_svc - 0x100)
                0x0000000002ff3d00                __sp_usr = (__sp_irq - 0x100)

.secure         0x0000000002000000      0x800
 *(.secure)
 .secure        0x0000000002000000      0x800 C:/devkitPro/libnds/lib\libnds9.a(securearea.o)
                0x0000000002000000                __secure_area__

.crt0           0x0000000002000800      0x300
                0x0000000002000800                __text_start = .
 *(.crt0)
 .crt0          0x0000000002000800      0x300 c:/devkitpro/devkitarm/bin/../lib/gcc/arm-none-eabi/11.1.0/../../../../arm-none-eabi/lib/thumb/ds_arm9_crt0.o
                0x0000000002000800                _start
                0x0000000002000b00                . = ALIGN (0x4)

.plt
 *(.plt)

.init           0x0000000002000b00        0xc
 *(SORT_NONE(.init))
 .init          0x0000000002000b00        0x4 c:/devkitpro/devkitarm/bin/../lib/gcc/arm-none-eabi/11.1.0/thumb/crti.o
                0x0000000002000b00                _init
 .init          0x0000000002000b04        0x8 c:/devkitpro/devkitarm/bin/../lib/gcc/arm-none-eabi/11.1.0/thumb/crtn.o

.text           0x0000000002000b40    0x4e8a0
 *(EXCLUDE_FILE(*.twl* *.vectors* *.itcm*) .text)
 .text          0x0000000002000b40     0x5d38 ai.o
                0x0000000002000b40                setBotsNames
                0x0000000002000be8                ResetTakenBotsNames
                0x0000000002000bfc                copyArrayToAllMatricesLength
                0x0000000002000c5c                createLengthMatrices
                0x0000000002004c30                CreateWaypoints
                0x00000000020057d8                GetWaypoints
                0x00000000020057e0                getNearestWaypoint
                0x0000000002005888                GetDistanceBewteenTwoPlayers
                0x00000000020058fc                CreateWaypoint
                0x0000000002005938                CheckPathWaypoint
                0x0000000002005b84                StartChecking
                0x0000000002005c94                checkForPlayer
                0x000000000200634c                SetRandomDefuser
                0x0000000002006490                SetDefuser
                0x00000000020064ac                checkTarget
                0x00000000020066e8                checkShopForBot
                0x00000000020067a4                checkShopForBots
 .text          0x0000000002006878     0x5464 collisions.o
                0x0000000002006878                CalculateAllTriggerColBoxs
                0x0000000002007080                AddAllStairs
                0x00000000020078c8                CreateStairs
                0x00000000020078f4                CalculatePlayerColBox
                0x00000000020079ec                CalculateWallColBox
                0x0000000002007a74                CreateWall
                0x0000000002007cec                AddAllCollisions
                0x000000000200a1b4                CalculateTriggerColBox
                0x000000000200a270                SetBombZone
                0x000000000200a338                SetBombDefuseZone
                0x000000000200a370                SetBombTakingZone
                0x000000000200a3d4                checkPlayerOcclusionZone
                0x000000000200a4a8                checkBombZoneWaypoint
                0x000000000200a560                CheckZones
                0x000000000200a6c8                checkTakingBombZone
                0x000000000200a7c8                CheckStairs
                0x000000000200aa24                checkZoneForOcclusion
                0x000000000200aa4c                CheckStairsForGrenades
                0x000000000200acdc                prepareAiRaycast
                0x000000000200afb8                setRaycastValues
                0x000000000200aff0                getHitDistance
                0x000000000200b11c                Raycast
                0x000000000200b9e0                CheckWallHit
                0x000000000200b9e4                sign
                0x000000000200ba2c                PointInTriangle
                0x000000000200bb74                signInt
                0x000000000200bb8c                PointInTriangleInt
 .text          0x000000000200bcdc      0x4e8 draw3d.o
                0x000000000200be00                Draw3DScene
                0x000000000200c178                DrawPlayers
                0x000000000200c18c                Draw3DSceneNotInGame
 .text          0x000000000200c1c4       0x38 equipment.o
                0x000000000200c1c4                AddEquipment
 .text          0x000000000200c1fc      0x6a8 grenade.o
                0x000000000200c1fc                AddGrenades
                0x000000000200c300                CreateGrenade
                0x000000000200c470                lanchGrenade
                0x000000000200c544                DeleteGrenade
                0x000000000200c578                UpdateGrenades
 .text          0x000000000200c8a4     0x1208 gun.o
                0x000000000200c8a4                AddGuns
                0x000000000200d7c4                ReloadGun
                0x000000000200d81c                SetAim
                0x000000000200d888                DisableAim
                0x000000000200d89c                getPlayerCurrentGunIndex
                0x000000000200d8a8                getPlayerCurrentGun
                0x000000000200d8cc                findGun
                0x000000000200d9f0                ResetGunAmmo
                0x000000000200da30                ResetGunsAmmo
                0x000000000200da88                setGunRecoil
 .text          0x000000000200daac      0xc30 keyboard.o
                0x000000000200daac                shiftKeyboard
                0x000000000200dac8                makeSpace
                0x000000000200daec                cancelKeyboard
                0x000000000200db1c                makeDelete
                0x000000000200db38                confirmKeyboard
                0x000000000200db88                initKeyboard
                0x000000000200e010                drawKeyBoard
                0x000000000200e2c4                readKeyboard
 .text          0x000000000200e6dc     0x516c main.o
                0x000000000200e6dc                Draw3DScene2
                0x000000000200e6e4                error_handler
                0x000000000200e6ec                StartSinglePlayer
                0x000000000200e6f8                GetCurrentMenu
                0x000000000200e704                SetCurrentMenu
                0x000000000200e710                GetUpdateBottomScreenOneFrame
                0x000000000200e71c                SetUpdateBottomScreenOneFrame
                0x000000000200e728                GetButtonToShow
                0x000000000200e734                SetButtonToShow
                0x000000000200e740                SetWaitForTeamResponse
                0x000000000200e74c                GetAllGrenades
                0x000000000200e754                GetCheckBoxs
                0x000000000200e760                GetSpritesTop
                0x000000000200e76c                GetSpritesBottom
                0x000000000200e778                GetBottomScreenSpritesMaterials
                0x000000000200e784                GetPalettes
                0x000000000200e790                GetAlwaysUpdateBottomScreen
                0x000000000200e79c                SetAlwaysUpdateBottomScreen
                0x000000000200e7a8                GetNeedChangeScreen
                0x000000000200e7b4                GetIsDebugBottomScreen
                0x000000000200e7c0                SetIsDebugBottomScreen
                0x000000000200e7cc                GetIsDebugTopScreen
                0x000000000200e7d8                SetIsDebugTopScreen
                0x000000000200e7e4                SetNeedChangeScreen
                0x000000000200e7f0                SetTwoScreenMode
                0x000000000200e824                SetSendTeam
                0x000000000200e830                SetTempTeam
                0x000000000200e83c                GetTempTeam
                0x000000000200e848                SetPing
                0x000000000200e854                GetPing
                0x000000000200e860                SetCounterScore
                0x000000000200e86c                GetCounterScore
                0x000000000200e878                SetTerroristsScore
                0x000000000200e884                GetTerroristsScore
                0x000000000200e890                SetTextToShowTimer
                0x000000000200e89c                GetTextToShowTimer
                0x000000000200e8a8                SetTextToShow
                0x000000000200e8ac                GetTextToShow
                0x000000000200e8b8                SetNeedJump
                0x000000000200e8d8                SetSelectedGunShop
                0x000000000200e8e4                GetSelectedGunShop
                0x000000000200e8f0                SetCurrentCameraPlayer
                0x000000000200e8fc                GetCurrentCameraPlayer
                0x000000000200e908                SetSendBuyWeapon
                0x000000000200e914                SetNeedUpdateViewRotation
                0x000000000200e920                GetNeedUpdateViewRotation
                0x000000000200e92c                SetSendPosition
                0x000000000200e938                GetSendPosition
                0x000000000200e944                SetCameraAngleY
                0x000000000200e950                GetCameraAngleY
                0x000000000200e95c                GetCurrentScopeLevel
                0x000000000200e968                SetDoubleTapTimer
                0x000000000200e974                GetDoubleTapTimer
                0x000000000200e980                setPlayersPositionAtSpawns
                0x000000000200eb2c                setPlayerPositionAtSpawns
                0x000000000200ecc0                UpdateGunTexture
                0x000000000200ed78                ChangeGunInInventory
                0x000000000200ee30                SetGunInInventory
                0x000000000200eeb0                ChangeGunInInventoryForLocalPlayer
                0x000000000200ef34                SetGunInInventoryForNonLocalPlayer
                0x000000000200efb0                UpdatePlayerTexture
                0x000000000200eff8                StopReloading
                0x000000000200f014                startReloadGun
                0x000000000200f074                UpdateEngineNotInGame
                0x000000000200f0c0                UpdateEngine
                0x000000000200f13c                buyGun
                0x000000000200f370                setBombForARandomPlayer
                0x000000000200f58c                addMoneyToTeam
                0x000000000200f6b0                setPlayerMoney
                0x000000000200f6e0                addPlayerMoney
                0x000000000200f730                reducePlayerMoney
                0x000000000200f768                resetPlayer
                0x000000000200f940                setNewRoundHandWeapon
                0x000000000200f9c8                setPlayerHealth
                0x000000000200fa80                map
                0x000000000200facc                mapInt
                0x000000000200fae4                CalculatePlayerPosition
                0x000000000200fb40                rumble
                0x000000000200fb60                finishParty
                0x000000000200fb94                CheckAfterRound
                0x000000000200fd2c                checkAfterDamage
                0x0000000002010780                CheckTeamDeathCount
                0x000000000201094c                makeHit
                0x0000000002010bb4                GameLoop
                0x0000000002012f6c                removeAllPlayers
                0x0000000002012fd0                AddNewPlayer
                0x0000000002013370                StartGame
 .text          0x0000000002013848      0x114 map.o
                0x0000000002013848                AddAllSpawnPoints
                0x00000000020138fc                SetAngles
                0x0000000002013918                AddSpawnPoint
 .text          0x000000000201395c     0x1008 movements.o
                0x000000000201395c                SetPlayersForMovements
                0x0000000002013960                MovePlayer
                0x0000000002013aac                AddAnglesToPlayer
                0x0000000002013b6c                RotatePlayer
                0x0000000002013c1c                UpdateLookRotation
                0x0000000002013ef4                ForceUpdateLookRotation
                0x0000000002013f08                UpdateLookRotationAI
                0x0000000002013fc4                normalize
                0x0000000002014034                normalize2D
                0x000000000201407c                normalize1D
                0x000000000201409c                SetOnlinelPlayersPositions
 .text          0x0000000002014964     0x1f80 network.o
                0x0000000002014964                ReadServerListData
                0x0000000002014ba0                ReadServerData
                0x0000000002016784                connectToServer
                0x00000000020168b0                connectFromServerList
 .text          0x00000000020168e4      0x14c Party.o
                0x00000000020168e4                AddAllPartyModes
                0x00000000020169d4                AddPartyMode
 .text          0x0000000002016a30       0xf4 saveManager.o
                0x0000000002016a30                Save
                0x0000000002016a98                Load
 .text          0x0000000002016b24      0x5c0 sounds.o
                0x0000000002016b24                initSoundSystem
                0x0000000002016c90                DoStepSound
                0x0000000002016d24                GetPanning
                0x0000000002016f18                GetPanningByPosition
                0x00000000020170a4                Play3DSound
                0x00000000020170c8                Play2DSound
                0x00000000020170dc                PlayBasicSound
 .text          0x00000000020170e4     0x402c ui.o
                0x00000000020170e4                changeServer
                0x0000000002017140                drawGameMenu
                0x0000000002017160                drawQuitMenu
                0x0000000002017180                drawMainMenu
                0x00000000020171cc                drawControlsSettingsMenu
                0x00000000020171ec                changeMapState
                0x000000000201720c                BuyWeapon
                0x0000000002017228                unloadShopMenu
                0x0000000002017244                unloadControllerMenu
                0x0000000002017274                ChangeWeapon
                0x0000000002017520                drawGameFinishedMenu
                0x0000000002017a80                drawScoreMenu
                0x0000000002017fc0                drawShopCategoriesMenu
                0x00000000020180b8                drawServersMenu
                0x00000000020181b8                drawControllerMenu
                0x000000000201821c                SetTeam
                0x0000000002018274                drawChangeNameMenu
                0x0000000002018278                initControlsSettingsMenu
                0x00000000020182f8                initChangeNameMenu
                0x000000000201839c                initQuitMenu
                0x0000000002018454                initServerMenu
                0x0000000002018514                initScoreMenu
                0x0000000002018600                initShopCategoriesMenu
                0x0000000002018750                initSettingsMenu
                0x0000000002018850                initMainMenu
                0x0000000002018960                initGameMenu
                0x0000000002018ad8                initControllerMenu
                0x0000000002018c88                SetSpritesForUI
                0x0000000002018cac                SetCheckBoxsRefForUI
                0x0000000002018cbc                GetShopCategory
                0x0000000002018cc8                GetWeaponCountVar
                0x0000000002018cd4                SetWeaponCountFromCategory
                0x0000000002018d50                printLongText
                0x0000000002018e44                drawShopMenu
                0x0000000002019074                drawSettingsMenu
                0x00000000020191a4                printLongConstChar
                0x00000000020191ac                startChangeMenu
                0x0000000002019204                closeMap
                0x0000000002019210                ReadTouchScreen
                0x0000000002019494                showPartyEventText
                0x0000000002019510                showKillText
                0x00000000020195b4                drawTopScreenUI
                0x000000000201a9a4                initGameFinishedMenu
                0x000000000201aa20                initShopMenu
                0x000000000201ab9c                ChangeMenu
                0x000000000201ad8c                OpenShopCategory
                0x000000000201ae20                initChatMenu
                0x000000000201ae24                drawChatMenu
                0x000000000201ae28                drawButtons
                0x000000000201b084                drawBottomScreenUI
 .text          0x000000000201b110      0xf7c C:/devkitPro/nitro-engine/lib\libNE.a(NE2D.o)
                0x000000000201b110                NE_SpriteCreate
                0x000000000201b218                NE_SpriteSetPos
                0x000000000201b278                NE_SpriteSetSize
                0x000000000201b2d8                NE_SpriteSetRot
                0x000000000201b32c                NE_SpriteSetScaleI
                0x000000000201b380                NE_SpriteSetMaterial
                0x000000000201b410                NE_SpriteSetPriority
                0x000000000201b464                NE_SpriteVisible
                0x000000000201b4b8                NE_SpriteSetParams
                0x000000000201b58c                NE_SpriteDelete
                0x000000000201b640                NE_SpriteDeleteAll
                0x000000000201b66c                NE_SpriteSystemReset
                0x000000000201b708                NE_SpriteSystemEnd
                0x000000000201b740                NE_2DViewInit
                0x000000000201b900                NE_2DViewRotateScaleByPositionI
                0x000000000201b968                NE_2DViewRotateByPosition
                0x000000000201b9b8                NE_2DViewScaleByPositionI
                0x000000000201b9e4                NE_2DDrawQuad
                0x000000000201ba38                NE_2DDrawQuadGradient
                0x000000000201ba98                NE_2DDrawTexturedQuad
                0x000000000201bbd8                NE_2DDrawTexturedQuadColor
                0x000000000201bd20                NE_SpriteDraw
                0x000000000201be2c                NE_SpriteDrawAll
                0x000000000201bf34                NE_2DDrawTexturedQuadGradient
 .text          0x000000000201c08c     0x19c0 C:/devkitPro/nitro-engine/lib\libNE.a(NECamera.o)
                0x000000000201c300                NE_CameraCreate
                0x000000000201c3d0                NE_CameraSetI
                0x000000000201c458                NE_CameraUse
                0x000000000201c99c                NE_CameraMoveFreeI
                0x000000000201cf50                NE_CameraMoveI
                0x000000000201cfe4                NE_CameraRotate
                0x000000000201d228                NE_CameraRotateAxisI
                0x000000000201d2e0                NE_CameraRotateFree
                0x000000000201d7e8                NE_CameraDelete
                0x000000000201d8d0                NE_CameraSystemReset
                0x000000000201d94c                NE_CameraSystemEnd
                0x000000000201d960                NE_ViewPush
                0x000000000201d96c                NE_ViewPop
                0x000000000201d978                NE_ViewMoveI
                0x000000000201d988                NE_ViewRotate
                0x000000000201da3c                NE_ViewScaleI
 .text          0x000000000201da4c      0xcf0 C:/devkitPro/nitro-engine/lib\libNE.a(NEFormats.o)
                0x000000000201da4c                NE_MaterialTexLoadBMPtoRGBA
                0x000000000201df54                NE_FATMaterialTexLoadBMPtoRGBA
                0x000000000201e010                NE_MaterialTexLoadBMPtoRGB256
                0x000000000201e638                NE_FATMaterialTexLoadBMPtoRGB256
 .text          0x000000000201e73c     0x12e8 C:/devkitPro/nitro-engine/lib\libNE.a(NEGeneral.o)
                0x000000000201e73c                __ne_debugoutputtoconsole
                0x000000000201ea50                NE_End
                0x000000000201ea64                NE_Viewport
                0x000000000201ece4                NE_SetFov
                0x000000000201ecf0                NE_SwapScreens
                0x000000000201ed08                NE_UpdateInput
                0x000000000201ed34                NE_Init3D
                0x000000000201edf4                NE_InitDual3D
                0x000000000201ef9c                NE_InitConsole
                0x000000000201f000                NE_SetConsoleColor
                0x000000000201f00c                NE_Process
                0x000000000201f10c                NE_ProcessDual
                0x000000000201f33c                NE_ClippingPlanesSetI
                0x000000000201f3c4                NE_AntialiasEnable
                0x000000000201f3e0                NE_GetPolygonCount
                0x000000000201f3fc                NE_GetVertexCount
                0x000000000201f418                NE_VBLFunc
                0x000000000201f444                NE_SpecialEffectPause
                0x000000000201f498                NE_HBLFunc
                0x000000000201f52c                NE_SpecialEffectNoiseConfig
                0x000000000201f538                NE_SpecialEffectSineConfig
                0x000000000201f544                NE_SpecialEffectSet
                0x000000000201f568                NE_WaitForVBL
                0x000000000201f5f4                NE_GetCPUPercent
                0x000000000201f600                NE_GPUIsRendering
                0x000000000201f61c                __NE_debugprint
                0x000000000201f634                NE_DebugSetHandler
                0x000000000201f640                NE_DebugSetHandlerConsole
                0x000000000201f6b0                NE_TouchTestStart
                0x000000000201f808                NE_TouchTestObject
                0x000000000201f8b4                NE_TouchTestResult
                0x000000000201f970                NE_TouchTestEnd
 .text          0x000000000201fa24     0x1840 C:/devkitPro/nitro-engine/lib\libNE.a(NEModel.o)
                0x000000000201fafc                NE_ModelCreate
                0x000000000201fc30                NE_ModelDelete
                0x000000000201fc44                NE_ModelLoadStaticMeshFAT
                0x000000000201fdec                NE_ModelLoadStaticMesh
                0x000000000201ff3c                NE_ModelSetMaterial
                0x000000000201ffd4                NE_ModelDraw
                0x0000000002020530                NE_ModelClone
                0x0000000002020628                NE_ModelScaleI
                0x0000000002020694                NE_ModelTranslateI
                0x0000000002020710                NE_ModelSetCoordI
                0x000000000202077c                NE_ModelRotate
                0x0000000002020804                NE_ModelSetRot
                0x0000000002020870                NE_ModelAnimStart
                0x000000000202095c                NE_ModelAnimSetSpeed
                0x0000000002020a14                NE_ModelAnimateAll
                0x0000000002020b24                NE_ModelAnimSetFrameSpeed
                0x0000000002020bd0                NE_ModelAnimGetFrame
                0x0000000002020c64                NE_ModelAnimSetFrame
                0x0000000002020d04                NE_ModelAnimInterpolate
                0x0000000002020d9c                NE_ModelLoadNEAFAT
                0x0000000002020f88                NE_ModelLoadNEA
                0x0000000002021130                NE_ModelDeleteAll
                0x0000000002021164                NE_ModelSystemReset
                0x0000000002021220                NE_ModelSystemEnd
 .text          0x0000000002021264      0x970 C:/devkitPro/nitro-engine/lib\libNE.a(NEPalette.o)
                0x0000000002021510                NE_PaletteCreate
                0x00000000020215dc                NE_PaletteLoadFAT
                0x0000000002021740                NE_PaletteLoad
                0x0000000002021758                NE_PaletteDelete
                0x000000000202176c                NE_PaletteUse
                0x0000000002021824                NE_PaletteSystemReset
                0x0000000002021918                NE_PaletteFreeMem
                0x0000000002021938                NE_PaletteFreeMemPercent
                0x0000000002021958                NE_PaletteDefragMem
                0x00000000020219a8                NE_PaletteSystemEnd
                0x00000000020219bc                NE_PaletteModificationStart
                0x0000000002021ab8                NE_PaletteRGB256SetColor
                0x0000000002021b6c                NE_PaletteModificationEnd
 .text          0x0000000002021bd4     0x1024 C:/devkitPro/nitro-engine/lib\libNE.a(NEPhysics.o)
                0x000000000202225c                NE_PhysicsCreate
                0x0000000002022398                NE_PhysicsDelete
                0x00000000020223ac                NE_PhysicsDeleteAll
                0x00000000020223e0                NE_PhysicsSystemReset
                0x0000000002022484                NE_PhysicsSystemEnd
                0x00000000020224c4                NE_PhysicsSetRadiusI
                0x000000000202258c                NE_PhysicsSetSpeedI
                0x00000000020225f4                NE_PhysicsSetSizeI
                0x00000000020226d8                NE_PhysicsSetGravityI
                0x000000000202272c                NE_PhysicsSetFrictionI
                0x00000000020227bc                NE_PhysicsSetBounceEnergy
                0x000000000202284c                NE_PhysicsEnable
                0x00000000020228a0                NE_PhysicsSetModel
                0x0000000002022938                NE_PhysicsSetGroup
                0x000000000202299c                NE_PhysicsOnCollision
                0x00000000020229f0                NE_PhysicsIsColliding
                0x0000000002022a44                NE_PhysicsUpdateAll
                0x0000000002022a78                NE_PhysicsUpdate
                0x0000000002022a8c                NE_PhysicsCheckCollision
 .text          0x0000000002022bf8      0x538 C:/devkitPro/nitro-engine/lib\libNE.a(NEPolygon.o)
                0x0000000002022bf8                NE_PolyColor
                0x0000000002022c04                NE_LightOff
                0x0000000002022c60                NE_LightSetColor
                0x0000000002022cb8                NE_LightSetI
                0x0000000002022d3c                NE_PolyBegin
                0x0000000002022d48                NE_PolyEnd
                0x0000000002022d54                NE_PolyNormalI
                0x0000000002022d74                NE_PolyVertexI
                0x0000000002022d8c                NE_PolyTexCoord
                0x0000000002022da0                NE_PolyFormat
                0x0000000002022e4c                NE_OutliningEnable
                0x0000000002022e68                NE_OutliningSetColor
                0x0000000002022ec8                NE_ShadingEnable
                0x0000000002022f0c                NE_ToonHighlightEnable
                0x0000000002022f28                NE_FogEnable
                0x0000000002022f8c                NE_FogEnableBackground
                0x0000000002022fb4                NE_FogDisable
                0x0000000002022fc8                NE_ClearColorSet
                0x0000000002023080                NE_ClearBMPEnable
                0x000000000202311c                NE_ClearBMPScroll
 .text          0x0000000002023130      0x684 C:/devkitPro/nitro-engine/lib\libNE.a(NEText.o)
                0x00000000020231ec                NE_TextPrioritySet
                0x00000000020231f8                NE_TextPriorityReset
                0x0000000002023204                NE_TextInit
                0x00000000020232ac                NE_TextEnd
                0x000000000202330c                NE_TextResetSystem
                0x0000000002023328                NE_TextPrint
                0x0000000002023428                NE_TextPrintBox
                0x0000000002023588                NE_TextPrintFree
                0x0000000002023674                NE_TextPrintBoxFree
 .text          0x00000000020237b4     0x19bc C:/devkitPro/nitro-engine/lib\libNE.a(NETexture.o)
                0x00000000020238e0                NE_MaterialCreate
                0x00000000020238fc                NE_MaterialColorSet
                0x0000000002023950                NE_MaterialColorDelete
                0x00000000020239a8                NE_MaterialTexClone
                0x0000000002023a98                NE_MaterialTexSetPal
                0x0000000002023b88                NE_MaterialUse
                0x0000000002023c8c                NE_TextureSystemReset
                0x0000000002023f48                NE_MaterialDelete
                0x0000000002024034                NE_MaterialTexLoad
                0x0000000002024730                NE_MaterialTexLoadFAT
                0x0000000002024884                NE_TextureFreeMem
                0x00000000020248a8                NE_TextureFreeMemPercent
                0x00000000020248cc                NE_TextureDefragMem
                0x000000000202491c                NE_TextureSystemEnd
                0x0000000002024934                __NE_TextureGetRawX
                0x00000000020249e4                __NE_TextureGetRawY
                0x0000000002024a94                NE_TextureGetRealSizeX
                0x0000000002024b3c                NE_TextureGetRealSizeY
                0x0000000002024be4                NE_TextureGetSizeX
                0x0000000002024c94                NE_TextureGetSizeY
                0x0000000002024d44                NE_MaterialSetPropierties
                0x0000000002024dd4                NE_MaterialSetDefaultPropierties
                0x0000000002024e14                NE_TextureDrawingStart
                0x0000000002024f48                NE_TexturePutPixelRGBA
                0x0000000002025018                NE_TexturePutPixelRGB256
                0x0000000002025108                NE_TextureDrawingEnd
 .text          0x0000000002025170      0x8bc C:/devkitPro/nitro-engine/lib\libNE.a(NEAlloc.o)
                0x0000000002025170                NE_AllocInit
                0x0000000002025254                NE_AllocEnd
                0x00000000020252b0                NE_Alloc
                0x0000000002025600                NE_Free
                0x00000000020257a8                NE_Lock
                0x000000000202580c                NE_Unlock
                0x0000000002025878                NE_MemGetInformation
 .text          0x0000000002025a2c      0x354 C:/devkitPro/nitro-engine/lib\libNE.a(NEFAT.o)
                0x0000000002025a2c                NE_FATLoadData
                0x0000000002025ae0                NE_FATFileSize
                0x0000000002025b50                NE_ScreenshotBMP
 .text          0x0000000002025d80     0x192c C:/devkitPro/nitro-engine/lib\libNE.a(NEGUI.o)
                0x0000000002025de8                NE_GUIUpdate
                0x0000000002026360                NE_GUIDraw
                0x00000000020267d0                NE_GUIButtonCreate
                0x0000000002026928                NE_GUICheckBoxCreate
                0x0000000002026a88                NE_GUIRadioButtonCreate
                0x0000000002026c04                NE_GUISlideBarCreate
                0x0000000002026e78                NE_GUIButtonConfig
                0x0000000002026f30                NE_GUICheckBoxConfig
                0x0000000002026fe4                NE_GUIRadioButtonConfig
                0x00000000020270a0                NE_GUISlideBarConfig
                0x0000000002027164                NE_GUISlideBarSetMinMax
                0x00000000020272b4                NE_GUIObjectGetEvent
                0x0000000002027370                NE_GUICheckBoxGetValue
                0x0000000002027404                NE_GUIRadioButtonGetValue
                0x000000000202749c                NE_GUISlideBarGetValue
                0x0000000002027530                NE_GUIDeleteObject
                0x00000000020275f0                NE_GUIDeleteAll
                0x0000000002027604                NE_GUISystemReset
                0x000000000202768c                NE_GUISystemEnd
 .text          0x00000000020276ac       0x5c C:/devkitPro/libnds/lib\libdswifi9.a(spinlock.o)
                0x00000000020276ac                SLasm_Acquire
                0x00000000020276e0                SLasm_Release
 .text          0x0000000002027708      0x100 C:/devkitPro/libnds/lib\libmm9.a(mm_soundbank.o)
                0x0000000002027708                mmSoundBankInMemory
                0x0000000002027710                mmSoundBankInFiles
                0x0000000002027722                mmSetCustomSoundBankHandler
                0x000000000202774e                mmsHandleFileOp
 .text          0x0000000002027808      0x24c C:/devkitPro/libnds/lib\libmm9.a(mm_comms.o)
                0x0000000002027808                mmSetupComms
                0x000000000202785a                mmSendBank
                0x0000000002027864                mmLockChannels
                0x000000000202786a                mmUnlockChannels
                0x0000000002027870                mmStart
                0x000000000202787a                mmPause
                0x000000000202787e                mmResume
                0x0000000002027882                mmStop
                0x0000000002027886                mmPosition
                0x000000000202788a                mmJingle
                0x000000000202788e                mmSetModuleVolume
                0x0000000002027892                mmSetJingleVolume
                0x0000000002027896                mmSetModuleTempo
                0x000000000202789a                mmSetModulePitch
                0x000000000202789e                mmSetEffectsVolume
                0x00000000020278a2                mmSelectMode
                0x00000000020278a6                mmStreamBegin
                0x00000000020278ba                mmStreamEnd
                0x0000000002027910                mmEffect
                0x0000000002027934                mmEffectVolume
                0x0000000002027938                mmEffectPanning
                0x000000000202793c                mmEffectRate
                0x0000000002027946                mmEffectScaleRate
                0x0000000002027950                mmEffectRelease
                0x0000000002027956                mmEffectCancel
                0x000000000202795c                mmEffectEx
                0x000000000202799a                mmEffectCancelAll
                0x000000000202799e                mmReverbEnable
                0x00000000020279a2                mmReverbDisable
                0x00000000020279a6                mmReverbConfigure
                0x0000000002027a02                mmReverbStart
                0x0000000002027a06                mmReverbStop
 .text          0x0000000002027a54      0x120 C:/devkitPro/libnds/lib\libmm9.a(mm_memory.o)
                0x0000000002027a54                mmLoad
                0x0000000002027aa4                mmUnload
                0x0000000002027afc                mmLoadEffect
                0x0000000002027b34                mmUnloadEffect
 .text          0x0000000002027b74      0x108 C:/devkitPro/libnds/lib\libmm9.a(mm_main9.o)
                0x0000000002027b74                mmActive
                0x0000000002027b7a                mmSetEventHandler
                0x0000000002027b80                mmInit
                0x0000000002027baa                mmInitDefault
                0x0000000002027bf4                mmInitDefaultMem
                0x0000000002027c16                mmSuspendIRQ_t
                0x0000000002027c34                mmRestoreIRQ_t
 .text          0x0000000002027c7c       0x3c C:/devkitPro/libnds/lib\libmm9.a(mm_flusher.o)
                0x0000000002027c7c                mmFlushBank
 *fill*         0x0000000002027cb8        0x8 ff
 .text          0x0000000002027cc0     0x4000 C:/devkitPro/libnds/lib\libnds9.a(dldi_stub.o)
                0x0000000002027cc0                _io_dldi_stub
 .text          0x000000000202bcc0       0x14 c:/devkitpro/devkitarm/bin/../lib/gcc/arm-none-eabi/11.1.0/thumb\libgcc.a(_thumb1_case_uqi.o)
                0x000000000202bcc0                __gnu_thumb1_case_uqi
 .text          0x000000000202bcd4       0x14 c:/devkitpro/devkitarm/bin/../lib/gcc/arm-none-eabi/11.1.0/thumb\libgcc.a(_thumb1_case_uhi.o)
                0x000000000202bcd4                __gnu_thumb1_case_uhi
 .text          0x000000000202bce8      0x11c c:/devkitpro/devkitarm/bin/../lib/gcc/arm-none-eabi/11.1.0/thumb\libgcc.a(_udivsi3.o)
                0x000000000202bce8                __aeabi_uidiv
                0x000000000202bce8                __udivsi3
                0x000000000202bde4                __aeabi_uidivmod
 .text          0x000000000202be04      0x150 c:/devkitpro/devkitarm/bin/../lib/gcc/arm-none-eabi/11.1.0/thumb\libgcc.a(_divsi3.o)
                0x000000000202be04                __divsi3
                0x000000000202be04                __aeabi_idiv
                0x000000000202bf34                __aeabi_idivmod
 .text          0x000000000202bf54        0x4 c:/devkitpro/devkitarm/bin/../lib/gcc/arm-none-eabi/11.1.0/thumb\libgcc.a(_dvmd_tls.o)
                0x000000000202bf54                __aeabi_idiv0
                0x000000000202bf54                __aeabi_ldiv0
 .text          0x000000000202bf58      0x424 c:/devkitpro/devkitarm/bin/../lib/gcc/arm-none-eabi/11.1.0/thumb\libgcc.a(_arm_addsubdf3.o)
                0x000000000202bf58                __aeabi_drsub
                0x000000000202bf60                __aeabi_dsub
                0x000000000202bf60                __subdf3
                0x000000000202bf64                __aeabi_dadd
                0x000000000202bf64                __adddf3
                0x000000000202c274                __floatunsidf
                0x000000000202c274                __aeabi_ui2d
                0x000000000202c298                __floatsidf
                0x000000000202c298                __aeabi_i2d
                0x000000000202c2c0                __aeabi_f2d
                0x000000000202c2c0                __extendsfdf2
                0x000000000202c308                __floatundidf
                0x000000000202c308                __aeabi_ul2d
                0x000000000202c31c                __floatdidf
                0x000000000202c31c                __aeabi_l2d
 .text          0x000000000202c37c      0x49c c:/devkitpro/devkitarm/bin/../lib/gcc/arm-none-eabi/11.1.0/thumb\libgcc.a(_arm_muldivdf3.o)
                0x000000000202c37c                __aeabi_dmul
                0x000000000202c37c                __muldf3
                0x000000000202c60c                __divdf3
                0x000000000202c60c                __aeabi_ddiv
 .text          0x000000000202c818      0x144 c:/devkitpro/devkitarm/bin/../lib/gcc/arm-none-eabi/11.1.0/thumb\libgcc.a(_arm_cmpdf2.o)
                0x000000000202c818                __gtdf2
                0x000000000202c818                __gedf2
                0x000000000202c820                __ltdf2
                0x000000000202c820                __ledf2
                0x000000000202c828                __nedf2
                0x000000000202c828                __eqdf2
                0x000000000202c828                __cmpdf2
                0x000000000202c8b0                __aeabi_cdrcmple
                0x000000000202c8cc                __aeabi_cdcmpeq
                0x000000000202c8cc                __aeabi_cdcmple
                0x000000000202c8e4                __aeabi_dcmpeq
                0x000000000202c8fc                __aeabi_dcmplt
                0x000000000202c914                __aeabi_dcmple
                0x000000000202c92c                __aeabi_dcmpge
                0x000000000202c944                __aeabi_dcmpgt
 .text          0x000000000202c95c       0x38 c:/devkitpro/devkitarm/bin/../lib/gcc/arm-none-eabi/11.1.0/thumb\libgcc.a(_arm_unorddf2.o)
                0x000000000202c95c                __unorddf2
                0x000000000202c95c                __aeabi_dcmpun
 .text          0x000000000202c994       0x5c c:/devkitpro/devkitarm/bin/../lib/gcc/arm-none-eabi/11.1.0/thumb\libgcc.a(_arm_fixdfsi.o)
                0x000000000202c994                __aeabi_d2iz
                0x000000000202c994                __fixdfsi
 .text          0x000000000202c9f0       0xa0 c:/devkitpro/devkitarm/bin/../lib/gcc/arm-none-eabi/11.1.0/thumb\libgcc.a(_arm_truncdfsf2.o)
                0x000000000202c9f0                __truncdfsf2
                0x000000000202c9f0                __aeabi_d2f
 .text          0x000000000202ca90      0x2ac c:/devkitpro/devkitarm/bin/../lib/gcc/arm-none-eabi/11.1.0/thumb\libgcc.a(_arm_addsubsf3.o)
                0x000000000202ca90                __aeabi_frsub
                0x000000000202ca98                __subsf3
                0x000000000202ca98                __aeabi_fsub
                0x000000000202ca9c                __aeabi_fadd
                0x000000000202ca9c                __addsf3
                0x000000000202cc58                __aeabi_ui2f
                0x000000000202cc58                __floatunsisf
                0x000000000202cc60                __aeabi_i2f
                0x000000000202cc60                __floatsisf
                0x000000000202cc80                __aeabi_ul2f
                0x000000000202cc80                __floatundisf
                0x000000000202cc90                __aeabi_l2f
                0x000000000202cc90                __floatdisf
 .text          0x000000000202cd3c      0x2f8 c:/devkitpro/devkitarm/bin/../lib/gcc/arm-none-eabi/11.1.0/thumb\libgcc.a(_arm_muldivsf3.o)
                0x000000000202cd3c                __mulsf3
                0x000000000202cd3c                __aeabi_fmul
                0x000000000202ced4                __aeabi_fdiv
                0x000000000202ced4                __divsf3
 .text          0x000000000202d034      0x114 c:/devkitpro/devkitarm/bin/../lib/gcc/arm-none-eabi/11.1.0/thumb\libgcc.a(_arm_cmpsf2.o)
                0x000000000202d034                __gesf2
                0x000000000202d034                __gtsf2
                0x000000000202d03c                __lesf2
                0x000000000202d03c                __ltsf2
                0x000000000202d044                __nesf2
                0x000000000202d044                __eqsf2
                0x000000000202d044                __cmpsf2
                0x000000000202d0a8                __aeabi_cfrcmple
                0x000000000202d0b8                __aeabi_cfcmpeq
                0x000000000202d0b8                __aeabi_cfcmple
                0x000000000202d0d0                __aeabi_fcmpeq
                0x000000000202d0e8                __aeabi_fcmplt
                0x000000000202d100                __aeabi_fcmple
                0x000000000202d118                __aeabi_fcmpge
                0x000000000202d130                __aeabi_fcmpgt
 .text          0x000000000202d148       0x38 c:/devkitpro/devkitarm/bin/../lib/gcc/arm-none-eabi/11.1.0/thumb\libgcc.a(_arm_unordsf2.o)
                0x000000000202d148                __unordsf2
                0x000000000202d148                __aeabi_fcmpun
 .text          0x000000000202d180       0x5c c:/devkitpro/devkitarm/bin/../lib/gcc/arm-none-eabi/11.1.0/thumb\libgcc.a(_arm_fixsfsi.o)
                0x000000000202d180                __aeabi_f2iz
                0x000000000202d180                __fixsfsi
 .text          0x000000000202d1dc       0xd4 c:/devkitpro/devkitarm/bin/../lib/gcc/arm-none-eabi/11.1.0/thumb\libgcc.a(_aeabi_ldivmod.o)
                0x000000000202d1dc                __aeabi_ldivmod
 .text          0x000000000202d2b0       0x28 c:/devkitpro/devkitarm/bin/../lib/gcc/arm-none-eabi/11.1.0/thumb\libgcc.a(_clzdi2.o)
                0x000000000202d2b0                __clzdi2
 .text          0x000000000202d2d8       0x48 c:/devkitpro/devkitarm/bin/../lib/gcc/arm-none-eabi/11.1.0/thumb\libgcc.a(_clzsi2.o)
                0x000000000202d2d8                __clzsi2
 .text          0x000000000202d320      0x224 c:/devkitpro/devkitarm/bin/../lib/gcc/arm-none-eabi/11.1.0/../../../../arm-none-eabi/lib/thumb\libg.a(lib_a-strcmp.o)
                0x000000000202d320                strcmp
 .text          0x000000000202d544       0x54 c:/devkitpro/devkitarm/bin/../lib/gcc/arm-none-eabi/11.1.0/thumb\libgcc.a(_arm_fixunsdfsi.o)
                0x000000000202d544                __aeabi_d2uiz
                0x000000000202d544                __fixunsdfsi
 .text          0x000000000202d598       0x3c c:/devkitpro/devkitarm/bin/../lib/gcc/arm-none-eabi/11.1.0/thumb\libgcc.a(_aeabi_uldivmod.o)
                0x000000000202d598                __aeabi_uldivmod
 *(EXCLUDE_FILE(*.twl* *.vectors* *.itcm*) .stub)
 *(EXCLUDE_FILE(*.twl* *.vectors* *.itcm*) .text.*)
 .text.__do_global_dtors_aux
                0x000000000202d5d4       0x2c c:/devkitpro/devkitarm/bin/../lib/gcc/arm-none-eabi/11.1.0/thumb/crtbegin.o
 .text.frame_dummy
                0x000000000202d600       0x24 c:/devkitpro/devkitarm/bin/../lib/gcc/arm-none-eabi/11.1.0/thumb/crtbegin.o
 .text.startup  0x000000000202d624      0x5cc main.o
                0x000000000202d624                main
 .text.fatMount.part.0
                0x000000000202dbf0       0xa0 C:/devkitPro/libnds/lib\libfat.a(libfat.o)
 .text.fatMount
                0x000000000202dc90       0x3c C:/devkitPro/libnds/lib\libfat.a(libfat.o)
                0x000000000202dc90                fatMount
 .text.fatInit  0x000000000202dccc      0x130 C:/devkitPro/libnds/lib\libfat.a(libfat.o)
                0x000000000202dccc                fatInit
 .text.fatInitDefault
                0x000000000202ddfc        0xc C:/devkitPro/libnds/lib\libfat.a(libfat.o)
                0x000000000202ddfc                fatInitDefault
 .text._FAT_check_position_for_next_cluster.part.0
                0x000000000202de08       0x68 C:/devkitPro/libnds/lib\libfat.a(fatfile.o)
 .text._FAT_syncToDisc.part.0
                0x000000000202de70       0xd4 C:/devkitPro/libnds/lib\libfat.a(fatfile.o)
 .text._FAT_file_extend_r
                0x000000000202df44      0x208 C:/devkitPro/libnds/lib\libfat.a(fatfile.o)
 .text._FAT_open_r
                0x000000000202e14c      0x2d4 C:/devkitPro/libnds/lib\libfat.a(fatfile.o)
                0x000000000202e14c                _FAT_open_r
 .text._FAT_close_r
                0x000000000202e420       0x74 C:/devkitPro/libnds/lib\libfat.a(fatfile.o)
                0x000000000202e420                _FAT_close_r
 .text._FAT_read_r
                0x000000000202e494      0x398 C:/devkitPro/libnds/lib\libfat.a(fatfile.o)
                0x000000000202e494                _FAT_read_r
 .text._FAT_write_r
                0x000000000202e82c      0x53c C:/devkitPro/libnds/lib\libfat.a(fatfile.o)
                0x000000000202e82c                _FAT_write_r
 .text._FAT_seek_r
                0x000000000202ed68      0x194 C:/devkitPro/libnds/lib\libfat.a(fatfile.o)
                0x000000000202ed68                _FAT_seek_r
 .text._FAT_fstat_r
                0x000000000202eefc       0x8c C:/devkitPro/libnds/lib\libfat.a(fatfile.o)
                0x000000000202eefc                _FAT_fstat_r
 .text._FAT_ftruncate_r
                0x000000000202ef88      0x16c C:/devkitPro/libnds/lib\libfat.a(fatfile.o)
                0x000000000202ef88                _FAT_ftruncate_r
 .text._FAT_fsync_r
                0x000000000202f0f4       0x44 C:/devkitPro/libnds/lib\libfat.a(fatfile.o)
                0x000000000202f0f4                _FAT_fsync_r
 .text._FAT_cache_getPage
                0x000000000202f138       0xf0 C:/devkitPro/libnds/lib\libfat.a(cache.o)
 .text._FAT_cache_constructor
                0x000000000202f228       0x90 C:/devkitPro/libnds/lib\libfat.a(cache.o)
                0x000000000202f228                _FAT_cache_constructor
 .text._FAT_cache_readSectors
                0x000000000202f2b8       0x60 C:/devkitPro/libnds/lib\libfat.a(cache.o)
                0x000000000202f2b8                _FAT_cache_readSectors
 .text._FAT_cache_readPartialSector
                0x000000000202f318       0x3c C:/devkitPro/libnds/lib\libfat.a(cache.o)
                0x000000000202f318                _FAT_cache_readPartialSector
 .text._FAT_cache_readLittleEndianValue
                0x000000000202f354       0x70 C:/devkitPro/libnds/lib\libfat.a(cache.o)
                0x000000000202f354                _FAT_cache_readLittleEndianValue
 .text._FAT_cache_writePartialSector
                0x000000000202f3c4       0x4c C:/devkitPro/libnds/lib\libfat.a(cache.o)
                0x000000000202f3c4                _FAT_cache_writePartialSector
 .text._FAT_cache_writeLittleEndianValue
                0x000000000202f410       0x8c C:/devkitPro/libnds/lib\libfat.a(cache.o)
                0x000000000202f410                _FAT_cache_writeLittleEndianValue
 .text._FAT_cache_eraseWritePartialSector
                0x000000000202f49c       0x60 C:/devkitPro/libnds/lib\libfat.a(cache.o)
                0x000000000202f49c                _FAT_cache_eraseWritePartialSector
 .text._FAT_cache_writeSectors
                0x000000000202f4fc       0x80 C:/devkitPro/libnds/lib\libfat.a(cache.o)
                0x000000000202f4fc                _FAT_cache_writeSectors
 .text._FAT_cache_flush
                0x000000000202f57c       0x40 C:/devkitPro/libnds/lib\libfat.a(cache.o)
                0x000000000202f57c                _FAT_cache_flush
 .text._FAT_stat_r
                0x000000000202f5bc       0x90 C:/devkitPro/libnds/lib\libfat.a(fatdir.o)
                0x000000000202f5bc                _FAT_stat_r
 .text._FAT_link_r
                0x000000000202f64c        0xc C:/devkitPro/libnds/lib\libfat.a(fatdir.o)
                0x000000000202f64c                _FAT_link_r
 .text._FAT_unlink_r
                0x000000000202f658      0x184 C:/devkitPro/libnds/lib\libfat.a(fatdir.o)
                0x000000000202f658                _FAT_unlink_r
 .text._FAT_chdir_r
                0x000000000202f7dc       0x70 C:/devkitPro/libnds/lib\libfat.a(fatdir.o)
                0x000000000202f7dc                _FAT_chdir_r
 .text._FAT_rename_r
                0x000000000202f84c      0x1c4 C:/devkitPro/libnds/lib\libfat.a(fatdir.o)
                0x000000000202f84c                _FAT_rename_r
 .text._FAT_mkdir_r
                0x000000000202fa10      0x244 C:/devkitPro/libnds/lib\libfat.a(fatdir.o)
                0x000000000202fa10                _FAT_mkdir_r
 .text._FAT_statvfs_r
                0x000000000202fc54       0x78 C:/devkitPro/libnds/lib\libfat.a(fatdir.o)
                0x000000000202fc54                _FAT_statvfs_r
 .text._FAT_diropen_r
                0x000000000202fccc       0xb0 C:/devkitPro/libnds/lib\libfat.a(fatdir.o)
                0x000000000202fccc                _FAT_diropen_r
 .text._FAT_dirreset_r
                0x000000000202fd7c       0x4c C:/devkitPro/libnds/lib\libfat.a(fatdir.o)
                0x000000000202fd7c                _FAT_dirreset_r
 .text._FAT_dirnext_r
                0x000000000202fdc8       0x7c C:/devkitPro/libnds/lib\libfat.a(fatdir.o)
                0x000000000202fdc8                _FAT_dirnext_r
 .text._FAT_dirclose_r
                0x000000000202fe44       0x20 C:/devkitPro/libnds/lib\libfat.a(fatdir.o)
                0x000000000202fe44                _FAT_dirclose_r
 .text._FAT_directory_entryGetAlias
                0x000000000202fe64       0xc8 C:/devkitPro/libnds/lib\libfat.a(directory.o)
 .text._FAT_directory_incrementDirEntryPosition
                0x000000000202ff2c       0x80 C:/devkitPro/libnds/lib\libfat.a(directory.o)
 .text._FAT_directory_mbsncasecmp
                0x000000000202ffac       0xa8 C:/devkitPro/libnds/lib\libfat.a(directory.o)
 .text._FAT_directory_ucs2tombs.constprop.0
                0x0000000002030054       0x90 C:/devkitPro/libnds/lib\libfat.a(directory.o)
 .text._FAT_directory_entryGetCluster
                0x00000000020300e4       0x20 C:/devkitPro/libnds/lib\libfat.a(directory.o)
                0x00000000020300e4                _FAT_directory_entryGetCluster
 .text._FAT_directory_getNextEntry
                0x0000000002030104      0x23c C:/devkitPro/libnds/lib\libfat.a(directory.o)
                0x0000000002030104                _FAT_directory_getNextEntry
 .text._FAT_directory_entryExists
                0x0000000002030340       0x80 C:/devkitPro/libnds/lib\libfat.a(directory.o)
 .text._FAT_directory_getFirstEntry
                0x00000000020303c0       0x20 C:/devkitPro/libnds/lib\libfat.a(directory.o)
                0x00000000020303c0                _FAT_directory_getFirstEntry
 .text._FAT_directory_getRootEntry
                0x00000000020303e0       0x60 C:/devkitPro/libnds/lib\libfat.a(directory.o)
                0x00000000020303e0                _FAT_directory_getRootEntry
 .text._FAT_directory_entryFromPosition
                0x0000000002030440      0x150 C:/devkitPro/libnds/lib\libfat.a(directory.o)
                0x0000000002030440                _FAT_directory_entryFromPosition
 .text._FAT_directory_entryFromPath
                0x0000000002030590      0x248 C:/devkitPro/libnds/lib\libfat.a(directory.o)
                0x0000000002030590                _FAT_directory_entryFromPath
 .text._FAT_directory_removeEntry
                0x00000000020307d8       0xd8 C:/devkitPro/libnds/lib\libfat.a(directory.o)
                0x00000000020307d8                _FAT_directory_removeEntry
 .text._FAT_directory_addEntry
                0x00000000020308b0      0x808 C:/devkitPro/libnds/lib\libfat.a(directory.o)
                0x00000000020308b0                _FAT_directory_addEntry
 .text._FAT_directory_chdir
                0x00000000020310b8       0x3c C:/devkitPro/libnds/lib\libfat.a(directory.o)
                0x00000000020310b8                _FAT_directory_chdir
 .text._FAT_directory_entryStat
                0x00000000020310f4       0xe4 C:/devkitPro/libnds/lib\libfat.a(directory.o)
                0x00000000020310f4                _FAT_directory_entryStat
 .text.isValidMBR
                0x00000000020311d8       0x5c C:/devkitPro/libnds/lib\libfat.a(partition.o)
 .text._FAT_updateFS_INFO
                0x0000000002031234       0x54 C:/devkitPro/libnds/lib\libfat.a(partition.o)
 .text.FindFirstValidPartition_buf.part.0
                0x0000000002031288      0x11c C:/devkitPro/libnds/lib\libfat.a(partition.o)
 .text._FAT_partition_getPartitionFromPath
                0x00000000020313a4       0x10 C:/devkitPro/libnds/lib\libfat.a(partition.o)
                0x00000000020313a4                _FAT_partition_getPartitionFromPath
 .text._FAT_partition_createFSinfo
                0x00000000020313b4       0x50 C:/devkitPro/libnds/lib\libfat.a(partition.o)
                0x00000000020313b4                _FAT_partition_createFSinfo
 .text._FAT_partition_readFSinfo.part.0
                0x0000000002031404       0x74 C:/devkitPro/libnds/lib\libfat.a(partition.o)
 .text._FAT_partition_constructor_buf
                0x0000000002031478      0x2e8 C:/devkitPro/libnds/lib\libfat.a(partition.o)
                0x0000000002031478                _FAT_partition_constructor_buf
 .text._FAT_partition_constructor
                0x0000000002031760       0x40 C:/devkitPro/libnds/lib\libfat.a(partition.o)
                0x0000000002031760                _FAT_partition_constructor
 .text._FAT_partition_readFSinfo
                0x00000000020317a0       0x10 C:/devkitPro/libnds/lib\libfat.a(partition.o)
                0x00000000020317a0                _FAT_partition_readFSinfo
 .text._FAT_lock_init
                0x00000000020317b0        0x4 C:/devkitPro/libnds/lib\libfat.a(lock.o)
                0x00000000020317b0                _FAT_lock_init
 .text._FAT_lock
                0x00000000020317b4        0x4 C:/devkitPro/libnds/lib\libfat.a(lock.o)
                0x00000000020317b4                _FAT_lock
 .text._FAT_unlock
                0x00000000020317b8        0x4 C:/devkitPro/libnds/lib\libfat.a(lock.o)
                0x00000000020317b8                _FAT_unlock
 .text._FAT_filetime_getTimeFromRTC
                0x00000000020317bc       0x44 C:/devkitPro/libnds/lib\libfat.a(filetime.o)
                0x00000000020317bc                _FAT_filetime_getTimeFromRTC
 .text._FAT_filetime_getDateFromRTC
                0x0000000002031800       0x44 C:/devkitPro/libnds/lib\libfat.a(filetime.o)
                0x0000000002031800                _FAT_filetime_getDateFromRTC
 .text._FAT_filetime_to_time_t
                0x0000000002031844       0x38 C:/devkitPro/libnds/lib\libfat.a(filetime.o)
                0x0000000002031844                _FAT_filetime_to_time_t
 .text._FAT_fat_writeFatEntry.part.0.isra.0
                0x000000000203187c      0x12c C:/devkitPro/libnds/lib\libfat.a(file_allocation_table.o)
 .text._FAT_fat_nextCluster
                0x00000000020319a8      0x108 C:/devkitPro/libnds/lib\libfat.a(file_allocation_table.o)
                0x00000000020319a8                _FAT_fat_nextCluster
 .text._FAT_fat_linkFreeCluster
                0x0000000002031ab0       0xac C:/devkitPro/libnds/lib\libfat.a(file_allocation_table.o)
                0x0000000002031ab0                _FAT_fat_linkFreeCluster
 .text._FAT_fat_linkFreeClusterCleared
                0x0000000002031b5c       0x68 C:/devkitPro/libnds/lib\libfat.a(file_allocation_table.o)
                0x0000000002031b5c                _FAT_fat_linkFreeClusterCleared
 .text._FAT_fat_clearLinks
                0x0000000002031bc4       0x7c C:/devkitPro/libnds/lib\libfat.a(file_allocation_table.o)
                0x0000000002031bc4                _FAT_fat_clearLinks
 .text._FAT_fat_trimChain
                0x0000000002031c40       0x80 C:/devkitPro/libnds/lib\libfat.a(file_allocation_table.o)
                0x0000000002031c40                _FAT_fat_trimChain
 .text._FAT_fat_lastCluster
                0x0000000002031cc0       0x34 C:/devkitPro/libnds/lib\libfat.a(file_allocation_table.o)
                0x0000000002031cc0                _FAT_fat_lastCluster
 .text._FAT_fat_freeClusterCount
                0x0000000002031cf4       0x2c C:/devkitPro/libnds/lib\libfat.a(file_allocation_table.o)
                0x0000000002031cf4                _FAT_fat_freeClusterCount
 .text.sgIP_ntoa
                0x0000000002031d20       0x70 C:/devkitPro/libnds/lib\libdswifi9.a(sgIP_DNS.o)
 .text.sgIP_DNS_Init
                0x0000000002031d90       0x38 C:/devkitPro/libnds/lib\libdswifi9.a(sgIP_DNS.o)
                0x0000000002031d90                sgIP_DNS_Init
 .text.sgIP_DNS_Timer1000ms
                0x0000000002031dc8       0x3c C:/devkitPro/libnds/lib\libdswifi9.a(sgIP_DNS.o)
                0x0000000002031dc8                sgIP_DNS_Timer1000ms
 .text.sgIP_DNS_isipaddress
                0x0000000002031e04      0x180 C:/devkitPro/libnds/lib\libdswifi9.a(sgIP_DNS.o)
                0x0000000002031e04                sgIP_DNS_isipaddress
 .text.sgIP_DNS_FindDNSRecord
                0x0000000002031f84       0xbc C:/devkitPro/libnds/lib\libdswifi9.a(sgIP_DNS.o)
                0x0000000002031f84                sgIP_DNS_FindDNSRecord
 .text.sgIP_DNS_GetUnusedRecord
                0x0000000002032040       0x88 C:/devkitPro/libnds/lib\libdswifi9.a(sgIP_DNS.o)
                0x0000000002032040                sgIP_DNS_GetUnusedRecord
 .text.sgIP_DNS_GenerateHostent
                0x00000000020320c8       0xb0 C:/devkitPro/libnds/lib\libdswifi9.a(sgIP_DNS.o)
                0x00000000020320c8                sgIP_DNS_GenerateHostent
 .text.sgIP_DNS_CopyAliasAt
                0x0000000002032178       0x5c C:/devkitPro/libnds/lib\libdswifi9.a(sgIP_DNS.o)
                0x0000000002032178                sgIP_DNS_CopyAliasAt
 .text.sgIP_DNS_gethostbyname
                0x00000000020321d4      0x3b0 C:/devkitPro/libnds/lib\libdswifi9.a(sgIP_DNS.o)
                0x00000000020321d4                sgIP_DNS_gethostbyname
 .text.inet_ntoa
                0x0000000002032584       0x10 C:/devkitPro/libnds/lib\libdswifi9.a(sgIP_DNS.o)
                0x0000000002032584                inet_ntoa
 .text.sgIP_Hub_Init
                0x0000000002032594       0x14 C:/devkitPro/libnds/lib\libdswifi9.a(sgIP_Hub.o)
                0x0000000002032594                sgIP_Hub_Init
 .text.sgIP_Hub_AddProtocolInterface
                0x00000000020325a8       0x3c C:/devkitPro/libnds/lib\libdswifi9.a(sgIP_Hub.o)
                0x00000000020325a8                sgIP_Hub_AddProtocolInterface
 .text.sgIP_Hub_AddHardwareInterface
                0x00000000020325e4       0x3c C:/devkitPro/libnds/lib\libdswifi9.a(sgIP_Hub.o)
                0x00000000020325e4                sgIP_Hub_AddHardwareInterface
 .text.sgIP_Hub_ReceiveHardwarePacket
                0x0000000002032620       0x5c C:/devkitPro/libnds/lib\libdswifi9.a(sgIP_Hub.o)
                0x0000000002032620                sgIP_Hub_ReceiveHardwarePacket
 .text.sgIP_Hub_SendProtocolPacket
                0x000000000203267c       0x40 C:/devkitPro/libnds/lib\libdswifi9.a(sgIP_Hub.o)
                0x000000000203267c                sgIP_Hub_SendProtocolPacket
 .text.sgIP_Hub_SendRawPacket
                0x00000000020326bc       0x24 C:/devkitPro/libnds/lib\libdswifi9.a(sgIP_Hub.o)
                0x00000000020326bc                sgIP_Hub_SendRawPacket
 .text.sgIP_Hub_IPMaxMessageSize
                0x00000000020326e0        0x8 C:/devkitPro/libnds/lib\libdswifi9.a(sgIP_Hub.o)
                0x00000000020326e0                sgIP_Hub_IPMaxMessageSize
 .text.sgIP_Hub_GetCompatibleIP
                0x00000000020326e8       0x14 C:/devkitPro/libnds/lib\libdswifi9.a(sgIP_Hub.o)
                0x00000000020326e8                sgIP_Hub_GetCompatibleIP
 .text.sgIP_Hub_GetDefaultInterface
                0x00000000020326fc       0x14 C:/devkitPro/libnds/lib\libdswifi9.a(sgIP_Hub.o)
                0x00000000020326fc                sgIP_Hub_GetDefaultInterface
 .text.htons    0x0000000002032710        0xc C:/devkitPro/libnds/lib\libdswifi9.a(sgIP_Hub.o)
                0x0000000002032710                htons
 .text.htonl    0x000000000203271c       0x1c C:/devkitPro/libnds/lib\libdswifi9.a(sgIP_Hub.o)
                0x000000000203271c                htonl
 .text.sgIP_memblock_Init
                0x0000000002032738        0x2 C:/devkitPro/libnds/lib\libdswifi9.a(sgIP_memblock.o)
                0x0000000002032738                sgIP_memblock_Init
 .text.sgIP_memblock_allocHW
                0x000000000203273a       0x24 C:/devkitPro/libnds/lib\libdswifi9.a(sgIP_memblock.o)
                0x000000000203273a                sgIP_memblock_allocHW
 .text.sgIP_memblock_alloc
                0x000000000203275e        0xc C:/devkitPro/libnds/lib\libdswifi9.a(sgIP_memblock.o)
                0x000000000203275e                sgIP_memblock_alloc
 *fill*         0x000000000203276a        0x2 ff
 .text.sgIP_memblock_free
                0x000000000203276c       0x28 C:/devkitPro/libnds/lib\libdswifi9.a(sgIP_memblock.o)
                0x000000000203276c                sgIP_memblock_free
 .text.sgIP_memblock_exposeheader
                0x0000000002032794       0x26 C:/devkitPro/libnds/lib\libdswifi9.a(sgIP_memblock.o)
                0x0000000002032794                sgIP_memblock_exposeheader
 .text.sgIP_memblock_trimsize
                0x00000000020327ba       0x2e C:/devkitPro/libnds/lib\libdswifi9.a(sgIP_memblock.o)
                0x00000000020327ba                sgIP_memblock_trimsize
 .text.sgIP_memblock_IPChecksum
                0x00000000020327e8       0x92 C:/devkitPro/libnds/lib\libdswifi9.a(sgIP_memblock.o)
                0x00000000020327e8                sgIP_memblock_IPChecksum
 .text.sgIP_memblock_CopyToLinear
                0x000000000203287a       0x5c C:/devkitPro/libnds/lib\libdswifi9.a(sgIP_memblock.o)
                0x000000000203287a                sgIP_memblock_CopyToLinear
 .text.sgIP_memblock_CopyFromLinear
                0x00000000020328d6       0x5c C:/devkitPro/libnds/lib\libdswifi9.a(sgIP_memblock.o)
                0x00000000020328d6                sgIP_memblock_CopyFromLinear
 *fill*         0x0000000002032932        0x2 ff
 .text.sgIP_sockets_Init
                0x0000000002032934       0x18 C:/devkitPro/libnds/lib\libdswifi9.a(sgIP_sockets.o)
                0x0000000002032934                sgIP_sockets_Init
 .text.socket   0x000000000203294c       0x90 C:/devkitPro/libnds/lib\libdswifi9.a(sgIP_sockets.o)
                0x000000000203294c                socket
 .text.forceclosesocket
                0x00000000020329dc       0x5c C:/devkitPro/libnds/lib\libdswifi9.a(sgIP_sockets.o)
                0x00000000020329dc                forceclosesocket
 .text.sgIP_sockets_Timer1000ms
                0x0000000002032a38       0x50 C:/devkitPro/libnds/lib\libdswifi9.a(sgIP_sockets.o)
                0x0000000002032a38                sgIP_sockets_Timer1000ms
 .text.bind     0x0000000002032a88       0x68 C:/devkitPro/libnds/lib\libdswifi9.a(sgIP_sockets.o)
                0x0000000002032a88                bind
 .text.connect  0x0000000002032af0       0xb4 C:/devkitPro/libnds/lib\libdswifi9.a(sgIP_sockets.o)
                0x0000000002032af0                connect
 .text.send     0x0000000002032ba4       0x94 C:/devkitPro/libnds/lib\libdswifi9.a(sgIP_sockets.o)
                0x0000000002032ba4                send
 .text.recv     0x0000000002032c38       0x94 C:/devkitPro/libnds/lib\libdswifi9.a(sgIP_sockets.o)
                0x0000000002032c38                recv
 .text.sendto   0x0000000002032ccc       0x74 C:/devkitPro/libnds/lib\libdswifi9.a(sgIP_sockets.o)
                0x0000000002032ccc                sendto
 .text.recvfrom
                0x0000000002032d40       0xac C:/devkitPro/libnds/lib\libdswifi9.a(sgIP_sockets.o)
                0x0000000002032d40                recvfrom
 .text.shutdown
                0x0000000002032dec       0x5c C:/devkitPro/libnds/lib\libdswifi9.a(sgIP_sockets.o)
                0x0000000002032dec                shutdown
 .text.closesocket
                0x0000000002032e48       0x94 C:/devkitPro/libnds/lib\libdswifi9.a(sgIP_sockets.o)
                0x0000000002032e48                closesocket
 .text.ioctl    0x0000000002032edc       0xac C:/devkitPro/libnds/lib\libdswifi9.a(sgIP_sockets.o)
                0x0000000002032edc                ioctl
 .text.gethostbyname
                0x0000000002032f88        0x8 C:/devkitPro/libnds/lib\libdswifi9.a(sgIP_sockets.o)
                0x0000000002032f88                gethostbyname
 .text.Wifi_Interface_Init
                0x0000000002032f90       0x4c C:/devkitPro/libnds/lib\libdswifi9.a(wifi_arm9.o)
                0x0000000002032f90                Wifi_Interface_Init
 .text.arm9_synctoarm7
                0x0000000002032fdc        0xc C:/devkitPro/libnds/lib\libdswifi9.a(wifi_arm9.o)
                0x0000000002032fdc                arm9_synctoarm7
 .text.sgIP_IntrWaitEvent
                0x0000000002032fe8        0x2 C:/devkitPro/libnds/lib\libdswifi9.a(wifi_arm9.o)
                0x0000000002032fe8                sgIP_IntrWaitEvent
 *fill*         0x0000000002032fea        0x2 ff
 .text.wHeapAllocInit
                0x0000000002032fec       0x2c C:/devkitPro/libnds/lib\libdswifi9.a(wifi_arm9.o)
                0x0000000002032fec                wHeapAllocInit
 .text.wHeapAlloc
                0x0000000002033018       0xac C:/devkitPro/libnds/lib\libdswifi9.a(wifi_arm9.o)
                0x0000000002033018                wHeapAlloc
 .text.wHeapFree
                0x00000000020330c4       0x1c C:/devkitPro/libnds/lib\libdswifi9.a(wifi_arm9.o)
                0x00000000020330c4                wHeapFree
 .text.sgIP_malloc
                0x00000000020330e0        0x8 C:/devkitPro/libnds/lib\libdswifi9.a(wifi_arm9.o)
                0x00000000020330e0                sgIP_malloc
 .text.sgIP_free
                0x00000000020330e8        0x8 C:/devkitPro/libnds/lib\libdswifi9.a(wifi_arm9.o)
                0x00000000020330e8                sgIP_free
 .text.erasemem
                0x00000000020330f0       0x10 C:/devkitPro/libnds/lib\libdswifi9.a(wifi_arm9.o)
                0x00000000020330f0                erasemem
 .text.Wifi_CmpMacAddr
                0x0000000002033100       0x22 C:/devkitPro/libnds/lib\libdswifi9.a(wifi_arm9.o)
                0x0000000002033100                Wifi_CmpMacAddr
 *fill*         0x0000000002033122        0x2 ff
 .text.Wifi_TxBufferWordsAvailable
                0x0000000002033124       0x28 C:/devkitPro/libnds/lib\libdswifi9.a(wifi_arm9.o)
                0x0000000002033124                Wifi_TxBufferWordsAvailable
 .text.Wifi_TxBufferWrite
                0x000000000203314c       0x4c C:/devkitPro/libnds/lib\libdswifi9.a(wifi_arm9.o)
                0x000000000203314c                Wifi_TxBufferWrite
 .text.Wifi_TransmitFunction
                0x0000000002033198      0x200 C:/devkitPro/libnds/lib\libdswifi9.a(wifi_arm9.o)
                0x0000000002033198                Wifi_TransmitFunction
 .text.Wifi_RxRawReadPacket
                0x0000000002033398       0x68 C:/devkitPro/libnds/lib\libdswifi9.a(wifi_arm9.o)
                0x0000000002033398                Wifi_RxRawReadPacket
 .text.Wifi_RxReadOffset
                0x0000000002033400       0x2c C:/devkitPro/libnds/lib\libdswifi9.a(wifi_arm9.o)
                0x0000000002033400                Wifi_RxReadOffset
 .text.Wifi_GetNumAP
                0x000000000203342c       0x28 C:/devkitPro/libnds/lib\libdswifi9.a(wifi_arm9.o)
                0x000000000203342c                Wifi_GetNumAP
 .text.Wifi_GetAPData
                0x0000000002033454       0x88 C:/devkitPro/libnds/lib\libdswifi9.a(wifi_arm9.o)
                0x0000000002033454                Wifi_GetAPData
 .text.Wifi_FindMatchingAP
                0x00000000020334dc       0xc6 C:/devkitPro/libnds/lib\libdswifi9.a(wifi_arm9.o)
                0x00000000020334dc                Wifi_FindMatchingAP
 *fill*         0x00000000020335a2        0x2 ff
 .text.Wifi_AutoConnect
                0x00000000020335a4       0x2c C:/devkitPro/libnds/lib\libdswifi9.a(wifi_arm9.o)
                0x00000000020335a4                Wifi_AutoConnect
 .text.Wifi_DisconnectAP
                0x00000000020335d0       0x2c C:/devkitPro/libnds/lib\libdswifi9.a(wifi_arm9.o)
                0x00000000020335d0                Wifi_DisconnectAP
 .text.Wifi_Init
                0x00000000020335fc       0x7c C:/devkitPro/libnds/lib\libdswifi9.a(wifi_arm9.o)
                0x00000000020335fc                Wifi_Init
 .text.Wifi_CheckInit
                0x0000000002033678       0x20 C:/devkitPro/libnds/lib\libdswifi9.a(wifi_arm9.o)
                0x0000000002033678                Wifi_CheckInit
 .text.Wifi_Update
                0x0000000002033698      0x238 C:/devkitPro/libnds/lib\libdswifi9.a(wifi_arm9.o)
                0x0000000002033698                Wifi_Update
 .text.Wifi_Timer
                0x00000000020338d0       0x10 C:/devkitPro/libnds/lib\libdswifi9.a(wifi_arm9.o)
                0x00000000020338d0                Wifi_Timer
 .text.Timer_50ms
                0x00000000020338e0        0xa C:/devkitPro/libnds/lib\libdswifi9.a(wifi_arm9.o)
                0x00000000020338e0                Timer_50ms
 *fill*         0x00000000020338ea        0x2 ff
 .text.Wifi_GetIPInfo
                0x00000000020338ec       0x38 C:/devkitPro/libnds/lib\libdswifi9.a(wifi_arm9.o)
                0x00000000020338ec                Wifi_GetIPInfo
 .text.Wifi_SetIP
                0x0000000002033924       0x24 C:/devkitPro/libnds/lib\libdswifi9.a(wifi_arm9.o)
                0x0000000002033924                Wifi_SetIP
 .text.Wifi_AssocStatus
                0x0000000002033948      0x30c C:/devkitPro/libnds/lib\libdswifi9.a(wifi_arm9.o)
                0x0000000002033948                Wifi_AssocStatus
 .text.Wifi_GetData
                0x0000000002033c54       0x60 C:/devkitPro/libnds/lib\libdswifi9.a(wifi_arm9.o)
                0x0000000002033c54                Wifi_GetData
 .text.Wifi_Sync
                0x0000000002033cb4       0x1c C:/devkitPro/libnds/lib\libdswifi9.a(wifi_arm9.o)
                0x0000000002033cb4                Wifi_Sync
 .text.wifiValue32Handler
                0x0000000002033cd0        0xc C:/devkitPro/libnds/lib\libdswifi9.a(wifi_arm9.o)
                0x0000000002033cd0                wifiValue32Handler
 .text.Wifi_InitDefault
                0x0000000002033cdc       0x8c C:/devkitPro/libnds/lib\libdswifi9.a(wifi_arm9.o)
                0x0000000002033cdc                Wifi_InitDefault
 .text.sgIP_FindArpSlot
                0x0000000002033d68       0x2c C:/devkitPro/libnds/lib\libdswifi9.a(sgIP_ARP.o)
                0x0000000002033d68                sgIP_FindArpSlot
 .text.sgIP_GetArpSlot
                0x0000000002033d94       0x48 C:/devkitPro/libnds/lib\libdswifi9.a(sgIP_ARP.o)
                0x0000000002033d94                sgIP_GetArpSlot
 .text.sgIP_ARP_Init
                0x0000000002033ddc       0x1c C:/devkitPro/libnds/lib\libdswifi9.a(sgIP_ARP.o)
                0x0000000002033ddc                sgIP_ARP_Init
 .text.sgIP_ARP_FlushInterface
                0x0000000002033df8       0x24 C:/devkitPro/libnds/lib\libdswifi9.a(sgIP_ARP.o)
                0x0000000002033df8                sgIP_ARP_FlushInterface
 .text.sgIP_ARP_SendARPResponse
                0x0000000002033e1c       0xd4 C:/devkitPro/libnds/lib\libdswifi9.a(sgIP_ARP.o)
                0x0000000002033e1c                sgIP_ARP_SendARPResponse
 .text.sgIP_ARP_SendGratARP
                0x0000000002033ef0       0xd4 C:/devkitPro/libnds/lib\libdswifi9.a(sgIP_ARP.o)
                0x0000000002033ef0                sgIP_ARP_SendGratARP
 .text.sgIP_ARP_SendARPRequest
                0x0000000002033fc4       0xc0 C:/devkitPro/libnds/lib\libdswifi9.a(sgIP_ARP.o)
                0x0000000002033fc4                sgIP_ARP_SendARPRequest
 .text.sgIP_ARP_Timer100ms
                0x0000000002034084       0x58 C:/devkitPro/libnds/lib\libdswifi9.a(sgIP_ARP.o)
                0x0000000002034084                sgIP_ARP_Timer100ms
 .text.sgIP_ARP_SendProtocolFrame
                0x00000000020340dc       0xe8 C:/devkitPro/libnds/lib\libdswifi9.a(sgIP_ARP.o)
                0x00000000020340dc                sgIP_ARP_SendProtocolFrame
 .text.sgIP_ARP_ProcessARPFrame
                0x00000000020341c4       0xdc C:/devkitPro/libnds/lib\libdswifi9.a(sgIP_ARP.o)
                0x00000000020341c4                sgIP_ARP_ProcessARPFrame
 .text.sgIP_Init
                0x00000000020342a0       0x3c C:/devkitPro/libnds/lib\libdswifi9.a(sgIP.o)
                0x00000000020342a0                sgIP_Init
 .text.sgIP_Timer
                0x00000000020342dc       0x6c C:/devkitPro/libnds/lib\libdswifi9.a(sgIP.o)
                0x00000000020342dc                sgIP_Timer
 .text.sgIP_UDP_Init
                0x0000000002034348       0x1c C:/devkitPro/libnds/lib\libdswifi9.a(sgIP_UDP.o)
                0x0000000002034348                sgIP_UDP_Init
 .text.sgIP_UDP_GetUnusedOutgoingPort
                0x0000000002034364       0x58 C:/devkitPro/libnds/lib\libdswifi9.a(sgIP_UDP.o)
                0x0000000002034364                sgIP_UDP_GetUnusedOutgoingPort
 .text.sgIP_UDP_CalcChecksum
                0x00000000020343bc       0x68 C:/devkitPro/libnds/lib\libdswifi9.a(sgIP_UDP.o)
                0x00000000020343bc                sgIP_UDP_CalcChecksum
 .text.sgIP_UDP_ReceivePacket
                0x0000000002034424       0x9c C:/devkitPro/libnds/lib\libdswifi9.a(sgIP_UDP.o)
                0x0000000002034424                sgIP_UDP_ReceivePacket
 .text.sgIP_UDP_SendPacket
                0x00000000020344c0       0xd0 C:/devkitPro/libnds/lib\libdswifi9.a(sgIP_UDP.o)
                0x00000000020344c0                sgIP_UDP_SendPacket
 .text.sgIP_UDP_AllocRecord
                0x0000000002034590       0x34 C:/devkitPro/libnds/lib\libdswifi9.a(sgIP_UDP.o)
                0x0000000002034590                sgIP_UDP_AllocRecord
 .text.sgIP_UDP_FreeRecord
                0x00000000020345c4       0x4c C:/devkitPro/libnds/lib\libdswifi9.a(sgIP_UDP.o)
                0x00000000020345c4                sgIP_UDP_FreeRecord
 .text.sgIP_UDP_Bind
                0x0000000002034610       0x38 C:/devkitPro/libnds/lib\libdswifi9.a(sgIP_UDP.o)
                0x0000000002034610                sgIP_UDP_Bind
 .text.sgIP_UDP_RecvFrom
                0x0000000002034648       0xc0 C:/devkitPro/libnds/lib\libdswifi9.a(sgIP_UDP.o)
                0x0000000002034648                sgIP_UDP_RecvFrom
 .text.sgIP_UDP_SendTo
                0x0000000002034708        0xe C:/devkitPro/libnds/lib\libdswifi9.a(sgIP_UDP.o)
                0x0000000002034708                sgIP_UDP_SendTo
 *fill*         0x0000000002034716        0x2 ff
 .text.sgIP_DHCP_Init
                0x0000000002034718       0x40 C:/devkitPro/libnds/lib\libdswifi9.a(sgIP_DHCP.o)
                0x0000000002034718                sgIP_DHCP_Init
 .text.sgIP_DHCP_SendDgram
                0x0000000002034758       0x6c C:/devkitPro/libnds/lib\libdswifi9.a(sgIP_DHCP.o)
                0x0000000002034758                sgIP_DHCP_SendDgram
 .text.sgIP_DHCP_BeginDgram
                0x00000000020347c4      0x1cc C:/devkitPro/libnds/lib\libdswifi9.a(sgIP_DHCP.o)
                0x00000000020347c4                sgIP_DHCP_BeginDgram
 .text.sgIP_DHCP_Terminate
                0x0000000002034990       0x34 C:/devkitPro/libnds/lib\libdswifi9.a(sgIP_DHCP.o)
                0x0000000002034990                sgIP_DHCP_Terminate
 .text.sgIP_DHCP_Start
                0x00000000020349c4       0xc0 C:/devkitPro/libnds/lib\libdswifi9.a(sgIP_DHCP.o)
                0x00000000020349c4                sgIP_DHCP_Start
 .text.sgIP_DHCP_Update
                0x0000000002034a84      0x3d8 C:/devkitPro/libnds/lib\libdswifi9.a(sgIP_DHCP.o)
                0x0000000002034a84                sgIP_DHCP_Update
 .text.gethostname
                0x0000000002034e5c       0x34 C:/devkitPro/libnds/lib\libdswifi9.a(sgIP_DHCP.o)
                0x0000000002034e5c                gethostname
 .text.sgIP_TCP_Init
                0x0000000002034e90       0x34 C:/devkitPro/libnds/lib\libdswifi9.a(sgIP_TCP.o)
                0x0000000002034e90                sgIP_TCP_Init
 .text.sgIP_TCP_support_seqhash
                0x0000000002034ec4       0x58 C:/devkitPro/libnds/lib\libdswifi9.a(sgIP_TCP.o)
                0x0000000002034ec4                sgIP_TCP_support_seqhash
 .text.sgIP_TCP_GetUnusedOutgoingPort
                0x0000000002034f1c       0x60 C:/devkitPro/libnds/lib\libdswifi9.a(sgIP_TCP.o)
                0x0000000002034f1c                sgIP_TCP_GetUnusedOutgoingPort
 .text.sgIP_TCP_CalcChecksum
                0x0000000002034f7c       0x58 C:/devkitPro/libnds/lib\libdswifi9.a(sgIP_TCP.o)
                0x0000000002034f7c                sgIP_TCP_CalcChecksum
 .text.sgIP_TCP_GenHeader
                0x0000000002034fd4       0x98 C:/devkitPro/libnds/lib\libdswifi9.a(sgIP_TCP.o)
                0x0000000002034fd4                sgIP_TCP_GenHeader
 .text.sgIP_TCP_FixChecksum
                0x000000000203506c       0x60 C:/devkitPro/libnds/lib\libdswifi9.a(sgIP_TCP.o)
                0x000000000203506c                sgIP_TCP_FixChecksum
 .text.sgIP_TCP_SendPacket
                0x00000000020350cc       0xc0 C:/devkitPro/libnds/lib\libdswifi9.a(sgIP_TCP.o)
                0x00000000020350cc                sgIP_TCP_SendPacket
 .text.sgIP_TCP_SendSynReply
                0x000000000203518c       0x9c C:/devkitPro/libnds/lib\libdswifi9.a(sgIP_TCP.o)
                0x000000000203518c                sgIP_TCP_SendSynReply
 .text.sgIP_TCP_Timer
                0x0000000002035228      0x1d0 C:/devkitPro/libnds/lib\libdswifi9.a(sgIP_TCP.o)
                0x0000000002035228                sgIP_TCP_Timer
 .text.sgIP_TCP_AllocRecord
                0x00000000020353f8       0x48 C:/devkitPro/libnds/lib\libdswifi9.a(sgIP_TCP.o)
                0x00000000020353f8                sgIP_TCP_AllocRecord
 .text.sgIP_TCP_ReceivePacket
                0x0000000002035440      0x4e8 C:/devkitPro/libnds/lib\libdswifi9.a(sgIP_TCP.o)
                0x0000000002035440                sgIP_TCP_ReceivePacket
 .text.sgIP_TCP_FreeRecord
                0x0000000002035928       0xcc C:/devkitPro/libnds/lib\libdswifi9.a(sgIP_TCP.o)
                0x0000000002035928                sgIP_TCP_FreeRecord
 .text.sgIP_TCP_Bind
                0x00000000020359f4       0x28 C:/devkitPro/libnds/lib\libdswifi9.a(sgIP_TCP.o)
                0x00000000020359f4                sgIP_TCP_Bind
 .text.sgIP_TCP_Close
                0x0000000002035a1c       0x30 C:/devkitPro/libnds/lib\libdswifi9.a(sgIP_TCP.o)
                0x0000000002035a1c                sgIP_TCP_Close
 .text.sgIP_TCP_Connect
                0x0000000002035a4c       0x7c C:/devkitPro/libnds/lib\libdswifi9.a(sgIP_TCP.o)
                0x0000000002035a4c                sgIP_TCP_Connect
 .text.sgIP_TCP_Send
                0x0000000002035ac8       0xf8 C:/devkitPro/libnds/lib\libdswifi9.a(sgIP_TCP.o)
                0x0000000002035ac8                sgIP_TCP_Send
 .text.sgIP_TCP_Recv
                0x0000000002035bc0       0xd4 C:/devkitPro/libnds/lib\libdswifi9.a(sgIP_TCP.o)
                0x0000000002035bc0                sgIP_TCP_Recv
 .text.sgIP_IP_ReceivePacket
                0x0000000002035c94       0x94 C:/devkitPro/libnds/lib\libdswifi9.a(sgIP_IP.o)
                0x0000000002035c94                sgIP_IP_ReceivePacket
 .text.sgIP_IP_MaxContentsSize
                0x0000000002035d28        0xa C:/devkitPro/libnds/lib\libdswifi9.a(sgIP_IP.o)
                0x0000000002035d28                sgIP_IP_MaxContentsSize
 .text.sgIP_IP_RequiredHeaderSize
                0x0000000002035d32        0x4 C:/devkitPro/libnds/lib\libdswifi9.a(sgIP_IP.o)
                0x0000000002035d32                sgIP_IP_RequiredHeaderSize
 *fill*         0x0000000002035d36        0x2 ff
 .text.sgIP_IP_SendViaIP
                0x0000000002035d38       0x88 C:/devkitPro/libnds/lib\libdswifi9.a(sgIP_IP.o)
                0x0000000002035d38                sgIP_IP_SendViaIP
 .text.sgIP_IP_GetLocalBindAddr
                0x0000000002035dc0        0xe C:/devkitPro/libnds/lib\libdswifi9.a(sgIP_IP.o)
                0x0000000002035dc0                sgIP_IP_GetLocalBindAddr
 *fill*         0x0000000002035dce        0x2 ff
 .text.sgIP_ICMP_ReceivePacket
                0x0000000002035dd0       0x58 C:/devkitPro/libnds/lib\libdswifi9.a(sgIP_ICMP.o)
                0x0000000002035dd0                sgIP_ICMP_ReceivePacket
 .text.vramSetPrimaryBanks
                0x0000000002035e28       0x44 C:/devkitPro/libnds/lib\libnds9.a(video.o)
                0x0000000002035e28                vramSetPrimaryBanks
 .text.vramRestorePrimaryBanks
                0x0000000002035e6c        0xc C:/devkitPro/libnds/lib\libnds9.a(video.o)
                0x0000000002035e6c                vramRestorePrimaryBanks
 .text.vramDefault
                0x0000000002035e78       0xd0 C:/devkitPro/libnds/lib\libnds9.a(video.o)
                0x0000000002035e78                vramDefault
 .text.touchRead
                0x0000000002035f48       0x24 C:/devkitPro/libnds/lib\libnds9.a(touch.o)
                0x0000000002035f48                touchRead
 .text.__sassert
                0x0000000002035f6c       0x38 C:/devkitPro/libnds/lib\libnds9.a(sassert.o)
                0x0000000002035f6c                __sassert
 .text.systemValueHandler
                0x0000000002035fa4       0x48 C:/devkitPro/libnds/lib\libnds9.a(system.o)
                0x0000000002035fa4                systemValueHandler
 .text.systemMsgHandler
                0x0000000002035fec       0x60 C:/devkitPro/libnds/lib\libnds9.a(system.o)
                0x0000000002035fec                systemMsgHandler
 .text.powerOn  0x000000000203604c       0x2c C:/devkitPro/libnds/lib\libnds9.a(system.o)
                0x000000000203604c                powerOn
 .text.powerOff
                0x0000000002036078       0x28 C:/devkitPro/libnds/lib\libnds9.a(system.o)
                0x0000000002036078                powerOff
 .text.isRumbleInserted
                0x00000000020360a0       0x88 C:/devkitPro/libnds/lib\libnds9.a(rumble.o)
                0x00000000020360a0                isRumbleInserted
 .text.setRumble
                0x0000000002036128       0x2c C:/devkitPro/libnds/lib\libnds9.a(rumble.o)
                0x0000000002036128                setRumble
 .text.newRow   0x0000000002036154       0xb0 C:/devkitPro/libnds/lib\libnds9.a(console.o)
 .text.consolePrintChar
                0x0000000002036204       0xec C:/devkitPro/libnds/lib\libnds9.a(console.o)
                0x0000000002036204                consolePrintChar
 .text.con_write
                0x00000000020362f0      0x374 C:/devkitPro/libnds/lib\libnds9.a(console.o)
                0x00000000020362f0                con_write
 .text.consoleLoadFont
                0x0000000002036664      0x2a8 C:/devkitPro/libnds/lib\libnds9.a(console.o)
                0x0000000002036664                consoleLoadFont
 .text.consoleInit
                0x000000000203690c      0x194 C:/devkitPro/libnds/lib\libnds9.a(console.o)
                0x000000000203690c                consoleInit
 .text.consoleDemoInit
                0x0000000002036aa0       0x40 C:/devkitPro/libnds/lib\libnds9.a(console.o)
                0x0000000002036aa0                consoleDemoInit
 .text.sinLutLookup
                0x0000000002036ae0       0x38 C:/devkitPro/libnds/lib\libnds9.a(trig.o)
                0x0000000002036ae0                sinLutLookup
 .text.sinLerp  0x0000000002036b18       0x40 C:/devkitPro/libnds/lib\libnds9.a(trig.o)
                0x0000000002036b18                sinLerp
 .text.cosLerp  0x0000000002036b58       0x4c C:/devkitPro/libnds/lib\libnds9.a(trig.o)
                0x0000000002036b58                cosLerp
 .text.tanLerp  0x0000000002036ba4       0xa4 C:/devkitPro/libnds/lib\libnds9.a(trig.o)
                0x0000000002036ba4                tanLerp
 .text.scanKeys
                0x0000000002036c48       0x8c C:/devkitPro/libnds/lib\libnds9.a(keys.o)
                0x0000000002036c48                scanKeys
 .text.keysHeld
                0x0000000002036cd4        0xc C:/devkitPro/libnds/lib\libnds9.a(keys.o)
                0x0000000002036cd4                keysHeld
 .text.keysDown
                0x0000000002036ce0       0x14 C:/devkitPro/libnds/lib\libnds9.a(keys.o)
                0x0000000002036ce0                keysDown
 .text.keysUp   0x0000000002036cf4       0x18 C:/devkitPro/libnds/lib\libnds9.a(keys.o)
                0x0000000002036cf4                keysUp
 .text.dldiGetInternal
                0x0000000002036d0c       0x34 C:/devkitPro/libnds/lib\libnds9.a(dldi.o)
                0x0000000002036d0c                dldiGetInternal
 .text.get_io_dsisd
                0x0000000002036d40       0x24 C:/devkitPro/libnds/lib\libnds9.a(dldi.o)
                0x0000000002036d40                get_io_dsisd
 .text.initSystem
                0x0000000002036d64      0x198 C:/devkitPro/libnds/lib\libnds9.a(initSystem.o)
                0x0000000002036d64                initSystem
 .text.__libnds_gtod
                0x0000000002036efc       0x28 C:/devkitPro/libnds/lib\libnds9.a(timeSupport.o)
                0x0000000002036efc                __libnds_gtod
 .text.irqDummy
                0x0000000002036f24        0x4 C:/devkitPro/libnds/lib\libnds9.a(interrupts.o)
                0x0000000002036f24                irqDummy
 .text.irqSet   0x0000000002036f28       0x6c C:/devkitPro/libnds/lib\libnds9.a(interrupts.o)
                0x0000000002036f28                irqSet
 .text.irqInit  0x0000000002036f94       0x50 C:/devkitPro/libnds/lib\libnds9.a(interrupts.o)
                0x0000000002036f94                irqInit
 .text.irqEnable
                0x0000000002036fe4       0x64 C:/devkitPro/libnds/lib\libnds9.a(interrupts.o)
                0x0000000002036fe4                irqEnable
 .text.systemErrorExit
                0x0000000002037048        0x4 C:/devkitPro/libnds/lib\libnds9.a(libnds_exit.arm.o)
                0x0000000002037048                systemErrorExit
 .text.__libnds_exit
                0x000000000203704c       0x5c C:/devkitPro/libnds/lib\libnds9.a(libnds_exit.arm.o)
                0x000000000203704c                __libnds_exit
 .text.fifo_queueBlock
                0x00000000020370a8       0x44 C:/devkitPro/libnds/lib\libnds9.a(fifosystem.o)
 .text.fifo_waitBlock
                0x00000000020370ec       0x80 C:/devkitPro/libnds/lib\libnds9.a(fifosystem.o)
 .text.fifoInternalSend.part.0
                0x000000000203716c       0xd4 C:/devkitPro/libnds/lib\libnds9.a(fifosystem.o)
 .text.fifoInternalSendInterrupt
                0x0000000002037240       0xa8 C:/devkitPro/libnds/lib\libnds9.a(fifosystem.o)
 .text.fifoSetValue32Handler
                0x00000000020372e8       0xd8 C:/devkitPro/libnds/lib\libnds9.a(fifosystem.o)
                0x00000000020372e8                fifoSetValue32Handler
 .text.fifoSendAddress
                0x00000000020373c0       0x38 C:/devkitPro/libnds/lib\libnds9.a(fifosystem.o)
                0x00000000020373c0                fifoSendAddress
 .text.fifoSendValue32
                0x00000000020373f8       0x4c C:/devkitPro/libnds/lib\libnds9.a(fifosystem.o)
                0x00000000020373f8                fifoSendValue32
 .text.fifoSendDatamsg
                0x0000000002037444       0x90 C:/devkitPro/libnds/lib\libnds9.a(fifosystem.o)
                0x0000000002037444                fifoSendDatamsg
 .text.fifoGetValue32
                0x00000000020374d4       0x70 C:/devkitPro/libnds/lib\libnds9.a(fifosystem.o)
                0x00000000020374d4                fifoGetValue32
 .text.fifoGetDatamsg
                0x0000000002037544       0xf4 C:/devkitPro/libnds/lib\libnds9.a(fifosystem.o)
                0x0000000002037544                fifoGetDatamsg
 .text.fifoInternalRecvInterrupt
                0x0000000002037638      0x380 C:/devkitPro/libnds/lib\libnds9.a(fifosystem.o)
 .text.fifoSetDatamsgHandler
                0x00000000020379b8       0x9c C:/devkitPro/libnds/lib\libnds9.a(fifosystem.o)
                0x00000000020379b8                fifoSetDatamsgHandler
 .text.fifoCheckValue32
                0x0000000002037a54       0x24 C:/devkitPro/libnds/lib\libnds9.a(fifosystem.o)
                0x0000000002037a54                fifoCheckValue32
 .text.fifoInit
                0x0000000002037a78       0xf8 C:/devkitPro/libnds/lib\libnds9.a(fifosystem.o)
                0x0000000002037a78                fifoInit
 .text.DC_FlushAll
                0x0000000002037b70       0x2c C:/devkitPro/libnds/lib\libnds9.a(dcache.o)
                0x0000000002037b70                DC_FlushAll
 .text.DC_FlushRange
                0x0000000002037b9c       0x24 C:/devkitPro/libnds/lib\libnds9.a(dcache.o)
                0x0000000002037b9c                DC_FlushRange
 .text.__libnds_mpu_setup
                0x0000000002037bc0      0x174 C:/devkitPro/libnds/lib\libnds9.a(mpu_setup.o)
                0x0000000002037bc0                __libnds_mpu_setup
 .text.memUncached
                0x0000000002037d34       0x20 C:/devkitPro/libnds/lib\libnds9.a(mpu_setup.o)
                0x0000000002037d34                memUncached
 .text.swiWaitForVBlank
                0x0000000002037d54        0x8 C:/devkitPro/libnds/lib\libnds9.a(IntrWait.o)
                0x0000000002037d54                swiWaitForVBlank
 .text.swiIntrWait
                0x0000000002037d5c       0x70 C:/devkitPro/libnds/lib\libnds9.a(IntrWait.o)
                0x0000000002037d5c                swiIntrWait
 .text.setCpuClock